#-----------------------------------------------------------
# Vivado v2018.3 (64-bit)
# SW Build 2405991 on Thu Dec  6 23:38:27 MST 2018
# IP Build 2404404 on Fri Dec  7 01:43:56 MST 2018
# Start of session at: Thu Feb 16 14:46:31 2023
# Process ID: 3860
# Current directory: C:/Users/pacel/Desktop/Work/Pitt/semesters/Spring_2023/ECE_1195/lab_3
# Command line: vivado.exe -gui_launcher_event rodinguilauncherevent19812 C:\Users\pacel\Desktop\Work\Pitt\semesters\Spring_2023\ECE_1195\lab_3\lab_3.xpr
# Log file: C:/Users/pacel/Desktop/Work/Pitt/semesters/Spring_2023/ECE_1195/lab_3/vivado.log
# Journal file: C:/Users/pacel/Desktop/Work/Pitt/semesters/Spring_2023/ECE_1195/lab_3\vivado.jou
#-----------------------------------------------------------
start_gui
open_project C:/Users/pacel/Desktop/Work/Pitt/semesters/Spring_2023/ECE_1195/lab_3/lab_3.xpr
update_compile_order -fileset sources_1
open_bd_design {C:/Users/pacel/Desktop/Work/Pitt/semesters/Spring_2023/ECE_1195/lab_3/lab_3.srcs/sources_1/bd/lab_3/lab_3.bd}
ipx::edit_ip_in_project -upgrade true -name multiplier_v1_0_project -directory C:/Users/pacel/Desktop/Work/Pitt/semesters/Spring_2023/ECE_1195/lab_3/lab_3.tmp/multiplier_v1_0_project c:/Users/pacel/Desktop/Work/Pitt/semesters/Spring_2023/ECE_1195/ip_repo/multiplier/component.xml
update_compile_order -fileset sources_1
launch_simulation
set_property library xil_defaultlib [get_files *.vhd]
close [ open C:/Users/pacel/Desktop/Work/Pitt/semesters/Spring_2023/ECE_1195/ip_repo/multiplier/src/controller.vhd w ]
add_files C:/Users/pacel/Desktop/Work/Pitt/semesters/Spring_2023/ECE_1195/ip_repo/multiplier/src/controller.vhd
update_compile_order -fileset sources_1
launch_simulation
launch_simulation
source multiplier.tcl
save_wave_config {C:/Users/pacel/Desktop/Work/Pitt/semesters/Spring_2023/ECE_1195/lab_3/lab_3.tmp/multiplier_v1_0_project/multiplier_behav.wcfg}
add_force {/multiplier/clk} -radix hex {1 0ns} {0 10000000ps} -repeat_every 20000000ps
run 1000 us
restart
run 1000 us
save_wave_config {C:/Users/pacel/Desktop/Work/Pitt/semesters/Spring_2023/ECE_1195/lab_3/lab_3.tmp/multiplier_v1_0_project/multiplier_behav.wcfg}
close_sim
close_project
ipx::edit_ip_in_project -upgrade true -name multiplier_v1_0_project -directory C:/Users/pacel/Desktop/Work/Pitt/semesters/Spring_2023/ECE_1195/lab_3/lab_3.tmp/multiplier_v1_0_project c:/Users/pacel/Desktop/Work/Pitt/semesters/Spring_2023/ECE_1195/ip_repo/multiplier/component.xml
update_compile_order -fileset sources_1
add_files -norecurse -copy_to c:/Users/pacel/Desktop/Work/Pitt/semesters/Spring_2023/ECE_1195/ip_repo/multiplier/src C:/Users/pacel/Desktop/Work/Pitt/semesters/Spring_2023/ECE_1195/ip_repo/multiplier/src/controller.vhd
launch_simulation
set_property library xil_defaultlib [get_files *.vhd]
launch_simulation
source multiplier.tcl
save_wave_config {C:/Users/pacel/Desktop/Work/Pitt/semesters/Spring_2023/ECE_1195/lab_3/lab_3.tmp/multiplier_v1_0_project/multiplier_behav.wcfg}
add_force {/multiplier/clk} -radix hex {1 0ns} {0 10000000ps} -repeat_every 20000000ps
run 1 ms
add_force {/multiplier/A} -radix hex {1 0ns}
add_force {/multiplier/B} -radix hex {0 0ns}
add_force {/multiplier/rst} -radix hex {0 0ns}
restart
run 1000 us
source C:/Users/pacel/Desktop/Work/Pitt/semesters/Spring_2023/ECE_1195/ip_repo/multiplier/xgui/multiplier_tb.tcl -notrace
source C:/Users/pacel/Desktop/Work/Pitt/semesters/Spring_2023/ECE_1195/ip_repo/multiplier/xgui/multiplier_tb.tcl -notrace
source C:/Users/pacel/Desktop/Work/Pitt/semesters/Spring_2023/ECE_1195/ip_repo/multiplier/xgui/multiplier_tb.tcl -notrace
source C:/Users/pacel/Desktop/Work/Pitt/semesters/Spring_2023/ECE_1195/ip_repo/multiplier/xgui/multiplier_tb.tcl -notrace
add_files -norecurse -copy_to c:/Users/pacel/Desktop/Work/Pitt/semesters/Spring_2023/ECE_1195/ip_repo/multiplier/src C:/Users/pacel/Desktop/Work/Pitt/semesters/Spring_2023/ECE_1195/ip_repo/multiplier/src/controller.vhd
add_files -norecurse -copy_to c:/Users/pacel/Desktop/Work/Pitt/semesters/Spring_2023/ECE_1195/ip_repo/multiplier/src C:/Users/pacel/Desktop/Work/Pitt/semesters/Spring_2023/ECE_1195/ip_repo/multiplier/src/controller.vhd -force
update_compile_order -fileset sources_1
add_files -norecurse -copy_to c:/Users/pacel/Desktop/Work/Pitt/semesters/Spring_2023/ECE_1195/ip_repo/multiplier/src C:/Users/pacel/Desktop/Work/Pitt/semesters/Spring_2023/ECE_1195/ip_repo/multiplier/src/ALU.vhd
add_files -norecurse -copy_to c:/Users/pacel/Desktop/Work/Pitt/semesters/Spring_2023/ECE_1195/ip_repo/multiplier/src C:/Users/pacel/Desktop/Work/Pitt/semesters/Spring_2023/ECE_1195/ip_repo/multiplier/src/ALU.vhd -force
update_compile_order -fileset sources_1
add_files -norecurse -copy_to c:/Users/pacel/Desktop/Work/Pitt/semesters/Spring_2023/ECE_1195/ip_repo/multiplier/src {C:/Users/pacel/Desktop/Work/Pitt/semesters/Spring_2023/ECE_1195/ip_repo/multiplier/src/Arith_Unit.vhd C:/Users/pacel/Desktop/Work/Pitt/semesters/Spring_2023/ECE_1195/ip_repo/multiplier/src/Shift_Unit.vhd C:/Users/pacel/Desktop/Work/Pitt/semesters/Spring_2023/ECE_1195/ip_repo/multiplier/src/Comparator.vhd C:/Users/pacel/Desktop/Work/Pitt/semesters/Spring_2023/ECE_1195/ip_repo/multiplier/src/Logic_Unit.vhd}
add_files -norecurse -copy_to c:/Users/pacel/Desktop/Work/Pitt/semesters/Spring_2023/ECE_1195/ip_repo/multiplier/src {C:/Users/pacel/Desktop/Work/Pitt/semesters/Spring_2023/ECE_1195/ip_repo/multiplier/src/Arith_Unit.vhd C:/Users/pacel/Desktop/Work/Pitt/semesters/Spring_2023/ECE_1195/ip_repo/multiplier/src/Shift_Unit.vhd C:/Users/pacel/Desktop/Work/Pitt/semesters/Spring_2023/ECE_1195/ip_repo/multiplier/src/Comparator.vhd C:/Users/pacel/Desktop/Work/Pitt/semesters/Spring_2023/ECE_1195/ip_repo/multiplier/src/Logic_Unit.vhd} -force
update_compile_order -fileset sources_1
save_wave_config {C:/Users/pacel/Desktop/Work/Pitt/semesters/Spring_2023/ECE_1195/lab_3/lab_3.tmp/multiplier_v1_0_project/multiplier_behav.wcfg}
save
save_design
save_constraints
save_constraints
restart
run 1000 us
save_wave_config {C:/Users/pacel/Desktop/Work/Pitt/semesters/Spring_2023/ECE_1195/lab_3/lab_3.tmp/multiplier_v1_0_project/multiplier_behav.wcfg}
add_bp {c:/Users/pacel/Desktop/Work/Pitt/semesters/Spring_2023/ECE_1195/ip_repo/multiplier/src/multiplier.vhd} 133
restart
run 1000 us
step
relaunch_sim
relaunch_sim
close_sim
export_ip_user_files -of_objects  [get_files c:/Users/pacel/Desktop/Work/Pitt/semesters/Spring_2023/ECE_1195/ip_repo/multiplier/src/ALU.vhd] -no_script -reset -force -quiet
remove_files  c:/Users/pacel/Desktop/Work/Pitt/semesters/Spring_2023/ECE_1195/ip_repo/multiplier/src/ALU.vhd
update_compile_order -fileset sources_1
export_ip_user_files -of_objects  [get_files c:/Users/pacel/Desktop/Work/Pitt/semesters/Spring_2023/ECE_1195/ip_repo/multiplier/src/Comparator.vhd] -no_script -reset -force -quiet
export_ip_user_files -of_objects  [get_files c:/Users/pacel/Desktop/Work/Pitt/semesters/Spring_2023/ECE_1195/ip_repo/multiplier/src/Logic_Unit.vhd] -no_script -reset -force -quiet
export_ip_user_files -of_objects  [get_files c:/Users/pacel/Desktop/Work/Pitt/semesters/Spring_2023/ECE_1195/ip_repo/multiplier/src/Shift_Unit.vhd] -no_script -reset -force -quiet
remove_files  {c:/Users/pacel/Desktop/Work/Pitt/semesters/Spring_2023/ECE_1195/ip_repo/multiplier/src/Comparator.vhd c:/Users/pacel/Desktop/Work/Pitt/semesters/Spring_2023/ECE_1195/ip_repo/multiplier/src/Logic_Unit.vhd c:/Users/pacel/Desktop/Work/Pitt/semesters/Spring_2023/ECE_1195/ip_repo/multiplier/src/Shift_Unit.vhd}
update_compile_order -fileset sources_1
launch_simulation
launch_simulation
launch_simulation
source multiplier.tcl
remove_bps -file {c:/Users/pacel/Desktop/Work/Pitt/semesters/Spring_2023/ECE_1195/ip_repo/multiplier/src/multiplier.vhd} -line 133
restart
run 1000 us
source C:/Users/pacel/Desktop/Work/Pitt/semesters/Spring_2023/ECE_1195/ip_repo/multiplier/xgui/multiplier_tb.tcl -notrace
save_wave_config {C:/Users/pacel/Desktop/Work/Pitt/semesters/Spring_2023/ECE_1195/lab_3/lab_3.tmp/multiplier_v1_0_project/multiplier_behav.wcfg}
add_bp {c:/Users/pacel/Desktop/Work/Pitt/semesters/Spring_2023/ECE_1195/ip_repo/multiplier/src/multiplier.vhd} 133
restart
run 1000 us
run 1000 us
remove_bps -file {c:/Users/pacel/Desktop/Work/Pitt/semesters/Spring_2023/ECE_1195/ip_repo/multiplier/src/multiplier.vhd} -line 133
restart
run 1000 us
source C:/Users/pacel/Desktop/Work/Pitt/semesters/Spring_2023/ECE_1195/ip_repo/multiplier/xgui/multiplier_tb.tcl -notrace
source C:/Users/pacel/Desktop/Work/Pitt/semesters/Spring_2023/ECE_1195/ip_repo/multiplier/xgui/multiplier_tb.tcl -notrace
source C:/Users/pacel/Desktop/Work/Pitt/semesters/Spring_2023/ECE_1195/ip_repo/multiplier/xgui/multiplier_tb.tcl -notrace
source C:/Users/pacel/Desktop/Work/Pitt/semesters/Spring_2023/ECE_1195/ip_repo/multiplier/xgui/multiplier_tb.tcl -notrace
source C:/Users/pacel/Desktop/Work/Pitt/semesters/Spring_2023/ECE_1195/ip_repo/multiplier/xgui/multiplier_tb.tcl -notrace
source C:/Users/pacel/Desktop/Work/Pitt/semesters/Spring_2023/ECE_1195/ip_repo/multiplier/xgui/multiplier_tb.tcl -notrace
source C:/Users/pacel/Desktop/Work/Pitt/semesters/Spring_2023/ECE_1195/ip_repo/multiplier/xgui/multiplier_tb.tcl -notrace
source C:/Users/pacel/Desktop/Work/Pitt/semesters/Spring_2023/ECE_1195/ip_repo/multiplier/xgui/multiplier_tb.tcl -notrace
source C:/Users/pacel/Desktop/Work/Pitt/semesters/Spring_2023/ECE_1195/ip_repo/multiplier/xgui/multiplier_tb.tcl -notrace
source C:/Users/pacel/Desktop/Work/Pitt/semesters/Spring_2023/ECE_1195/ip_repo/multiplier/xgui/multiplier_tb.tcl -notrace
source C:/Users/pacel/Desktop/Work/Pitt/semesters/Spring_2023/ECE_1195/ip_repo/multiplier/xgui/multiplier_tb.tcl -notrace
source C:/Users/pacel/Desktop/Work/Pitt/semesters/Spring_2023/ECE_1195/ip_repo/multiplier/xgui/multiplier_tb.tcl -notrace
source C:/Users/pacel/Desktop/Work/Pitt/semesters/Spring_2023/ECE_1195/ip_repo/multiplier/xgui/multiplier_tb.tcl -notrace
source C:/Users/pacel/Desktop/Work/Pitt/semesters/Spring_2023/ECE_1195/ip_repo/multiplier/xgui/multiplier_tb.tcl -notrace
source C:/Users/pacel/Desktop/Work/Pitt/semesters/Spring_2023/ECE_1195/ip_repo/multiplier/xgui/multiplier_tb.tcl -notrace
source C:/Users/pacel/Desktop/Work/Pitt/semesters/Spring_2023/ECE_1195/ip_repo/multiplier/xgui/multiplier_tb.tcl -notrace
source C:/Users/pacel/Desktop/Work/Pitt/semesters/Spring_2023/ECE_1195/ip_repo/multiplier/xgui/multiplier_tb.tcl -notrace
source C:/Users/pacel/Desktop/Work/Pitt/semesters/Spring_2023/ECE_1195/ip_repo/multiplier/xgui/multiplier_tb.tcl -notrace
source C:/Users/pacel/Desktop/Work/Pitt/semesters/Spring_2023/ECE_1195/ip_repo/multiplier/xgui/multiplier_tb.tcl -notrace
source C:/Users/pacel/Desktop/Work/Pitt/semesters/Spring_2023/ECE_1195/ip_repo/multiplier/xgui/multiplier_tb.tcl -notrace
source C:/Users/pacel/Desktop/Work/Pitt/semesters/Spring_2023/ECE_1195/ip_repo/multiplier/xgui/multiplier_tb.tcl -notrace
source C:/Users/pacel/Desktop/Work/Pitt/semesters/Spring_2023/ECE_1195/ip_repo/multiplier/xgui/multiplier_tb.tcl -notrace
source C:/Users/pacel/Desktop/Work/Pitt/semesters/Spring_2023/ECE_1195/ip_repo/multiplier/xgui/multiplier_tb.tcl -notrace
source C:/Users/pacel/Desktop/Work/Pitt/semesters/Spring_2023/ECE_1195/ip_repo/multiplier/xgui/multiplier_tb.tcl -notrace
source C:/Users/pacel/Desktop/Work/Pitt/semesters/Spring_2023/ECE_1195/ip_repo/multiplier/xgui/multiplier_tb.tcl -notrace
source C:/Users/pacel/Desktop/Work/Pitt/semesters/Spring_2023/ECE_1195/ip_repo/multiplier/xgui/multiplier_tb.tcl -notrace
source C:/Users/pacel/Desktop/Work/Pitt/semesters/Spring_2023/ECE_1195/ip_repo/multiplier/xgui/multiplier_tb.tcl -notrace
source C:/Users/pacel/Desktop/Work/Pitt/semesters/Spring_2023/ECE_1195/ip_repo/multiplier/xgui/multiplier_tb.tcl -notrace
source C:/Users/pacel/Desktop/Work/Pitt/semesters/Spring_2023/ECE_1195/ip_repo/multiplier/xgui/multiplier_tb.tcl -notrace
source C:/Users/pacel/Desktop/Work/Pitt/semesters/Spring_2023/ECE_1195/ip_repo/multiplier/xgui/multiplier_tb.tcl -notrace
source C:/Users/pacel/Desktop/Work/Pitt/semesters/Spring_2023/ECE_1195/ip_repo/multiplier/xgui/multiplier_tb.tcl -notrace
source C:/Users/pacel/Desktop/Work/Pitt/semesters/Spring_2023/ECE_1195/ip_repo/multiplier/xgui/multiplier_tb.tcl -notrace
source C:/Users/pacel/Desktop/Work/Pitt/semesters/Spring_2023/ECE_1195/ip_repo/multiplier/xgui/multiplier_tb.tcl -notrace
source C:/Users/pacel/Desktop/Work/Pitt/semesters/Spring_2023/ECE_1195/ip_repo/multiplier/xgui/multiplier_tb.tcl -notrace
source C:/Users/pacel/Desktop/Work/Pitt/semesters/Spring_2023/ECE_1195/ip_repo/multiplier/xgui/multiplier_tb.tcl -notrace
save_wave_config {C:/Users/pacel/Desktop/Work/Pitt/semesters/Spring_2023/ECE_1195/lab_3/lab_3.tmp/multiplier_v1_0_project/multiplier_behav.wcfg}
save_wave_config {C:/Users/pacel/Desktop/Work/Pitt/semesters/Spring_2023/ECE_1195/lab_3/lab_3.tmp/multiplier_v1_0_project/multiplier_behav.wcfg}
source C:/Users/pacel/Desktop/Work/Pitt/semesters/Spring_2023/ECE_1195/ip_repo/multiplier/xgui/multiplier_tb.tcl -notrace
source C:/Users/pacel/Desktop/Work/Pitt/semesters/Spring_2023/ECE_1195/ip_repo/multiplier/xgui/multiplier_tb.tcl -notrace
source C:/Users/pacel/Desktop/Work/Pitt/semesters/Spring_2023/ECE_1195/ip_repo/multiplier/xgui/multiplier_tb.tcl -notrace
source C:/Users/pacel/Desktop/Work/Pitt/semesters/Spring_2023/ECE_1195/ip_repo/multiplier/xgui/multiplier_tb.tcl -notrace
close_sim
close_project
update_ip_catalog -rebuild -scan_changes
report_ip_status -name ip_status
upgrade_ip -vlnv xilinx.com:user:multiplier:1.0 [get_ips  lab_3_multiplier_0_0] -log ip_upgrade.log
export_ip_user_files -of_objects [get_ips lab_3_multiplier_0_0] -no_script -sync -force -quiet
report_ip_status -name ip_status 
ipx::edit_ip_in_project -upgrade true -name multiplier_v1_0_project -directory C:/Users/pacel/Desktop/Work/Pitt/semesters/Spring_2023/ECE_1195/lab_3/lab_3.tmp/multiplier_v1_0_project c:/Users/pacel/Desktop/Work/Pitt/semesters/Spring_2023/ECE_1195/ip_repo/multiplier/component.xml
update_compile_order -fileset sources_1
ipx::add_file C:/Users/pacel/Desktop/Work/Pitt/semesters/Spring_2023/ECE_1195/ip_repo/multiplier/xgui/multiplier_v1_0.tcl [ipx::get_file_groups xilinx_xpgui -of_objects [ipx::current_core]]
set_property type tclSource [ipx::get_files C:/Users/pacel/Desktop/Work/Pitt/semesters/Spring_2023/ECE_1195/ip_repo/multiplier/xgui/multiplier_v1_0.tcl -of_objects [ipx::get_file_groups xilinx_xpgui -of_objects [ipx::current_core]]]
ipx::remove_file C:/Users/pacel/Desktop/Work/Pitt/semesters/Spring_2023/ECE_1195/ip_repo/multiplier/xgui/multiplier_v1_0.tcl [ipx::get_file_groups xilinx_xpgui -of_objects [ipx::current_core]]
set_property core_revision 6 [ipx::current_core]
ipx::update_source_project_archive -component [ipx::current_core]
ipx::update_checksums [ipx::current_core]
ipx::save_core [ipx::current_core]
ipx::move_temp_component_back -component [ipx::current_core]
close_project -delete
update_ip_catalog -rebuild -repo_path c:/Users/pacel/Desktop/Work/Pitt/semesters/Spring_2023/ECE_1195/ip_repo
ipx::edit_ip_in_project -upgrade true -name multiplier_v1_1_project -directory C:/Users/pacel/Desktop/Work/Pitt/semesters/Spring_2023/ECE_1195/lab_3/lab_3.tmp/multiplier_v1_1_project c:/Users/pacel/Desktop/Work/Pitt/semesters/Spring_2023/ECE_1195/ip_repo/multiplier/component.xml
update_compile_order -fileset sources_1
set_property core_revision 7 [ipx::current_core]
ipx::update_source_project_archive -component [ipx::current_core]
ipx::update_checksums [ipx::current_core]
ipx::save_core [ipx::current_core]
ipx::remove_file_group xilinx_xpgui [ipx::current_core]
set_property core_revision 8 [ipx::current_core]
ipx::update_source_project_archive -component [ipx::current_core]
ipx::update_checksums [ipx::current_core]
ipx::save_core [ipx::current_core]
ipx::add_file_group -type gui {} [ipx::current_core]
ipx::add_file_group -type gui_custom {} [ipx::current_core]
ipx::remove_file_group xilinx_xpguicustom [ipx::current_core]
ipx::add_file C:/Users/pacel/Desktop/Work/Pitt/semesters/Spring_2023/ECE_1195/ip_repo/multiplier/xgui/multiplier_v1_0.tcl [ipx::get_file_groups xilinx_xpgui -of_objects [ipx::current_core]]
set_property type tclSource [ipx::get_files C:/Users/pacel/Desktop/Work/Pitt/semesters/Spring_2023/ECE_1195/ip_repo/multiplier/xgui/multiplier_v1_0.tcl -of_objects [ipx::get_file_groups xilinx_xpgui -of_objects [ipx::current_core]]]
ipx::remove_file C:/Users/pacel/Desktop/Work/Pitt/semesters/Spring_2023/ECE_1195/ip_repo/multiplier/xgui/multiplier_v1_0.tcl [ipx::get_file_groups xilinx_xpgui -of_objects [ipx::current_core]]
ipx::add_file C:/Users/pacel/Desktop/Work/Pitt/semesters/Spring_2023/ECE_1195/ip_repo/multiplier/xgui/multiplier_v1_0.tcl [ipx::get_file_groups xilinx_xpgui -of_objects [ipx::current_core]]
set_property type tclSource [ipx::get_files C:/Users/pacel/Desktop/Work/Pitt/semesters/Spring_2023/ECE_1195/ip_repo/multiplier/xgui/multiplier_v1_0.tcl -of_objects [ipx::get_file_groups xilinx_xpgui -of_objects [ipx::current_core]]]
ipx::remove_file C:/Users/pacel/Desktop/Work/Pitt/semesters/Spring_2023/ECE_1195/ip_repo/multiplier/xgui/multiplier_v1_0.tcl [ipx::get_file_groups xilinx_xpgui -of_objects [ipx::current_core]]
close_project
delete_bd_objs [get_bd_nets axi_regmap_0_REG0_OUT] [get_bd_nets axi_regmap_0_REG1_OUT] [get_bd_nets axi_regmap_0_REG2_OUT] [get_bd_nets multiplier_0_done] [get_bd_cells multiplier_0]
update_ip_catalog -delete_ip xilinx.com:user:multiplier:1.0 -repo_path c:/Users/pacel/Desktop/Work/Pitt/semesters/Spring_2023/ECE_1195/ip_repo
report_ip_status -name ip_status 
ipx::infer_core -vendor xilinx.com -library user -taxonomy /UserIP C:/Users/pacel/Desktop/Work/Pitt/semesters/Spring_2023/ECE_1195/ip_repo/multiplier
ipx::edit_ip_in_project -upgrade true -name edit_ip_project -directory C:/Users/pacel/Desktop/Work/Pitt/semesters/Spring_2023/ECE_1195/lab_3/lab_3.tmp c:/Users/pacel/Desktop/Work/Pitt/semesters/Spring_2023/ECE_1195/ip_repo/multiplier/component.xml
ipx::current_core c:/Users/pacel/Desktop/Work/Pitt/semesters/Spring_2023/ECE_1195/ip_repo/multiplier/component.xml
update_compile_order -fileset sources_1
close_project
update_ip_catalog -rebuild
set_property  ip_repo_paths  {} [current_project]
update_ip_catalog
set_property  ip_repo_paths  C:/Users/pacel/Desktop/Work/Pitt/semesters/Spring_2023/ECE_1195/ip_repo [current_project]
update_ip_catalog
update_ip_catalog -rebuild
ipx::edit_ip_in_project -upgrade true -name multiplier_v1_0_project -directory C:/Users/pacel/Desktop/Work/Pitt/semesters/Spring_2023/ECE_1195/lab_3/lab_3.tmp/multiplier_v1_0_project c:/Users/pacel/Desktop/Work/Pitt/semesters/Spring_2023/ECE_1195/ip_repo/multiplier/component.xml
update_compile_order -fileset sources_1
set_property core_revision 6 [ipx::current_core]
ipx::update_source_project_archive -component [ipx::current_core]
ipx::update_checksums [ipx::current_core]
ipx::save_core [ipx::current_core]
set_property core_revision 7 [ipx::current_core]
ipx::update_source_project_archive -component [ipx::current_core]
ipx::update_checksums [ipx::current_core]
ipx::save_core [ipx::current_core]
ipx::add_file C:/Users/pacel/Desktop/Work/Pitt/semesters/Spring_2023/ECE_1195/ip_repo/multiplier/xgui/multiplier_v1_0.tcl [ipx::get_file_groups xilinx_xpgui -of_objects [ipx::current_core]]
set_property type tclSource [ipx::get_files C:/Users/pacel/Desktop/Work/Pitt/semesters/Spring_2023/ECE_1195/ip_repo/multiplier/xgui/multiplier_v1_0.tcl -of_objects [ipx::get_file_groups xilinx_xpgui -of_objects [ipx::current_core]]]
ipx::remove_file C:/Users/pacel/Desktop/Work/Pitt/semesters/Spring_2023/ECE_1195/ip_repo/multiplier/xgui/multiplier_v1_0.tcl [ipx::get_file_groups xilinx_xpgui -of_objects [ipx::current_core]]
set_property SOURCE_SET sources_1 [get_filesets sim_1]
add_files -fileset sim_1 -norecurse -copy_to c:/Users/pacel/Desktop/Work/Pitt/semesters/Spring_2023/ECE_1195/ip_repo/multiplier/src C:/Users/pacel/Desktop/Work/Pitt/semesters/Spring_2023/ECE_1195/ip_repo/multiplier/xgui/multiplier_v1_0.tcl
ipx::merge_project_changes files [ipx::current_core]
set_property core_revision 8 [ipx::current_core]
ipx::update_source_project_archive -component [ipx::current_core]
ipx::update_checksums [ipx::current_core]
ipx::save_core [ipx::current_core]
ipx::remove_file_group xilinx_testbench [ipx::current_core]
add_files -norecurse C:/Users/pacel/Desktop/Work/Pitt/semesters/Spring_2023/ECE_1195/ip_repo/multiplier/xgui/multiplier_v1_0.tcl
ipx::merge_project_changes files [ipx::current_core]
close_project
update_ip_catalog -delete_ip xilinx.com:user:multiplier:1.0 -repo_path c:/Users/pacel/Desktop/Work/Pitt/semesters/Spring_2023/ECE_1195/ip_repo
ipx::infer_core -vendor xilinx.com -library user -taxonomy /UserIP C:/Users/pacel/Desktop/Work/Pitt/semesters/Spring_2023/ECE_1195/ip_repo/multiplier
ipx::edit_ip_in_project -upgrade true -name mult_ip_project -directory C:/Users/pacel/Desktop/Work/Pitt/semesters/Spring_2023/ECE_1195/lab_3/lab_3.tmp c:/Users/pacel/Desktop/Work/Pitt/semesters/Spring_2023/ECE_1195/ip_repo/multiplier/component.xml
ipx::current_core c:/Users/pacel/Desktop/Work/Pitt/semesters/Spring_2023/ECE_1195/ip_repo/multiplier/component.xml
update_compile_order -fileset sources_1
set_property core_revision 2 [ipx::current_core]
ipx::update_source_project_archive -component [ipx::current_core]
ipx::create_xgui_files [ipx::current_core]
ipx::update_checksums [ipx::current_core]
ipx::save_core [ipx::current_core]
ipx::move_temp_component_back -component [ipx::current_core]
close_project -delete
update_ip_catalog -rebuild -repo_path c:/Users/pacel/Desktop/Work/Pitt/semesters/Spring_2023/ECE_1195/ip_repo
startgroup
create_bd_cell -type ip -vlnv xilinx.com:user:multiplier:1.0 multiplier_0
endgroup
set_property location {3 682 -434} [get_bd_cells multiplier_0]
connect_bd_net [get_bd_pins axi_regmap_0/REG0_OUT] [get_bd_pins multiplier_0/A]
connect_bd_net [get_bd_pins axi_regmap_0/REG0_RD] [get_bd_pins multiplier_0/B]
connect_bd_net [get_bd_pins axi_regmap_0/REG1_RD] [get_bd_pins multiplier_0/rst]
startgroup
set_property -dict [list CONFIG.PCW_EN_CLK1_PORT {1}] [get_bd_cells processing_system7_0]
endgroup
connect_bd_net [get_bd_pins processing_system7_0/FCLK_CLK1] [get_bd_pins multiplier_0/clk]
connect_bd_net [get_bd_pins multiplier_0/R] [get_bd_pins xlslice_1/Din]
connect_bd_net [get_bd_pins multiplier_0/done] [get_bd_pins axi_regmap_0/REG2_IN]
save_bd_design
report_ip_status -name ip_status 
reset_run lab_3_processing_system7_0_0_synth_1
reset_run synth_1
launch_runs synth_1 -jobs 4
wait_on_run synth_1
report_ip_status -name ip_status 
launch_runs impl_1 -to_step write_bitstream -jobs 4
wait_on_run impl_1
