13:14:00 **** Build of project multiplier_bsp ****
make -k all 
"Running Make include in ps7_cortexa9_0/libsrc/coresightps_dcc_v1_4/src"
make -C ps7_cortexa9_0/libsrc/coresightps_dcc_v1_4/src -s include  "SHELL=CMD" "COMPILER=arm-none-eabi-gcc" "ARCHIVER=arm-none-eabi-ar" "COMPILER_FLAGS=  -O2 -c" "EXTRA_COMPILER_FLAGS=-mcpu=cortex-a9 -mfpu=vfpv3 -mfloat-abi=hard -nostartfiles -g -Wall -Wextra"
"Running Make include in ps7_cortexa9_0/libsrc/cpu_cortexa9_v2_7/src"
make -C ps7_cortexa9_0/libsrc/cpu_cortexa9_v2_7/src -s include  "SHELL=CMD" "COMPILER=arm-none-eabi-gcc" "ARCHIVER=arm-none-eabi-ar" "COMPILER_FLAGS=  -O2 -c" "EXTRA_COMPILER_FLAGS=-mcpu=cortex-a9 -mfpu=vfpv3 -mfloat-abi=hard -nostartfiles -g -Wall -Wextra"
"Running Make include in ps7_cortexa9_0/libsrc/ddrps_v1_0/src"
make -C ps7_cortexa9_0/libsrc/ddrps_v1_0/src -s include  "SHELL=CMD" "COMPILER=arm-none-eabi-gcc" "ARCHIVER=arm-none-eabi-ar" "COMPILER_FLAGS=  -O2 -c" "EXTRA_COMPILER_FLAGS=-mcpu=cortex-a9 -mfpu=vfpv3 -mfloat-abi=hard -nostartfiles -g -Wall -Wextra"
"Running Make include in ps7_cortexa9_0/libsrc/devcfg_v3_5/src"
make -C ps7_cortexa9_0/libsrc/devcfg_v3_5/src -s include  "SHELL=CMD" "COMPILER=arm-none-eabi-gcc" "ARCHIVER=arm-none-eabi-ar" "COMPILER_FLAGS=  -O2 -c" "EXTRA_COMPILER_FLAGS=-mcpu=cortex-a9 -mfpu=vfpv3 -mfloat-abi=hard -nostartfiles -g -Wall -Wextra"
"Running Make include in ps7_cortexa9_0/libsrc/dmaps_v2_4/src"
make -C ps7_cortexa9_0/libsrc/dmaps_v2_4/src -s include  "SHELL=CMD" "COMPILER=arm-none-eabi-gcc" "ARCHIVER=arm-none-eabi-ar" "COMPILER_FLAGS=  -O2 -c" "EXTRA_COMPILER_FLAGS=-mcpu=cortex-a9 -mfpu=vfpv3 -mfloat-abi=hard -nostartfiles -g -Wall -Wextra"
"Running Make include in ps7_cortexa9_0/libsrc/emacps_v3_8/src"
make -C ps7_cortexa9_0/libsrc/emacps_v3_8/src -s include  "SHELL=CMD" "COMPILER=arm-none-eabi-gcc" "ARCHIVER=arm-none-eabi-ar" "COMPILER_FLAGS=  -O2 -c" "EXTRA_COMPILER_FLAGS=-mcpu=cortex-a9 -mfpu=vfpv3 -mfloat-abi=hard -nostartfiles -g -Wall -Wextra"
"Running Make include in ps7_cortexa9_0/libsrc/gpiops_v3_4/src"
make -C ps7_cortexa9_0/libsrc/gpiops_v3_4/src -s include  "SHELL=CMD" "COMPILER=arm-none-eabi-gcc" "ARCHIVER=arm-none-eabi-ar" "COMPILER_FLAGS=  -O2 -c" "EXTRA_COMPILER_FLAGS=-mcpu=cortex-a9 -mfpu=vfpv3 -mfloat-abi=hard -nostartfiles -g -Wall -Wextra"
"Running Make include in ps7_cortexa9_0/libsrc/qspips_v3_5/src"
make -C ps7_cortexa9_0/libsrc/qspips_v3_5/src -s include  "SHELL=CMD" "COMPILER=arm-none-eabi-gcc" "ARCHIVER=arm-none-eabi-ar" "COMPILER_FLAGS=  -O2 -c" "EXTRA_COMPILER_FLAGS=-mcpu=cortex-a9 -mfpu=vfpv3 -mfloat-abi=hard -nostartfiles -g -Wall -Wextra"
"Running Make include in ps7_cortexa9_0/libsrc/scugic_v3_10/src"
make -C ps7_cortexa9_0/libsrc/scugic_v3_10/src -s include  "SHELL=CMD" "COMPILER=arm-none-eabi-gcc" "ARCHIVER=arm-none-eabi-ar" "COMPILER_FLAGS=  -O2 -c" "EXTRA_COMPILER_FLAGS=-mcpu=cortex-a9 -mfpu=vfpv3 -mfloat-abi=hard -nostartfiles -g -Wall -Wextra"
"Running Make include in ps7_cortexa9_0/libsrc/scutimer_v2_1/src"
make -C ps7_cortexa9_0/libsrc/scutimer_v2_1/src -s include  "SHELL=CMD" "COMPILER=arm-none-eabi-gcc" "ARCHIVER=arm-none-eabi-ar" "COMPILER_FLAGS=  -O2 -c" "EXTRA_COMPILER_FLAGS=-mcpu=cortex-a9 -mfpu=vfpv3 -mfloat-abi=hard -nostartfiles -g -Wall -Wextra"
"Running Make include in ps7_cortexa9_0/libsrc/scuwdt_v2_1/src"
make -C ps7_cortexa9_0/libsrc/scuwdt_v2_1/src -s include  "SHELL=CMD" "COMPILER=arm-none-eabi-gcc" "ARCHIVER=arm-none-eabi-ar" "COMPILER_FLAGS=  -O2 -c" "EXTRA_COMPILER_FLAGS=-mcpu=cortex-a9 -mfpu=vfpv3 -mfloat-abi=hard -nostartfiles -g -Wall -Wextra"
"Running Make include in ps7_cortexa9_0/libsrc/sdps_v3_6/src"
make -C ps7_cortexa9_0/libsrc/sdps_v3_6/src -s include  "SHELL=CMD" "COMPILER=arm-none-eabi-gcc" "ARCHIVER=arm-none-eabi-ar" "COMPILER_FLAGS=  -O2 -c" "EXTRA_COMPILER_FLAGS=-mcpu=cortex-a9 -mfpu=vfpv3 -mfloat-abi=hard -nostartfiles -g -Wall -Wextra"
"Running Make include in ps7_cortexa9_0/libsrc/standalone_v6_8/src"
make -C ps7_cortexa9_0/libsrc/standalone_v6_8/src -s include  "SHELL=CMD" "COMPILER=arm-none-eabi-gcc" "ARCHIVER=arm-none-eabi-ar" "COMPILER_FLAGS=  -O2 -c" "EXTRA_COMPILER_FLAGS=-mcpu=cortex-a9 -mfpu=vfpv3 -mfloat-abi=hard -nostartfiles -g -Wall -Wextra"
"Running Make include in ps7_cortexa9_0/libsrc/uartps_v3_7/src"
make -C ps7_cortexa9_0/libsrc/uartps_v3_7/src -s include  "SHELL=CMD" "COMPILER=arm-none-eabi-gcc" "ARCHIVER=arm-none-eabi-ar" "COMPILER_FLAGS=  -O2 -c" "EXTRA_COMPILER_FLAGS=-mcpu=cortex-a9 -mfpu=vfpv3 -mfloat-abi=hard -nostartfiles -g -Wall -Wextra"
"Running Make include in ps7_cortexa9_0/libsrc/usbps_v2_4/src"
make -C ps7_cortexa9_0/libsrc/usbps_v2_4/src -s include  "SHELL=CMD" "COMPILER=arm-none-eabi-gcc" "ARCHIVER=arm-none-eabi-ar" "COMPILER_FLAGS=  -O2 -c" "EXTRA_COMPILER_FLAGS=-mcpu=cortex-a9 -mfpu=vfpv3 -mfloat-abi=hard -nostartfiles -g -Wall -Wextra"
"Running Make include in ps7_cortexa9_0/libsrc/xadcps_v2_3/src"
make -C ps7_cortexa9_0/libsrc/xadcps_v2_3/src -s include  "SHELL=CMD" "COMPILER=arm-none-eabi-gcc" "ARCHIVER=arm-none-eabi-ar" "COMPILER_FLAGS=  -O2 -c" "EXTRA_COMPILER_FLAGS=-mcpu=cortex-a9 -mfpu=vfpv3 -mfloat-abi=hard -nostartfiles -g -Wall -Wextra"
"Running Make libs in ps7_cortexa9_0/libsrc/coresightps_dcc_v1_4/src"
make -C ps7_cortexa9_0/libsrc/coresightps_dcc_v1_4/src -s libs  "SHELL=CMD" "COMPILER=arm-none-eabi-gcc" "ARCHIVER=arm-none-eabi-ar" "COMPILER_FLAGS=  -O2 -c" "EXTRA_COMPILER_FLAGS=-mcpu=cortex-a9 -mfpu=vfpv3 -mfloat-abi=hard -nostartfiles -g -Wall -Wextra"
"Compiling coresightps_dcc"
arm-none-eabi-ar: creating ../../../lib/libxil.a
"Running Make libs in ps7_cortexa9_0/libsrc/cpu_cortexa9_v2_7/src"
make -C ps7_cortexa9_0/libsrc/cpu_cortexa9_v2_7/src -s libs  "SHELL=CMD" "COMPILER=arm-none-eabi-gcc" "ARCHIVER=arm-none-eabi-ar" "COMPILER_FLAGS=  -O2 -c" "EXTRA_COMPILER_FLAGS=-mcpu=cortex-a9 -mfpu=vfpv3 -mfloat-abi=hard -nostartfiles -g -Wall -Wextra"
"Compiling cpu_cortexa9"
"Running Make libs in ps7_cortexa9_0/libsrc/ddrps_v1_0/src"
make -C ps7_cortexa9_0/libsrc/ddrps_v1_0/src -s libs  "SHELL=CMD" "COMPILER=arm-none-eabi-gcc" "ARCHIVER=arm-none-eabi-ar" "COMPILER_FLAGS=  -O2 -c" "EXTRA_COMPILER_FLAGS=-mcpu=cortex-a9 -mfpu=vfpv3 -mfloat-abi=hard -nostartfiles -g -Wall -Wextra"
"Compiling ddrps"
"Running Make libs in ps7_cortexa9_0/libsrc/devcfg_v3_5/src"
make -C ps7_cortexa9_0/libsrc/devcfg_v3_5/src -s libs  "SHELL=CMD" "COMPILER=arm-none-eabi-gcc" "ARCHIVER=arm-none-eabi-ar" "COMPILER_FLAGS=  -O2 -c" "EXTRA_COMPILER_FLAGS=-mcpu=cortex-a9 -mfpu=vfpv3 -mfloat-abi=hard -nostartfiles -g -Wall -Wextra"
"Compiling devcfg"
"Running Make libs in ps7_cortexa9_0/libsrc/dmaps_v2_4/src"
make -C ps7_cortexa9_0/libsrc/dmaps_v2_4/src -s libs  "SHELL=CMD" "COMPILER=arm-none-eabi-gcc" "ARCHIVER=arm-none-eabi-ar" "COMPILER_FLAGS=  -O2 -c" "EXTRA_COMPILER_FLAGS=-mcpu=cortex-a9 -mfpu=vfpv3 -mfloat-abi=hard -nostartfiles -g -Wall -Wextra"
"Compiling dmaps"
"Running Make libs in ps7_cortexa9_0/libsrc/emacps_v3_8/src"
make -C ps7_cortexa9_0/libsrc/emacps_v3_8/src -s libs  "SHELL=CMD" "COMPILER=arm-none-eabi-gcc" "ARCHIVER=arm-none-eabi-ar" "COMPILER_FLAGS=  -O2 -c" "EXTRA_COMPILER_FLAGS=-mcpu=cortex-a9 -mfpu=vfpv3 -mfloat-abi=hard -nostartfiles -g -Wall -Wextra"
"Compiling emacps"
"Running Make libs in ps7_cortexa9_0/libsrc/gpiops_v3_4/src"
make -C ps7_cortexa9_0/libsrc/gpiops_v3_4/src -s libs  "SHELL=CMD" "COMPILER=arm-none-eabi-gcc" "ARCHIVER=arm-none-eabi-ar" "COMPILER_FLAGS=  -O2 -c" "EXTRA_COMPILER_FLAGS=-mcpu=cortex-a9 -mfpu=vfpv3 -mfloat-abi=hard -nostartfiles -g -Wall -Wextra"
"Compiling gpiops"
"Running Make libs in ps7_cortexa9_0/libsrc/qspips_v3_5/src"
make -C ps7_cortexa9_0/libsrc/qspips_v3_5/src -s libs  "SHELL=CMD" "COMPILER=arm-none-eabi-gcc" "ARCHIVER=arm-none-eabi-ar" "COMPILER_FLAGS=  -O2 -c" "EXTRA_COMPILER_FLAGS=-mcpu=cortex-a9 -mfpu=vfpv3 -mfloat-abi=hard -nostartfiles -g -Wall -Wextra"
"Compiling qspips"
"Running Make libs in ps7_cortexa9_0/libsrc/scugic_v3_10/src"
make -C ps7_cortexa9_0/libsrc/scugic_v3_10/src -s libs  "SHELL=CMD" "COMPILER=arm-none-eabi-gcc" "ARCHIVER=arm-none-eabi-ar" "COMPILER_FLAGS=  -O2 -c" "EXTRA_COMPILER_FLAGS=-mcpu=cortex-a9 -mfpu=vfpv3 -mfloat-abi=hard -nostartfiles -g -Wall -Wextra"
"Compiling scugic"
"Running Make libs in ps7_cortexa9_0/libsrc/scutimer_v2_1/src"
make -C ps7_cortexa9_0/libsrc/scutimer_v2_1/src -s libs  "SHELL=CMD" "COMPILER=arm-none-eabi-gcc" "ARCHIVER=arm-none-eabi-ar" "COMPILER_FLAGS=  -O2 -c" "EXTRA_COMPILER_FLAGS=-mcpu=cortex-a9 -mfpu=vfpv3 -mfloat-abi=hard -nostartfiles -g -Wall -Wextra"
"Compiling scutimer"
"Running Make libs in ps7_cortexa9_0/libsrc/scuwdt_v2_1/src"
make -C ps7_cortexa9_0/libsrc/scuwdt_v2_1/src -s libs  "SHELL=CMD" "COMPILER=arm-none-eabi-gcc" "ARCHIVER=arm-none-eabi-ar" "COMPILER_FLAGS=  -O2 -c" "EXTRA_COMPILER_FLAGS=-mcpu=cortex-a9 -mfpu=vfpv3 -mfloat-abi=hard -nostartfiles -g -Wall -Wextra"
"Compiling scuwdt"
"Running Make libs in ps7_cortexa9_0/libsrc/sdps_v3_6/src"
make -C ps7_cortexa9_0/libsrc/sdps_v3_6/src -s libs  "SHELL=CMD" "COMPILER=arm-none-eabi-gcc" "ARCHIVER=arm-none-eabi-ar" "COMPILER_FLAGS=  -O2 -c" "EXTRA_COMPILER_FLAGS=-mcpu=cortex-a9 -mfpu=vfpv3 -mfloat-abi=hard -nostartfiles -g -Wall -Wextra"
"Compiling sdps"
"Running Make libs in ps7_cortexa9_0/libsrc/standalone_v6_8/src"
make -C ps7_cortexa9_0/libsrc/standalone_v6_8/src -s libs  "SHELL=CMD" "COMPILER=arm-none-eabi-gcc" "ARCHIVER=arm-none-eabi-ar" "COMPILER_FLAGS=  -O2 -c" "EXTRA_COMPILER_FLAGS=-mcpu=cortex-a9 -mfpu=vfpv3 -mfloat-abi=hard -nostartfiles -g -Wall -Wextra"
"Compiling standalone"
In file included from usleep.c:56:0:
xtime_l.h:87:9: note: #pragma message: For the sleep routines, Global timer is being used
 #pragma message ("For the sleep routines, Global timer is being used")
         ^~~~~~~
In file included from xil_sleeptimer.c:51:0:
xtime_l.h:87:9: note: #pragma message: For the sleep routines, Global timer is being used
 #pragma message ("For the sleep routines, Global timer is being used")
         ^~~~~~~
In file included from xtime_l.c:49:0:
xtime_l.h:87:9: note: #pragma message: For the sleep routines, Global timer is being used
 #pragma message ("For the sleep routines, Global timer is being used")
         ^~~~~~~
In file included from sleep.c:53:0:
xtime_l.h:87:9: note: #pragma message: For the sleep routines, Global timer is being used
 #pragma message ("For the sleep routines, Global timer is being used")
         ^~~~~~~
"Running Make libs in ps7_cortexa9_0/libsrc/uartps_v3_7/src"
make -C ps7_cortexa9_0/libsrc/uartps_v3_7/src -s libs  "SHELL=CMD" "COMPILER=arm-none-eabi-gcc" "ARCHIVER=arm-none-eabi-ar" "COMPILER_FLAGS=  -O2 -c" "EXTRA_COMPILER_FLAGS=-mcpu=cortex-a9 -mfpu=vfpv3 -mfloat-abi=hard -nostartfiles -g -Wall -Wextra"
"Compiling uartps"
"Running Make libs in ps7_cortexa9_0/libsrc/usbps_v2_4/src"
make -C ps7_cortexa9_0/libsrc/usbps_v2_4/src -s libs  "SHELL=CMD" "COMPILER=arm-none-eabi-gcc" "ARCHIVER=arm-none-eabi-ar" "COMPILER_FLAGS=  -O2 -c" "EXTRA_COMPILER_FLAGS=-mcpu=cortex-a9 -mfpu=vfpv3 -mfloat-abi=hard -nostartfiles -g -Wall -Wextra"
"Compiling usbps"
"Running Make libs in ps7_cortexa9_0/libsrc/xadcps_v2_3/src"
make -C ps7_cortexa9_0/libsrc/xadcps_v2_3/src -s libs  "SHELL=CMD" "COMPILER=arm-none-eabi-gcc" "ARCHIVER=arm-none-eabi-ar" "COMPILER_FLAGS=  -O2 -c" "EXTRA_COMPILER_FLAGS=-mcpu=cortex-a9 -mfpu=vfpv3 -mfloat-abi=hard -nostartfiles -g -Wall -Wextra"
"Compiling xadcps"
'Finished building libraries'

**** Build of configuration Debug for project multiplier ****

Nothing to build for project multiplier
13:14:48 **** Auto Build of configuration Debug for project multiplier ****
make pre-build main-build 
a9-linaro-pre-build-step
' '
'Building file: ../src/multiplier.c'
'Invoking: ARM v7 gcc compiler'
arm-none-eabi-gcc -Wall -O0 -g3 -c -fmessage-length=0 -MT"src/multiplier.o" -mcpu=cortex-a9 -mfpu=vfpv3 -mfloat-abi=hard -I../../multiplier_bsp/ps7_cortexa9_0/include -MMD -MP -MF"src/multiplier.d" -MT"src/multiplier.o" -o "src/multiplier.o" "../src/multiplier.c"
'Finished building: ../src/multiplier.c'
' '
'Building target: multiplier.elf'
'Invoking: ARM v7 gcc linker'
arm-none-eabi-gcc -mcpu=cortex-a9 -mfpu=vfpv3 -mfloat-abi=hard -Wl,-build-id=none -specs=Xilinx.spec -Wl,-T -Wl,../src/lscript.ld -L../../multiplier_bsp/ps7_cortexa9_0/lib -o "multiplier.elf"  ./src/multiplier.o   -Wl,--start-group,-lxil,-lgcc,-lc,--end-group
../../multiplier_bsp/ps7_cortexa9_0/lib\libxil.a(xil-crt0.o): In function `_start':
C:\Users\pacel\Desktop\Work\Pitt\semesters\Spring_2023\ECE_1195\lab_3\lab_3.sdk\multiplier_bsp\ps7_cortexa9_0\libsrc\standalone_v6_8\src/xil-crt0.S:138: undefined reference to `main'
collect2.exe: error: ld returned 1 exit status
make: *** [makefile:41: multiplier.elf] Error 1
13:15:11 **** Auto Build of configuration Debug for project multiplier ****
make pre-build main-build 
a9-linaro-pre-build-step
' '
'Building file: ../src/multiplier.c'
'Invoking: ARM v7 gcc compiler'
arm-none-eabi-gcc -Wall -O0 -g3 -c -fmessage-length=0 -MT"src/multiplier.o" -mcpu=cortex-a9 -mfpu=vfpv3 -mfloat-abi=hard -I../../multiplier_bsp/ps7_cortexa9_0/include -MMD -MP -MF"src/multiplier.d" -MT"src/multiplier.o" -o "src/multiplier.o" "../src/multiplier.c"
'Finished building: ../src/multiplier.c'
' '
'Building target: multiplier.elf'
'Invoking: ARM v7 gcc linker'
arm-none-eabi-gcc -mcpu=cortex-a9 -mfpu=vfpv3 -mfloat-abi=hard -Wl,-build-id=none -specs=Xilinx.spec -Wl,-T -Wl,../src/lscript.ld -L../../multiplier_bsp/ps7_cortexa9_0/lib -o "multiplier.elf"  ./src/multiplier.o   -Wl,--start-group,-lxil,-lgcc,-lc,--end-group
../../multiplier_bsp/ps7_cortexa9_0/lib\libxil.a(xil-crt0.o): In function `_start':
C:\Users\pacel\Desktop\Work\Pitt\semesters\Spring_2023\ECE_1195\lab_3\lab_3.sdk\multiplier_bsp\ps7_cortexa9_0\libsrc\standalone_v6_8\src/xil-crt0.S:138: undefined reference to `main'
collect2.exe: error: ld returned 1 exit status
make: *** [makefile:41: multiplier.elf] Error 1
13:15:31 **** Auto Build of configuration Debug for project multiplier ****
make pre-build main-build 
a9-linaro-pre-build-step
' '
'Building file: ../src/multiplier.c'
'Invoking: ARM v7 gcc compiler'
arm-none-eabi-gcc -Wall -O0 -g3 -c -fmessage-length=0 -MT"src/multiplier.o" -mcpu=cortex-a9 -mfpu=vfpv3 -mfloat-abi=hard -I../../multiplier_bsp/ps7_cortexa9_0/include -MMD -MP -MF"src/multiplier.d" -MT"src/multiplier.o" -o "src/multiplier.o" "../src/multiplier.c"
'Finished building: ../src/multiplier.c'
' '
'Building target: multiplier.elf'
'Invoking: ARM v7 gcc linker'
arm-none-eabi-gcc -mcpu=cortex-a9 -mfpu=vfpv3 -mfloat-abi=hard -Wl,-build-id=none -specs=Xilinx.spec -Wl,-T -Wl,../src/lscript.ld -L../../multiplier_bsp/ps7_cortexa9_0/lib -o "multiplier.elf"  ./src/multiplier.o   -Wl,--start-group,-lxil,-lgcc,-lc,--end-group
'Finished building target: multiplier.elf'
' '
'Invoking: ARM v7 Print Size'
arm-none-eabi-size multiplier.elf  |tee "multiplier.elf.size"
   text	   data	    bss	    dec	    hex	filename
  19016	   1144	  22568	  42728	   a6e8	multiplier.elf
'Finished building: multiplier.elf.size'
' '
13:31:14 **** Auto Build of configuration Debug for project multiplier ****
make pre-build main-build 
a9-linaro-pre-build-step
' '
'Building file: ../src/multiplier.c'
'Invoking: ARM v7 gcc compiler'
arm-none-eabi-gcc -Wall -O0 -g3 -c -fmessage-length=0 -MT"src/multiplier.o" -mcpu=cortex-a9 -mfpu=vfpv3 -mfloat-abi=hard -I../../multiplier_bsp/ps7_cortexa9_0/include -MMD -MP -MF"src/multiplier.d" -MT"src/multiplier.o" -o "src/multiplier.o" "../src/multiplier.c"
../src/multiplier.c:4:20: warning: initialization makes pointer from integer without a cast [-Wint-conversion]
 uint32_t *regmap = 0x70000000;
                    ^~~~~~~~~~
'Finished building: ../src/multiplier.c'
' '
'Building target: multiplier.elf'
'Invoking: ARM v7 gcc linker'
arm-none-eabi-gcc -mcpu=cortex-a9 -mfpu=vfpv3 -mfloat-abi=hard -Wl,-build-id=none -specs=Xilinx.spec -Wl,-T -Wl,../src/lscript.ld -L../../multiplier_bsp/ps7_cortexa9_0/lib -o "multiplier.elf"  ./src/multiplier.o   -Wl,--start-group,-lxil,-lgcc,-lc,--end-group
'Finished building target: multiplier.elf'
' '
'Invoking: ARM v7 Print Size'
arm-none-eabi-size multiplier.elf  |tee "multiplier.elf.size"
   text	   data	    bss	    dec	    hex	filename
  19156	   1144	  22568	  42868	   a774	multiplier.elf
'Finished building: multiplier.elf.size'
' '
13:32:23 **** Auto Build of configuration Debug for project multiplier ****
make pre-build main-build 
a9-linaro-pre-build-step
' '
'Building file: ../src/multiplier.c'
'Invoking: ARM v7 gcc compiler'
arm-none-eabi-gcc -Wall -O0 -g3 -c -fmessage-length=0 -MT"src/multiplier.o" -mcpu=cortex-a9 -mfpu=vfpv3 -mfloat-abi=hard -I../../multiplier_bsp/ps7_cortexa9_0/include -MMD -MP -MF"src/multiplier.d" -MT"src/multiplier.o" -o "src/multiplier.o" "../src/multiplier.c"
'Finished building: ../src/multiplier.c'
' '
'Building target: multiplier.elf'
'Invoking: ARM v7 gcc linker'
arm-none-eabi-gcc -mcpu=cortex-a9 -mfpu=vfpv3 -mfloat-abi=hard -Wl,-build-id=none -specs=Xilinx.spec -Wl,-T -Wl,../src/lscript.ld -L../../multiplier_bsp/ps7_cortexa9_0/lib -o "multiplier.elf"  ./src/multiplier.o   -Wl,--start-group,-lxil,-lgcc,-lc,--end-group
'Finished building target: multiplier.elf'
' '
'Invoking: ARM v7 Print Size'
arm-none-eabi-size multiplier.elf  |tee "multiplier.elf.size"
   text	   data	    bss	    dec	    hex	filename
  19156	   1144	  22568	  42868	   a774	multiplier.elf
'Finished building: multiplier.elf.size'
' '
13:36:33 **** Auto Build of configuration Debug for project multiplier ****
make pre-build main-build 
a9-linaro-pre-build-step
' '
'Building file: ../src/multiplier.c'
'Invoking: ARM v7 gcc compiler'
arm-none-eabi-gcc -Wall -O0 -g3 -c -fmessage-length=0 -MT"src/multiplier.o" -mcpu=cortex-a9 -mfpu=vfpv3 -mfloat-abi=hard -I../../multiplier_bsp/ps7_cortexa9_0/include -MMD -MP -MF"src/multiplier.d" -MT"src/multiplier.o" -o "src/multiplier.o" "../src/multiplier.c"
../src/multiplier.c: In function 'test_mult':
../src/multiplier.c:22:11: warning: unused variable 'R_0' [-Wunused-variable]
  uint32_t R_0 = regmap[1];
           ^~~
../src/multiplier.c:21:11: warning: unused variable 'R_1' [-Wunused-variable]
  uint32_t R_1 = regmap[0];
           ^~~
'Finished building: ../src/multiplier.c'
' '
'Building target: multiplier.elf'
'Invoking: ARM v7 gcc linker'
arm-none-eabi-gcc -mcpu=cortex-a9 -mfpu=vfpv3 -mfloat-abi=hard -Wl,-build-id=none -specs=Xilinx.spec -Wl,-T -Wl,../src/lscript.ld -L../../multiplier_bsp/ps7_cortexa9_0/lib -o "multiplier.elf"  ./src/multiplier.o   -Wl,--start-group,-lxil,-lgcc,-lc,--end-group
'Finished building target: multiplier.elf'
' '
'Invoking: ARM v7 Print Size'
arm-none-eabi-size multiplier.elf  |tee "multiplier.elf.size"
   text	   data	    bss	    dec	    hex	filename
  19252	   1144	  22568	  42964	   a7d4	multiplier.elf
'Finished building: multiplier.elf.size'
' '
13:40:36 **** Auto Build of configuration Debug for project multiplier ****
make pre-build main-build 
a9-linaro-pre-build-step
' '
'Building file: ../src/multiplier.c'
'Invoking: ARM v7 gcc compiler'
arm-none-eabi-gcc -Wall -O0 -g3 -c -fmessage-length=0 -MT"src/multiplier.o" -mcpu=cortex-a9 -mfpu=vfpv3 -mfloat-abi=hard -I../../multiplier_bsp/ps7_cortexa9_0/include -MMD -MP -MF"src/multiplier.d" -MT"src/multiplier.o" -o "src/multiplier.o" "../src/multiplier.c"
../src/multiplier.c: In function 'test_mult':
../src/multiplier.c:24:23: warning: suggest parentheses around '+' inside '<<' [-Wparentheses]
  uint64_t R = R_1<<32 + R_0;
                    ~~~^~~~~
../src/multiplier.c:24:11: warning: unused variable 'R' [-Wunused-variable]
  uint64_t R = R_1<<32 + R_0;
           ^
'Finished building: ../src/multiplier.c'
' '
'Building target: multiplier.elf'
'Invoking: ARM v7 gcc linker'
arm-none-eabi-gcc -mcpu=cortex-a9 -mfpu=vfpv3 -mfloat-abi=hard -Wl,-build-id=none -specs=Xilinx.spec -Wl,-T -Wl,../src/lscript.ld -L../../multiplier_bsp/ps7_cortexa9_0/lib -o "multiplier.elf"  ./src/multiplier.o   -Wl,--start-group,-lxil,-lgcc,-lc,--end-group
'Finished building target: multiplier.elf'
' '
'Invoking: ARM v7 Print Size'
arm-none-eabi-size multiplier.elf  |tee "multiplier.elf.size"
   text	   data	    bss	    dec	    hex	filename
  19308	   1144	  22568	  43020	   a80c	multiplier.elf
'Finished building: multiplier.elf.size'
' '
13:42:58 **** Auto Build of configuration Debug for project multiplier ****
make pre-build main-build 
a9-linaro-pre-build-step
' '
'Building file: ../src/multiplier.c'
'Invoking: ARM v7 gcc compiler'
arm-none-eabi-gcc -Wall -O0 -g3 -c -fmessage-length=0 -MT"src/multiplier.o" -mcpu=cortex-a9 -mfpu=vfpv3 -mfloat-abi=hard -I../../multiplier_bsp/ps7_cortexa9_0/include -MMD -MP -MF"src/multiplier.d" -MT"src/multiplier.o" -o "src/multiplier.o" "../src/multiplier.c"
../src/multiplier.c: In function 'test_mult':
../src/multiplier.c:24:25: warning: suggest parentheses around '+' inside '<<' [-Wparentheses]
  uint64_t R64 = R_1<<32 + R_0;
                      ~~~^~~~~
../src/multiplier.c:29:26: warning: format '%d' expects argument of type 'int', but argument 2 has type 'uint64_t {aka long long unsigned int}' [-Wformat=]
   printf("Failed Case:\t%d * %d = %d", A64, B64, R64);
                         ~^
                         %lld
../src/multiplier.c:29:31: warning: format '%d' expects argument of type 'int', but argument 3 has type 'uint64_t {aka long long unsigned int}' [-Wformat=]
   printf("Failed Case:\t%d * %d = %d", A64, B64, R64);
                              ~^
                              %lld
../src/multiplier.c:29:36: warning: format '%d' expects argument of type 'int', but argument 4 has type 'uint64_t {aka long long unsigned int}' [-Wformat=]
   printf("Failed Case:\t%d * %d = %d", A64, B64, R64);
                                   ~^
                                   %lld
'Finished building: ../src/multiplier.c'
' '
'Building target: multiplier.elf'
'Invoking: ARM v7 gcc linker'
arm-none-eabi-gcc -mcpu=cortex-a9 -mfpu=vfpv3 -mfloat-abi=hard -Wl,-build-id=none -specs=Xilinx.spec -Wl,-T -Wl,../src/lscript.ld -L../../multiplier_bsp/ps7_cortexa9_0/lib -o "multiplier.elf"  ./src/multiplier.o   -Wl,--start-group,-lxil,-lgcc,-lc,--end-group
'Finished building target: multiplier.elf'
' '
'Invoking: ARM v7 Print Size'
arm-none-eabi-size multiplier.elf  |tee "multiplier.elf.size"
   text	   data	    bss	    dec	    hex	filename
  70624	   2580	  23328	  96532	  17914	multiplier.elf
'Finished building: multiplier.elf.size'
' '
13:43:13 **** Auto Build of configuration Debug for project multiplier ****
make pre-build main-build 
a9-linaro-pre-build-step
' '
'Building file: ../src/multiplier.c'
'Invoking: ARM v7 gcc compiler'
arm-none-eabi-gcc -Wall -O0 -g3 -c -fmessage-length=0 -MT"src/multiplier.o" -mcpu=cortex-a9 -mfpu=vfpv3 -mfloat-abi=hard -I../../multiplier_bsp/ps7_cortexa9_0/include -MMD -MP -MF"src/multiplier.d" -MT"src/multiplier.o" -o "src/multiplier.o" "../src/multiplier.c"
../src/multiplier.c: In function 'test_mult':
../src/multiplier.c:29:26: warning: format '%d' expects argument of type 'int', but argument 2 has type 'uint64_t {aka long long unsigned int}' [-Wformat=]
   printf("Failed Case:\t%d * %d = %d", A64, B64, R64);
                         ~^
                         %lld
../src/multiplier.c:29:31: warning: format '%d' expects argument of type 'int', but argument 3 has type 'uint64_t {aka long long unsigned int}' [-Wformat=]
   printf("Failed Case:\t%d * %d = %d", A64, B64, R64);
                              ~^
                              %lld
../src/multiplier.c:29:36: warning: format '%d' expects argument of type 'int', but argument 4 has type 'uint64_t {aka long long unsigned int}' [-Wformat=]
   printf("Failed Case:\t%d * %d = %d", A64, B64, R64);
                                   ~^
                                   %lld
'Finished building: ../src/multiplier.c'
' '
'Building target: multiplier.elf'
'Invoking: ARM v7 gcc linker'
arm-none-eabi-gcc -mcpu=cortex-a9 -mfpu=vfpv3 -mfloat-abi=hard -Wl,-build-id=none -specs=Xilinx.spec -Wl,-T -Wl,../src/lscript.ld -L../../multiplier_bsp/ps7_cortexa9_0/lib -o "multiplier.elf"  ./src/multiplier.o   -Wl,--start-group,-lxil,-lgcc,-lc,--end-group
'Finished building target: multiplier.elf'
' '
'Invoking: ARM v7 Print Size'
arm-none-eabi-size multiplier.elf  |tee "multiplier.elf.size"
   text	   data	    bss	    dec	    hex	filename
  70624	   2580	  23328	  96532	  17914	multiplier.elf
'Finished building: multiplier.elf.size'
' '
13:43:36 **** Auto Build of configuration Debug for project multiplier ****
make pre-build main-build 
a9-linaro-pre-build-step
' '
'Building file: ../src/multiplier.c'
'Invoking: ARM v7 gcc compiler'
arm-none-eabi-gcc -Wall -O0 -g3 -c -fmessage-length=0 -MT"src/multiplier.o" -mcpu=cortex-a9 -mfpu=vfpv3 -mfloat-abi=hard -I../../multiplier_bsp/ps7_cortexa9_0/include -MMD -MP -MF"src/multiplier.d" -MT"src/multiplier.o" -o "src/multiplier.o" "../src/multiplier.c"
../src/multiplier.c: In function 'test_mult':
../src/multiplier.c:29:27: warning: unknown conversion type character ' ' in format [-Wformat=]
   printf("Failed Case:\t%l * %l = %l", A64, B64, R64);
                           ^
../src/multiplier.c:29:32: warning: unknown conversion type character ' ' in format [-Wformat=]
   printf("Failed Case:\t%l * %l = %l", A64, B64, R64);
                                ^
../src/multiplier.c:29:36: warning: conversion lacks type at end of format [-Wformat=]
   printf("Failed Case:\t%l * %l = %l", A64, B64, R64);
                                    ^
../src/multiplier.c:29:10: warning: too many arguments for format [-Wformat-extra-args]
   printf("Failed Case:\t%l * %l = %l", A64, B64, R64);
          ^~~~~~~~~~~~~~~~~~~~~~~~~~~~
'Finished building: ../src/multiplier.c'
' '
'Building target: multiplier.elf'
'Invoking: ARM v7 gcc linker'
arm-none-eabi-gcc -mcpu=cortex-a9 -mfpu=vfpv3 -mfloat-abi=hard -Wl,-build-id=none -specs=Xilinx.spec -Wl,-T -Wl,../src/lscript.ld -L../../multiplier_bsp/ps7_cortexa9_0/lib -o "multiplier.elf"  ./src/multiplier.o   -Wl,--start-group,-lxil,-lgcc,-lc,--end-group
'Finished building target: multiplier.elf'
' '
'Invoking: ARM v7 Print Size'
arm-none-eabi-size multiplier.elf  |tee "multiplier.elf.size"
   text	   data	    bss	    dec	    hex	filename
  70624	   2580	  23328	  96532	  17914	multiplier.elf
'Finished building: multiplier.elf.size'
' '
13:43:55 **** Auto Build of configuration Debug for project multiplier ****
make pre-build main-build 
a9-linaro-pre-build-step
' '
'Building file: ../src/multiplier.c'
'Invoking: ARM v7 gcc compiler'
arm-none-eabi-gcc -Wall -O0 -g3 -c -fmessage-length=0 -MT"src/multiplier.o" -mcpu=cortex-a9 -mfpu=vfpv3 -mfloat-abi=hard -I../../multiplier_bsp/ps7_cortexa9_0/include -MMD -MP -MF"src/multiplier.d" -MT"src/multiplier.o" -o "src/multiplier.o" "../src/multiplier.c"
../src/multiplier.c: In function 'test_mult':
../src/multiplier.c:29:26: warning: format '%d' expects argument of type 'int', but argument 2 has type 'uint64_t {aka long long unsigned int}' [-Wformat=]
   printf("Failed Case:\t%d * %d = %d", A64, B64, R64);
                         ~^
                         %lld
../src/multiplier.c:29:31: warning: format '%d' expects argument of type 'int', but argument 3 has type 'uint64_t {aka long long unsigned int}' [-Wformat=]
   printf("Failed Case:\t%d * %d = %d", A64, B64, R64);
                              ~^
                              %lld
../src/multiplier.c:29:36: warning: format '%d' expects argument of type 'int', but argument 4 has type 'uint64_t {aka long long unsigned int}' [-Wformat=]
   printf("Failed Case:\t%d * %d = %d", A64, B64, R64);
                                   ~^
                                   %lld
'Finished building: ../src/multiplier.c'
' '
'Building target: multiplier.elf'
'Invoking: ARM v7 gcc linker'
arm-none-eabi-gcc -mcpu=cortex-a9 -mfpu=vfpv3 -mfloat-abi=hard -Wl,-build-id=none -specs=Xilinx.spec -Wl,-T -Wl,../src/lscript.ld -L../../multiplier_bsp/ps7_cortexa9_0/lib -o "multiplier.elf"  ./src/multiplier.o   -Wl,--start-group,-lxil,-lgcc,-lc,--end-group
'Finished building target: multiplier.elf'
' '
'Invoking: ARM v7 Print Size'
arm-none-eabi-size multiplier.elf  |tee "multiplier.elf.size"
   text	   data	    bss	    dec	    hex	filename
  70624	   2580	  23328	  96532	  17914	multiplier.elf
'Finished building: multiplier.elf.size'
' '
13:47:07 **** Auto Build of configuration Debug for project multiplier ****
make pre-build main-build 
a9-linaro-pre-build-step
' '
'Building file: ../src/multiplier.c'
'Invoking: ARM v7 gcc compiler'
arm-none-eabi-gcc -Wall -O0 -g3 -c -fmessage-length=0 -MT"src/multiplier.o" -mcpu=cortex-a9 -mfpu=vfpv3 -mfloat-abi=hard -I../../multiplier_bsp/ps7_cortexa9_0/include -MMD -MP -MF"src/multiplier.d" -MT"src/multiplier.o" -o "src/multiplier.o" "../src/multiplier.c"
../src/multiplier.c: In function 'main':
../src/multiplier.c:10:12: error: void value not ignored as it ought to be
  passed += test_mult(1,0);
            ^~~~~~~~~~~~~~
../src/multiplier.c:11:37: warning: format '%d' expects a matching 'int' argument [-Wformat=]
  printf("\nTests Complete!\nPassed %d/%d cases.\n\n");
                                    ~^
../src/multiplier.c:11:40: warning: format '%d' expects a matching 'int' argument [-Wformat=]
  printf("\nTests Complete!\nPassed %d/%d cases.\n\n");
                                       ~^
../src/multiplier.c:8:14: warning: unused variable 'total' [-Wunused-variable]
  int passed, total=1;
              ^~~~~
../src/multiplier.c: At top level:
../src/multiplier.c:15:5: error: conflicting types for 'test_mult'
 int test_mult(uint32_t A, uint32_t B){
     ^~~~~~~~~
../src/multiplier.c:5:6: note: previous declaration of 'test_mult' was here
 void test_mult(uint32_t,uint32_t);
      ^~~~~~~~~
../src/multiplier.c: In function 'test_mult':
../src/multiplier.c:32:26: warning: format '%d' expects argument of type 'int', but argument 2 has type 'uint64_t {aka long long unsigned int}' [-Wformat=]
   printf("Failed Case:\t%d * %d = %d\n", A64, B64, R64);
                         ~^
                         %lld
../src/multiplier.c:32:31: warning: format '%d' expects argument of type 'int', but argument 3 has type 'uint64_t {aka long long unsigned int}' [-Wformat=]
   printf("Failed Case:\t%d * %d = %d\n", A64, B64, R64);
                              ~^
                              %lld
../src/multiplier.c:32:36: warning: format '%d' expects argument of type 'int', but argument 4 has type 'uint64_t {aka long long unsigned int}' [-Wformat=]
   printf("Failed Case:\t%d * %d = %d\n", A64, B64, R64);
                                   ~^
                                   %lld
../src/multiplier.c:31:2: warning: this 'if' clause does not guard... [-Wmisleading-indentation]
  if(R64 != A64*B64)
  ^~
../src/multiplier.c:33:3: note: ...this statement, but the latter is misleadingly indented as if it were guarded by the 'if'
   return 0;
   ^~~~~~
make: *** [src/subdir.mk:23: src/multiplier.o] Error 1
13:47:23 **** Auto Build of configuration Debug for project multiplier ****
make pre-build main-build 
a9-linaro-pre-build-step
' '
'Building file: ../src/multiplier.c'
'Invoking: ARM v7 gcc compiler'
arm-none-eabi-gcc -Wall -O0 -g3 -c -fmessage-length=0 -MT"src/multiplier.o" -mcpu=cortex-a9 -mfpu=vfpv3 -mfloat-abi=hard -I../../multiplier_bsp/ps7_cortexa9_0/include -MMD -MP -MF"src/multiplier.d" -MT"src/multiplier.o" -o "src/multiplier.o" "../src/multiplier.c"
../src/multiplier.c: In function 'main':
../src/multiplier.c:10:12: error: void value not ignored as it ought to be
  passed += test_mult(1,0);
            ^~~~~~~~~~~~~~
../src/multiplier.c:11:37: warning: format '%d' expects a matching 'int' argument [-Wformat=]
  printf("\nTests Complete!\nPassed %d/%d cases.\n\n");
                                    ~^
../src/multiplier.c:11:40: warning: format '%d' expects a matching 'int' argument [-Wformat=]
  printf("\nTests Complete!\nPassed %d/%d cases.\n\n");
                                       ~^
../src/multiplier.c:8:14: warning: unused variable 'total' [-Wunused-variable]
  int passed, total=1;
              ^~~~~
../src/multiplier.c: At top level:
../src/multiplier.c:15:5: error: conflicting types for 'test_mult'
 int test_mult(uint32_t A, uint32_t B){
     ^~~~~~~~~
../src/multiplier.c:5:6: note: previous declaration of 'test_mult' was here
 void test_mult(uint32_t,uint32_t);
      ^~~~~~~~~
../src/multiplier.c: In function 'test_mult':
../src/multiplier.c:32:26: warning: format '%d' expects argument of type 'int', but argument 2 has type 'uint64_t {aka long long unsigned int}' [-Wformat=]
   printf("Failed Case:\t%d * %d = %d\n", A64, B64, R64);
                         ~^
                         %lld
../src/multiplier.c:32:31: warning: format '%d' expects argument of type 'int', but argument 3 has type 'uint64_t {aka long long unsigned int}' [-Wformat=]
   printf("Failed Case:\t%d * %d = %d\n", A64, B64, R64);
                              ~^
                              %lld
../src/multiplier.c:32:36: warning: format '%d' expects argument of type 'int', but argument 4 has type 'uint64_t {aka long long unsigned int}' [-Wformat=]
   printf("Failed Case:\t%d * %d = %d\n", A64, B64, R64);
                                   ~^
                                   %lld
make: *** [src/subdir.mk:23: src/multiplier.o] Error 1
13:47:39 **** Auto Build of configuration Debug for project multiplier ****
make pre-build main-build 
a9-linaro-pre-build-step
' '
'Building file: ../src/multiplier.c'
'Invoking: ARM v7 gcc compiler'
arm-none-eabi-gcc -Wall -O0 -g3 -c -fmessage-length=0 -MT"src/multiplier.o" -mcpu=cortex-a9 -mfpu=vfpv3 -mfloat-abi=hard -I../../multiplier_bsp/ps7_cortexa9_0/include -MMD -MP -MF"src/multiplier.d" -MT"src/multiplier.o" -o "src/multiplier.o" "../src/multiplier.c"
../src/multiplier.c: In function 'main':
../src/multiplier.c:11:37: warning: format '%d' expects a matching 'int' argument [-Wformat=]
  printf("\nTests Complete!\nPassed %d/%d cases.\n\n");
                                    ~^
../src/multiplier.c:11:40: warning: format '%d' expects a matching 'int' argument [-Wformat=]
  printf("\nTests Complete!\nPassed %d/%d cases.\n\n");
                                       ~^
../src/multiplier.c:8:14: warning: unused variable 'total' [-Wunused-variable]
  int passed, total=1;
              ^~~~~
../src/multiplier.c: In function 'test_mult':
../src/multiplier.c:32:26: warning: format '%d' expects argument of type 'int', but argument 2 has type 'uint64_t {aka long long unsigned int}' [-Wformat=]
   printf("Failed Case:\t%d * %d = %d\n", A64, B64, R64);
                         ~^
                         %lld
../src/multiplier.c:32:31: warning: format '%d' expects argument of type 'int', but argument 3 has type 'uint64_t {aka long long unsigned int}' [-Wformat=]
   printf("Failed Case:\t%d * %d = %d\n", A64, B64, R64);
                              ~^
                              %lld
../src/multiplier.c:32:36: warning: format '%d' expects argument of type 'int', but argument 4 has type 'uint64_t {aka long long unsigned int}' [-Wformat=]
   printf("Failed Case:\t%d * %d = %d\n", A64, B64, R64);
                                   ~^
                                   %lld
../src/multiplier.c: In function 'main':
../src/multiplier.c:10:9: warning: 'passed' is used uninitialized in this function [-Wuninitialized]
  passed += test_mult(1,0);
         ^~
'Finished building: ../src/multiplier.c'
' '
'Building target: multiplier.elf'
'Invoking: ARM v7 gcc linker'
arm-none-eabi-gcc -mcpu=cortex-a9 -mfpu=vfpv3 -mfloat-abi=hard -Wl,-build-id=none -specs=Xilinx.spec -Wl,-T -Wl,../src/lscript.ld -L../../multiplier_bsp/ps7_cortexa9_0/lib -o "multiplier.elf"  ./src/multiplier.o   -Wl,--start-group,-lxil,-lgcc,-lc,--end-group
'Finished building target: multiplier.elf'
' '
'Invoking: ARM v7 Print Size'
arm-none-eabi-size multiplier.elf  |tee "multiplier.elf.size"
   text	   data	    bss	    dec	    hex	filename
  70932	   2580	  23328	  96840	  17a48	multiplier.elf
'Finished building: multiplier.elf.size'
' '
13:47:54 **** Auto Build of configuration Debug for project multiplier ****
make pre-build main-build 
a9-linaro-pre-build-step
' '
'Building file: ../src/multiplier.c'
'Invoking: ARM v7 gcc compiler'
arm-none-eabi-gcc -Wall -O0 -g3 -c -fmessage-length=0 -MT"src/multiplier.o" -mcpu=cortex-a9 -mfpu=vfpv3 -mfloat-abi=hard -I../../multiplier_bsp/ps7_cortexa9_0/include -MMD -MP -MF"src/multiplier.d" -MT"src/multiplier.o" -o "src/multiplier.o" "../src/multiplier.c"
../src/multiplier.c: In function 'test_mult':
../src/multiplier.c:32:26: warning: format '%d' expects argument of type 'int', but argument 2 has type 'uint64_t {aka long long unsigned int}' [-Wformat=]
   printf("Failed Case:\t%d * %d = %d\n", A64, B64, R64);
                         ~^
                         %lld
../src/multiplier.c:32:31: warning: format '%d' expects argument of type 'int', but argument 3 has type 'uint64_t {aka long long unsigned int}' [-Wformat=]
   printf("Failed Case:\t%d * %d = %d\n", A64, B64, R64);
                              ~^
                              %lld
../src/multiplier.c:32:36: warning: format '%d' expects argument of type 'int', but argument 4 has type 'uint64_t {aka long long unsigned int}' [-Wformat=]
   printf("Failed Case:\t%d * %d = %d\n", A64, B64, R64);
                                   ~^
                                   %lld
../src/multiplier.c: In function 'main':
../src/multiplier.c:10:9: warning: 'passed' is used uninitialized in this function [-Wuninitialized]
  passed += test_mult(1,0);
         ^~
'Finished building: ../src/multiplier.c'
' '
'Building target: multiplier.elf'
'Invoking: ARM v7 gcc linker'
arm-none-eabi-gcc -mcpu=cortex-a9 -mfpu=vfpv3 -mfloat-abi=hard -Wl,-build-id=none -specs=Xilinx.spec -Wl,-T -Wl,../src/lscript.ld -L../../multiplier_bsp/ps7_cortexa9_0/lib -o "multiplier.elf"  ./src/multiplier.o   -Wl,--start-group,-lxil,-lgcc,-lc,--end-group
'Finished building target: multiplier.elf'
' '
'Invoking: ARM v7 Print Size'
arm-none-eabi-size multiplier.elf  |tee "multiplier.elf.size"
   text	   data	    bss	    dec	    hex	filename
  70932	   2580	  23328	  96840	  17a48	multiplier.elf
'Finished building: multiplier.elf.size'
' '
13:48:02 **** Auto Build of configuration Debug for project multiplier ****
make pre-build main-build 
a9-linaro-pre-build-step
' '
'Building file: ../src/multiplier.c'
'Invoking: ARM v7 gcc compiler'
arm-none-eabi-gcc -Wall -O0 -g3 -c -fmessage-length=0 -MT"src/multiplier.o" -mcpu=cortex-a9 -mfpu=vfpv3 -mfloat-abi=hard -I../../multiplier_bsp/ps7_cortexa9_0/include -MMD -MP -MF"src/multiplier.d" -MT"src/multiplier.o" -o "src/multiplier.o" "../src/multiplier.c"
../src/multiplier.c: In function 'test_mult':
../src/multiplier.c:32:26: warning: format '%d' expects argument of type 'int', but argument 2 has type 'uint64_t {aka long long unsigned int}' [-Wformat=]
   printf("Failed Case:\t%d * %d = %d\n", A64, B64, R64);
                         ~^
                         %lld
../src/multiplier.c:32:31: warning: format '%d' expects argument of type 'int', but argument 3 has type 'uint64_t {aka long long unsigned int}' [-Wformat=]
   printf("Failed Case:\t%d * %d = %d\n", A64, B64, R64);
                              ~^
                              %lld
../src/multiplier.c:32:36: warning: format '%d' expects argument of type 'int', but argument 4 has type 'uint64_t {aka long long unsigned int}' [-Wformat=]
   printf("Failed Case:\t%d * %d = %d\n", A64, B64, R64);
                                   ~^
                                   %lld
'Finished building: ../src/multiplier.c'
' '
'Building target: multiplier.elf'
'Invoking: ARM v7 gcc linker'
arm-none-eabi-gcc -mcpu=cortex-a9 -mfpu=vfpv3 -mfloat-abi=hard -Wl,-build-id=none -specs=Xilinx.spec -Wl,-T -Wl,../src/lscript.ld -L../../multiplier_bsp/ps7_cortexa9_0/lib -o "multiplier.elf"  ./src/multiplier.o   -Wl,--start-group,-lxil,-lgcc,-lc,--end-group
'Finished building target: multiplier.elf'
' '
'Invoking: ARM v7 Print Size'
arm-none-eabi-size multiplier.elf  |tee "multiplier.elf.size"
   text	   data	    bss	    dec	    hex	filename
  70996	   2580	  23328	  96904	  17a88	multiplier.elf
'Finished building: multiplier.elf.size'
' '
13:50:19 **** Incremental Build of configuration Debug for project multiplier ****
make pre-build main-build 
a9-linaro-pre-build-step
' '
make: Nothing to be done for 'main-build'.
13:54:05 **** Auto Build of configuration Debug for project multiplier ****
make pre-build main-build 
a9-linaro-pre-build-step
' '
'Building file: ../src/multiplier.c'
'Invoking: ARM v7 gcc compiler'
arm-none-eabi-gcc -Wall -O0 -g3 -c -fmessage-length=0 -MT"src/multiplier.o" -mcpu=cortex-a9 -mfpu=vfpv3 -mfloat-abi=hard -I../../multiplier_bsp/ps7_cortexa9_0/include -MMD -MP -MF"src/multiplier.d" -MT"src/multiplier.o" -o "src/multiplier.o" "../src/multiplier.c"
../src/multiplier.c: In function 'test_mult':
../src/multiplier.c:34:26: warning: format '%d' expects argument of type 'int', but argument 2 has type 'uint64_t {aka long long unsigned int}' [-Wformat=]
   printf("Failed Case:\t%d * %d = %d\n", A64, B64, R64);
                         ~^
                         %lld
../src/multiplier.c:34:31: warning: format '%d' expects argument of type 'int', but argument 3 has type 'uint64_t {aka long long unsigned int}' [-Wformat=]
   printf("Failed Case:\t%d * %d = %d\n", A64, B64, R64);
                              ~^
                              %lld
../src/multiplier.c:34:36: warning: format '%d' expects argument of type 'int', but argument 4 has type 'uint64_t {aka long long unsigned int}' [-Wformat=]
   printf("Failed Case:\t%d * %d = %d\n", A64, B64, R64);
                                   ~^
                                   %lld
'Finished building: ../src/multiplier.c'
' '
'Building target: multiplier.elf'
'Invoking: ARM v7 gcc linker'
arm-none-eabi-gcc -mcpu=cortex-a9 -mfpu=vfpv3 -mfloat-abi=hard -Wl,-build-id=none -specs=Xilinx.spec -Wl,-T -Wl,../src/lscript.ld -L../../multiplier_bsp/ps7_cortexa9_0/lib -o "multiplier.elf"  ./src/multiplier.o   -Wl,--start-group,-lxil,-lgcc,-lc,--end-group
'Finished building target: multiplier.elf'
' '
'Invoking: ARM v7 Print Size'
arm-none-eabi-size multiplier.elf  |tee "multiplier.elf.size"
   text	   data	    bss	    dec	    hex	filename
  70996	   2580	  23344	  96920	  17a98	multiplier.elf
'Finished building: multiplier.elf.size'
' '
13:54:30 **** Incremental Build of configuration Debug for project multiplier ****
make pre-build main-build 
a9-linaro-pre-build-step
' '
make: Nothing to be done for 'main-build'.
13:57:18 **** Auto Build of configuration Debug for project multiplier ****
make pre-build main-build 
a9-linaro-pre-build-step
' '
'Building file: ../src/multiplier.c'
'Invoking: ARM v7 gcc compiler'
arm-none-eabi-gcc -Wall -O0 -g3 -c -fmessage-length=0 -MT"src/multiplier.o" -mcpu=cortex-a9 -mfpu=vfpv3 -mfloat-abi=hard -I../../multiplier_bsp/ps7_cortexa9_0/include -MMD -MP -MF"src/multiplier.d" -MT"src/multiplier.o" -o "src/multiplier.o" "../src/multiplier.c"
../src/multiplier.c: In function 'test_mult':
../src/multiplier.c:34:26: warning: format '%d' expects argument of type 'int', but argument 2 has type 'uint64_t {aka long long unsigned int}' [-Wformat=]
   printf("Failed Case:\t%d * %d = %d\n", A64, B64, R64);
                         ~^
                         %lld
../src/multiplier.c:34:31: warning: format '%d' expects argument of type 'int', but argument 3 has type 'uint64_t {aka long long unsigned int}' [-Wformat=]
   printf("Failed Case:\t%d * %d = %d\n", A64, B64, R64);
                              ~^
                              %lld
../src/multiplier.c:34:36: warning: format '%d' expects argument of type 'int', but argument 4 has type 'uint64_t {aka long long unsigned int}' [-Wformat=]
   printf("Failed Case:\t%d * %d = %d\n", A64, B64, R64);
                                   ~^
                                   %lld
'Finished building: ../src/multiplier.c'
' '
'Building target: multiplier.elf'
'Invoking: ARM v7 gcc linker'
arm-none-eabi-gcc -mcpu=cortex-a9 -mfpu=vfpv3 -mfloat-abi=hard -Wl,-build-id=none -specs=Xilinx.spec -Wl,-T -Wl,../src/lscript.ld -L../../multiplier_bsp/ps7_cortexa9_0/lib -o "multiplier.elf"  ./src/multiplier.o   -Wl,--start-group,-lxil,-lgcc,-lc,--end-group
'Finished building target: multiplier.elf'
' '
'Invoking: ARM v7 Print Size'
arm-none-eabi-size multiplier.elf  |tee "multiplier.elf.size"
   text	   data	    bss	    dec	    hex	filename
  70932	   2580	  23344	  96856	  17a58	multiplier.elf
'Finished building: multiplier.elf.size'
' '
13:57:31 **** Incremental Build of configuration Debug for project multiplier ****
make pre-build main-build 
a9-linaro-pre-build-step
' '
make: Nothing to be done for 'main-build'.
13:59:43 **** Auto Build of configuration Debug for project multiplier ****
make pre-build main-build 
a9-linaro-pre-build-step
' '
'Building file: ../src/multiplier.c'
'Invoking: ARM v7 gcc compiler'
arm-none-eabi-gcc -Wall -O0 -g3 -c -fmessage-length=0 -MT"src/multiplier.o" -mcpu=cortex-a9 -mfpu=vfpv3 -mfloat-abi=hard -I../../multiplier_bsp/ps7_cortexa9_0/include -MMD -MP -MF"src/multiplier.d" -MT"src/multiplier.o" -o "src/multiplier.o" "../src/multiplier.c"
../src/multiplier.c: In function 'test_mult':
../src/multiplier.c:33:2: warning: implicit declaration of function 'print'; did you mean 'printf'? [-Wimplicit-function-declaration]
  print("A = %d\tB = %d\tR_correct = %d\tR_result = %d"
  ^~~~~
  printf
../src/multiplier.c:34:4: error: expected ')' before 'A'
    A,B,A*B,R64);
    ^
../src/multiplier.c:37:26: warning: format '%d' expects argument of type 'int', but argument 2 has type 'uint64_t {aka long long unsigned int}' [-Wformat=]
   printf("Failed Case:\t%d * %d = %d\n", A64, B64, R64);
                         ~^
                         %lld
../src/multiplier.c:37:31: warning: format '%d' expects argument of type 'int', but argument 3 has type 'uint64_t {aka long long unsigned int}' [-Wformat=]
   printf("Failed Case:\t%d * %d = %d\n", A64, B64, R64);
                              ~^
                              %lld
../src/multiplier.c:37:36: warning: format '%d' expects argument of type 'int', but argument 4 has type 'uint64_t {aka long long unsigned int}' [-Wformat=]
   printf("Failed Case:\t%d * %d = %d\n", A64, B64, R64);
                                   ~^
                                   %lld
make: *** [src/subdir.mk:23: src/multiplier.o] Error 1
13:59:48 **** Auto Build of configuration Debug for project multiplier ****
make pre-build main-build 
a9-linaro-pre-build-step
' '
'Building file: ../src/multiplier.c'
'Invoking: ARM v7 gcc compiler'
arm-none-eabi-gcc -Wall -O0 -g3 -c -fmessage-length=0 -MT"src/multiplier.o" -mcpu=cortex-a9 -mfpu=vfpv3 -mfloat-abi=hard -I../../multiplier_bsp/ps7_cortexa9_0/include -MMD -MP -MF"src/multiplier.d" -MT"src/multiplier.o" -o "src/multiplier.o" "../src/multiplier.c"
../src/multiplier.c: In function 'test_mult':
../src/multiplier.c:33:2: warning: implicit declaration of function 'print'; did you mean 'printf'? [-Wimplicit-function-declaration]
  print("A = %d\tB = %d\tR_correct = %d\tR_result = %d",
  ^~~~~
  printf
../src/multiplier.c:37:26: warning: format '%d' expects argument of type 'int', but argument 2 has type 'uint64_t {aka long long unsigned int}' [-Wformat=]
   printf("Failed Case:\t%d * %d = %d\n", A64, B64, R64);
                         ~^
                         %lld
../src/multiplier.c:37:31: warning: format '%d' expects argument of type 'int', but argument 3 has type 'uint64_t {aka long long unsigned int}' [-Wformat=]
   printf("Failed Case:\t%d * %d = %d\n", A64, B64, R64);
                              ~^
                              %lld
../src/multiplier.c:37:36: warning: format '%d' expects argument of type 'int', but argument 4 has type 'uint64_t {aka long long unsigned int}' [-Wformat=]
   printf("Failed Case:\t%d * %d = %d\n", A64, B64, R64);
                                   ~^
                                   %lld
'Finished building: ../src/multiplier.c'
' '
'Building target: multiplier.elf'
'Invoking: ARM v7 gcc linker'
arm-none-eabi-gcc -mcpu=cortex-a9 -mfpu=vfpv3 -mfloat-abi=hard -Wl,-build-id=none -specs=Xilinx.spec -Wl,-T -Wl,../src/lscript.ld -L../../multiplier_bsp/ps7_cortexa9_0/lib -o "multiplier.elf"  ./src/multiplier.o   -Wl,--start-group,-lxil,-lgcc,-lc,--end-group
'Finished building target: multiplier.elf'
' '
'Invoking: ARM v7 Print Size'
arm-none-eabi-size multiplier.elf  |tee "multiplier.elf.size"
   text	   data	    bss	    dec	    hex	filename
  71080	   2580	  23344	  97004	  17aec	multiplier.elf
'Finished building: multiplier.elf.size'
' '
14:00:01 **** Incremental Build of configuration Debug for project multiplier ****
make pre-build main-build 
a9-linaro-pre-build-step
' '
make: Nothing to be done for 'main-build'.
14:00:01 **** Incremental Build of configuration Debug for project multiplier ****
make pre-build main-build 
a9-linaro-pre-build-step
' '
make: Nothing to be done for 'main-build'.
14:00:39 **** Auto Build of configuration Debug for project multiplier ****
make pre-build main-build 
a9-linaro-pre-build-step
' '
'Building file: ../src/multiplier.c'
'Invoking: ARM v7 gcc compiler'
arm-none-eabi-gcc -Wall -O0 -g3 -c -fmessage-length=0 -MT"src/multiplier.o" -mcpu=cortex-a9 -mfpu=vfpv3 -mfloat-abi=hard -I../../multiplier_bsp/ps7_cortexa9_0/include -MMD -MP -MF"src/multiplier.d" -MT"src/multiplier.o" -o "src/multiplier.o" "../src/multiplier.c"
../src/multiplier.c: In function 'test_mult':
../src/multiplier.c:33:15: warning: format '%d' expects argument of type 'int', but argument 2 has type 'uint32_t {aka long unsigned int}' [-Wformat=]
  printf("A = %d\tB = %d\tR_correct = %d\tR_result = %d\n",
              ~^
              %ld
../src/multiplier.c:33:23: warning: format '%d' expects argument of type 'int', but argument 3 has type 'uint32_t {aka long unsigned int}' [-Wformat=]
  printf("A = %d\tB = %d\tR_correct = %d\tR_result = %d\n",
                      ~^
                      %ld
../src/multiplier.c:33:39: warning: format '%d' expects argument of type 'int', but argument 4 has type 'uint32_t {aka long unsigned int}' [-Wformat=]
  printf("A = %d\tB = %d\tR_correct = %d\tR_result = %d\n",
                                      ~^
                                      %ld
    A,B,A*B,R64);
        ~~~                             
../src/multiplier.c:33:54: warning: format '%d' expects argument of type 'int', but argument 5 has type 'uint64_t {aka long long unsigned int}' [-Wformat=]
  printf("A = %d\tB = %d\tR_correct = %d\tR_result = %d\n",
                                                     ~^
                                                     %lld
../src/multiplier.c:37:26: warning: format '%d' expects argument of type 'int', but argument 2 has type 'uint64_t {aka long long unsigned int}' [-Wformat=]
   printf("Failed Case:\t%d * %d = %d\n", A64, B64, R64);
                         ~^
                         %lld
../src/multiplier.c:37:31: warning: format '%d' expects argument of type 'int', but argument 3 has type 'uint64_t {aka long long unsigned int}' [-Wformat=]
   printf("Failed Case:\t%d * %d = %d\n", A64, B64, R64);
                              ~^
                              %lld
../src/multiplier.c:37:36: warning: format '%d' expects argument of type 'int', but argument 4 has type 'uint64_t {aka long long unsigned int}' [-Wformat=]
   printf("Failed Case:\t%d * %d = %d\n", A64, B64, R64);
                                   ~^
                                   %lld
'Finished building: ../src/multiplier.c'
' '
'Building target: multiplier.elf'
'Invoking: ARM v7 gcc linker'
arm-none-eabi-gcc -mcpu=cortex-a9 -mfpu=vfpv3 -mfloat-abi=hard -Wl,-build-id=none -specs=Xilinx.spec -Wl,-T -Wl,../src/lscript.ld -L../../multiplier_bsp/ps7_cortexa9_0/lib -o "multiplier.elf"  ./src/multiplier.o   -Wl,--start-group,-lxil,-lgcc,-lc,--end-group
'Finished building target: multiplier.elf'
' '
'Invoking: ARM v7 Print Size'
arm-none-eabi-size multiplier.elf  |tee "multiplier.elf.size"
   text	   data	    bss	    dec	    hex	filename
  71036	   2580	  23344	  96960	  17ac0	multiplier.elf
'Finished building: multiplier.elf.size'
' '
14:00:43 **** Incremental Build of configuration Debug for project multiplier ****
make pre-build main-build 
a9-linaro-pre-build-step
' '
make: Nothing to be done for 'main-build'.
14:01:28 **** Auto Build of configuration Debug for project multiplier ****
make pre-build main-build 
a9-linaro-pre-build-step
' '
'Building file: ../src/multiplier.c'
'Invoking: ARM v7 gcc compiler'
arm-none-eabi-gcc -Wall -O0 -g3 -c -fmessage-length=0 -MT"src/multiplier.o" -mcpu=cortex-a9 -mfpu=vfpv3 -mfloat-abi=hard -I../../multiplier_bsp/ps7_cortexa9_0/include -MMD -MP -MF"src/multiplier.d" -MT"src/multiplier.o" -o "src/multiplier.o" "../src/multiplier.c"
../src/multiplier.c: In function 'test_mult':
../src/multiplier.c:33:15: warning: format '%d' expects argument of type 'int', but argument 2 has type 'uint64_t {aka long long unsigned int}' [-Wformat=]
  printf("A = %d\tB = %d\tR_correct = %d\tR_result = %d\n",
              ~^
              %lld
../src/multiplier.c:33:23: warning: format '%d' expects argument of type 'int', but argument 3 has type 'uint64_t {aka long long unsigned int}' [-Wformat=]
  printf("A = %d\tB = %d\tR_correct = %d\tR_result = %d\n",
                      ~^
                      %lld
../src/multiplier.c:33:39: warning: format '%d' expects argument of type 'int', but argument 4 has type 'uint64_t {aka long long unsigned int}' [-Wformat=]
  printf("A = %d\tB = %d\tR_correct = %d\tR_result = %d\n",
                                      ~^
                                      %lld
    A64,B64,A64*B64,R64);
            ~~~~~~~                     
../src/multiplier.c:33:54: warning: format '%d' expects argument of type 'int', but argument 5 has type 'uint64_t {aka long long unsigned int}' [-Wformat=]
  printf("A = %d\tB = %d\tR_correct = %d\tR_result = %d\n",
                                                     ~^
                                                     %lld
../src/multiplier.c:37:26: warning: format '%d' expects argument of type 'int', but argument 2 has type 'uint64_t {aka long long unsigned int}' [-Wformat=]
   printf("Failed Case:\t%d * %d = %d\n", A64, B64, R64);
                         ~^
                         %lld
../src/multiplier.c:37:31: warning: format '%d' expects argument of type 'int', but argument 3 has type 'uint64_t {aka long long unsigned int}' [-Wformat=]
   printf("Failed Case:\t%d * %d = %d\n", A64, B64, R64);
                              ~^
                              %lld
../src/multiplier.c:37:36: warning: format '%d' expects argument of type 'int', but argument 4 has type 'uint64_t {aka long long unsigned int}' [-Wformat=]
   printf("Failed Case:\t%d * %d = %d\n", A64, B64, R64);
                                   ~^
                                   %lld
'Finished building: ../src/multiplier.c'
' '
'Building target: multiplier.elf'
'Invoking: ARM v7 gcc linker'
arm-none-eabi-gcc -mcpu=cortex-a9 -mfpu=vfpv3 -mfloat-abi=hard -Wl,-build-id=none -specs=Xilinx.spec -Wl,-T -Wl,../src/lscript.ld -L../../multiplier_bsp/ps7_cortexa9_0/lib -o "multiplier.elf"  ./src/multiplier.o   -Wl,--start-group,-lxil,-lgcc,-lc,--end-group
'Finished building target: multiplier.elf'
' '
'Invoking: ARM v7 Print Size'
arm-none-eabi-size multiplier.elf  |tee "multiplier.elf.size"
   text	   data	    bss	    dec	    hex	filename
  71100	   2580	  23344	  97024	  17b00	multiplier.elf
'Finished building: multiplier.elf.size'
' '
14:01:36 **** Incremental Build of configuration Debug for project multiplier ****
make pre-build main-build 
a9-linaro-pre-build-step
' '
make: Nothing to be done for 'main-build'.
14:02:03 **** Auto Build of configuration Debug for project multiplier ****
make pre-build main-build 
a9-linaro-pre-build-step
' '
'Building file: ../src/multiplier.c'
'Invoking: ARM v7 gcc compiler'
arm-none-eabi-gcc -Wall -O0 -g3 -c -fmessage-length=0 -MT"src/multiplier.o" -mcpu=cortex-a9 -mfpu=vfpv3 -mfloat-abi=hard -I../../multiplier_bsp/ps7_cortexa9_0/include -MMD -MP -MF"src/multiplier.d" -MT"src/multiplier.o" -o "src/multiplier.o" "../src/multiplier.c"
../src/multiplier.c: In function 'test_mult':
../src/multiplier.c:33:15: warning: format '%d' expects argument of type 'int', but argument 2 has type 'uint64_t {aka long long unsigned int}' [-Wformat=]
  printf("A = %d\tB = %d\tR_correct = %d\tR_result = %d\n",
              ~^
              %lld
../src/multiplier.c:33:23: warning: format '%d' expects argument of type 'int', but argument 3 has type 'uint64_t {aka long long unsigned int}' [-Wformat=]
  printf("A = %d\tB = %d\tR_correct = %d\tR_result = %d\n",
                      ~^
                      %lld
../src/multiplier.c:33:39: warning: format '%d' expects argument of type 'int', but argument 4 has type 'uint64_t {aka long long unsigned int}' [-Wformat=]
  printf("A = %d\tB = %d\tR_correct = %d\tR_result = %d\n",
                                      ~^
                                      %lld
    A64,B64,A64*B64,R64);
            ~~~~~~~                     
../src/multiplier.c:33:54: warning: format '%d' expects argument of type 'int', but argument 5 has type 'uint64_t {aka long long unsigned int}' [-Wformat=]
  printf("A = %d\tB = %d\tR_correct = %d\tR_result = %d\n",
                                                     ~^
                                                     %lld
../src/multiplier.c:37:26: warning: format '%d' expects argument of type 'int', but argument 2 has type 'uint64_t {aka long long unsigned int}' [-Wformat=]
   printf("Failed Case:\t%d * %d = %d\n", A64, B64, R64);
                         ~^
                         %lld
../src/multiplier.c:37:31: warning: format '%d' expects argument of type 'int', but argument 3 has type 'uint64_t {aka long long unsigned int}' [-Wformat=]
   printf("Failed Case:\t%d * %d = %d\n", A64, B64, R64);
                              ~^
                              %lld
../src/multiplier.c:37:36: warning: format '%d' expects argument of type 'int', but argument 4 has type 'uint64_t {aka long long unsigned int}' [-Wformat=]
   printf("Failed Case:\t%d * %d = %d\n", A64, B64, R64);
                                   ~^
                                   %lld
'Finished building: ../src/multiplier.c'
' '
'Building target: multiplier.elf'
'Invoking: ARM v7 gcc linker'
arm-none-eabi-gcc -mcpu=cortex-a9 -mfpu=vfpv3 -mfloat-abi=hard -Wl,-build-id=none -specs=Xilinx.spec -Wl,-T -Wl,../src/lscript.ld -L../../multiplier_bsp/ps7_cortexa9_0/lib -o "multiplier.elf"  ./src/multiplier.o   -Wl,--start-group,-lxil,-lgcc,-lc,--end-group
'Finished building target: multiplier.elf'
' '
'Invoking: ARM v7 Print Size'
arm-none-eabi-size multiplier.elf  |tee "multiplier.elf.size"
   text	   data	    bss	    dec	    hex	filename
  71100	   2580	  23344	  97024	  17b00	multiplier.elf
'Finished building: multiplier.elf.size'
' '
14:02:09 **** Incremental Build of configuration Debug for project multiplier ****
make pre-build main-build 
a9-linaro-pre-build-step
' '
make: Nothing to be done for 'main-build'.
14:09:13 **** Auto Build of configuration Debug for project multiplier ****
make pre-build main-build 
a9-linaro-pre-build-step
' '
'Building file: ../src/multiplier.c'
'Invoking: ARM v7 gcc compiler'
arm-none-eabi-gcc -Wall -O0 -g3 -c -fmessage-length=0 -MT"src/multiplier.o" -mcpu=cortex-a9 -mfpu=vfpv3 -mfloat-abi=hard -I../../multiplier_bsp/ps7_cortexa9_0/include -MMD -MP -MF"src/multiplier.d" -MT"src/multiplier.o" -o "src/multiplier.o" "../src/multiplier.c"
../src/multiplier.c: In function 'test_mult':
../src/multiplier.c:29:15: warning: format '%d' expects argument of type 'int', but argument 2 has type 'long long unsigned int' [-Wformat=]
  printf("A = %d\tB = %d\tR_correct = %d\tR_result = %d\n",
              ~^
              %lld
    (uint64_t) A, (uint64_t) B, (uint64_t) A * (uint64_t) B, R64);
    ~~~~~~~~~~~~
../src/multiplier.c:29:23: warning: format '%d' expects argument of type 'int', but argument 3 has type 'long long unsigned int' [-Wformat=]
  printf("A = %d\tB = %d\tR_correct = %d\tR_result = %d\n",
                      ~^
                      %lld
    (uint64_t) A, (uint64_t) B, (uint64_t) A * (uint64_t) B, R64);
                  ~~~~~~~~~~~~
../src/multiplier.c:29:39: warning: format '%d' expects argument of type 'int', but argument 4 has type 'long long unsigned int' [-Wformat=]
  printf("A = %d\tB = %d\tR_correct = %d\tR_result = %d\n",
                                      ~^
                                      %lld
    (uint64_t) A, (uint64_t) B, (uint64_t) A * (uint64_t) B, R64);
                                ~~~~~~~~~~~~~~~~~~~~~~~~~~~
../src/multiplier.c:29:54: warning: format '%d' expects argument of type 'int', but argument 5 has type 'uint64_t {aka long long unsigned int}' [-Wformat=]
  printf("A = %d\tB = %d\tR_correct = %d\tR_result = %d\n",
                                                     ~^
                                                     %lld
../src/multiplier.c:32:12: error: 'A64' undeclared (first use in this function); did you mean 'R64'?
  if(R64 != A64*B64){
            ^~~
            R64
../src/multiplier.c:32:12: note: each undeclared identifier is reported only once for each function it appears in
../src/multiplier.c:32:16: error: 'B64' undeclared (first use in this function); did you mean 'A64'?
  if(R64 != A64*B64){
                ^~~
                A64
make: *** [src/subdir.mk:23: src/multiplier.o] Error 1
14:09:29 **** Auto Build of configuration Debug for project multiplier ****
make pre-build main-build 
a9-linaro-pre-build-step
' '
'Building file: ../src/multiplier.c'
'Invoking: ARM v7 gcc compiler'
arm-none-eabi-gcc -Wall -O0 -g3 -c -fmessage-length=0 -MT"src/multiplier.o" -mcpu=cortex-a9 -mfpu=vfpv3 -mfloat-abi=hard -I../../multiplier_bsp/ps7_cortexa9_0/include -MMD -MP -MF"src/multiplier.d" -MT"src/multiplier.o" -o "src/multiplier.o" "../src/multiplier.c"
../src/multiplier.c: In function 'test_mult':
../src/multiplier.c:29:15: warning: format '%d' expects argument of type 'int', but argument 2 has type 'long long unsigned int' [-Wformat=]
  printf("A = %d\tB = %d\tR_correct = %d\tR_result = %d\n",
              ~^
              %lld
    (uint64_t) A, (uint64_t) B, (uint64_t) A * (uint64_t) B, R);
    ~~~~~~~~~~~~
../src/multiplier.c:29:23: warning: format '%d' expects argument of type 'int', but argument 3 has type 'long long unsigned int' [-Wformat=]
  printf("A = %d\tB = %d\tR_correct = %d\tR_result = %d\n",
                      ~^
                      %lld
    (uint64_t) A, (uint64_t) B, (uint64_t) A * (uint64_t) B, R);
                  ~~~~~~~~~~~~
../src/multiplier.c:29:39: warning: format '%d' expects argument of type 'int', but argument 4 has type 'long long unsigned int' [-Wformat=]
  printf("A = %d\tB = %d\tR_correct = %d\tR_result = %d\n",
                                      ~^
                                      %lld
    (uint64_t) A, (uint64_t) B, (uint64_t) A * (uint64_t) B, R);
                                ~~~~~~~~~~~~~~~~~~~~~~~~~~~
../src/multiplier.c:29:54: warning: format '%d' expects argument of type 'int', but argument 5 has type 'uint64_t {aka long long unsigned int}' [-Wformat=]
  printf("A = %d\tB = %d\tR_correct = %d\tR_result = %d\n",
                                                     ~^
                                                     %lld
../src/multiplier.c:32:5: error: 'R64' undeclared (first use in this function)
  if(R64 != A64*B64){
     ^~~
../src/multiplier.c:32:5: note: each undeclared identifier is reported only once for each function it appears in
../src/multiplier.c:32:12: error: 'A64' undeclared (first use in this function); did you mean 'R64'?
  if(R64 != A64*B64){
            ^~~
            R64
../src/multiplier.c:32:16: error: 'B64' undeclared (first use in this function); did you mean 'A64'?
  if(R64 != A64*B64){
                ^~~
                A64
../src/multiplier.c:33:26: warning: format '%d' expects argument of type 'int', but argument 2 has type 'long long unsigned int' [-Wformat=]
   printf("Failed Case:\t%d * %d = %d\n", (uint64_t) A, (uint64_t) B, R);
                         ~^               ~~~~~~~~~~~~
                         %lld
../src/multiplier.c:33:31: warning: format '%d' expects argument of type 'int', but argument 3 has type 'long long unsigned int' [-Wformat=]
   printf("Failed Case:\t%d * %d = %d\n", (uint64_t) A, (uint64_t) B, R);
                              ~^                        ~~~~~~~~~~~~
                              %lld
../src/multiplier.c:33:36: warning: format '%d' expects argument of type 'int', but argument 4 has type 'uint64_t {aka long long unsigned int}' [-Wformat=]
   printf("Failed Case:\t%d * %d = %d\n", (uint64_t) A, (uint64_t) B, R);
                                   ~^
                                   %lld
make: *** [src/subdir.mk:23: src/multiplier.o] Error 1
14:09:46 **** Auto Build of configuration Debug for project multiplier ****
make pre-build main-build 
a9-linaro-pre-build-step
' '
'Building file: ../src/multiplier.c'
'Invoking: ARM v7 gcc compiler'
arm-none-eabi-gcc -Wall -O0 -g3 -c -fmessage-length=0 -MT"src/multiplier.o" -mcpu=cortex-a9 -mfpu=vfpv3 -mfloat-abi=hard -I../../multiplier_bsp/ps7_cortexa9_0/include -MMD -MP -MF"src/multiplier.d" -MT"src/multiplier.o" -o "src/multiplier.o" "../src/multiplier.c"
../src/multiplier.c: In function 'test_mult':
../src/multiplier.c:29:15: warning: format '%d' expects argument of type 'int', but argument 2 has type 'long long unsigned int' [-Wformat=]
  printf("A = %d\tB = %d\tR_correct = %d\tR_result = %d\n",
              ~^
              %lld
    (uint64_t) A, (uint64_t) B, (uint64_t) A * (uint64_t) B, R);
    ~~~~~~~~~~~~
../src/multiplier.c:29:23: warning: format '%d' expects argument of type 'int', but argument 3 has type 'long long unsigned int' [-Wformat=]
  printf("A = %d\tB = %d\tR_correct = %d\tR_result = %d\n",
                      ~^
                      %lld
    (uint64_t) A, (uint64_t) B, (uint64_t) A * (uint64_t) B, R);
                  ~~~~~~~~~~~~
../src/multiplier.c:29:39: warning: format '%d' expects argument of type 'int', but argument 4 has type 'long long unsigned int' [-Wformat=]
  printf("A = %d\tB = %d\tR_correct = %d\tR_result = %d\n",
                                      ~^
                                      %lld
    (uint64_t) A, (uint64_t) B, (uint64_t) A * (uint64_t) B, R);
                                ~~~~~~~~~~~~~~~~~~~~~~~~~~~
../src/multiplier.c:29:54: warning: format '%d' expects argument of type 'int', but argument 5 has type 'uint64_t {aka long long unsigned int}' [-Wformat=]
  printf("A = %d\tB = %d\tR_correct = %d\tR_result = %d\n",
                                                     ~^
                                                     %lld
../src/multiplier.c:33:26: warning: format '%d' expects argument of type 'int', but argument 2 has type 'long long unsigned int' [-Wformat=]
   printf("Failed Case:\t%d * %d = %d\n", (uint64_t) A, (uint64_t) B, R);
                         ~^               ~~~~~~~~~~~~
                         %lld
../src/multiplier.c:33:31: warning: format '%d' expects argument of type 'int', but argument 3 has type 'long long unsigned int' [-Wformat=]
   printf("Failed Case:\t%d * %d = %d\n", (uint64_t) A, (uint64_t) B, R);
                              ~^                        ~~~~~~~~~~~~
                              %lld
../src/multiplier.c:33:36: warning: format '%d' expects argument of type 'int', but argument 4 has type 'uint64_t {aka long long unsigned int}' [-Wformat=]
   printf("Failed Case:\t%d * %d = %d\n", (uint64_t) A, (uint64_t) B, R);
                                   ~^
                                   %lld
'Finished building: ../src/multiplier.c'
' '
'Building target: multiplier.elf'
'Invoking: ARM v7 gcc linker'
arm-none-eabi-gcc -mcpu=cortex-a9 -mfpu=vfpv3 -mfloat-abi=hard -Wl,-build-id=none -specs=Xilinx.spec -Wl,-T -Wl,../src/lscript.ld -L../../multiplier_bsp/ps7_cortexa9_0/lib -o "multiplier.elf"  ./src/multiplier.o   -Wl,--start-group,-lxil,-lgcc,-lc,--end-group
'Finished building target: multiplier.elf'
' '
'Invoking: ARM v7 Print Size'
arm-none-eabi-size multiplier.elf  |tee "multiplier.elf.size"
   text	   data	    bss	    dec	    hex	filename
  71100	   2580	  23344	  97024	  17b00	multiplier.elf
'Finished building: multiplier.elf.size'
' '
14:10:06 **** Incremental Build of configuration Debug for project multiplier ****
make pre-build main-build 
a9-linaro-pre-build-step
' '
make: Nothing to be done for 'main-build'.
14:13:18 **** Auto Build of configuration Debug for project multiplier ****
make pre-build main-build 
a9-linaro-pre-build-step
' '
'Building file: ../src/multiplier.c'
'Invoking: ARM v7 gcc compiler'
arm-none-eabi-gcc -Wall -O0 -g3 -c -fmessage-length=0 -MT"src/multiplier.o" -mcpu=cortex-a9 -mfpu=vfpv3 -mfloat-abi=hard -I../../multiplier_bsp/ps7_cortexa9_0/include -MMD -MP -MF"src/multiplier.d" -MT"src/multiplier.o" -o "src/multiplier.o" "../src/multiplier.c"
../src/multiplier.c: In function 'test_mult':
../src/multiplier.c:29:15: warning: format '%d' expects argument of type 'int', but argument 2 has type 'uint32_t {aka long unsigned int}' [-Wformat=]
  printf("A = %d\tB = %d\tR_correct = %d\tR_result = %d\n",
              ~^
              %ld
../src/multiplier.c:29:23: warning: format '%d' expects argument of type 'int', but argument 3 has type 'uint32_t {aka long unsigned int}' [-Wformat=]
  printf("A = %d\tB = %d\tR_correct = %d\tR_result = %d\n",
                      ~^
                      %ld
../src/multiplier.c:29:39: warning: format '%d' expects argument of type 'int', but argument 4 has type 'uint32_t {aka long unsigned int}' [-Wformat=]
  printf("A = %d\tB = %d\tR_correct = %d\tR_result = %d\n",
                                      ~^
                                      %ld
    A, B, A*B, R);
          ~~~                           
../src/multiplier.c:29:54: warning: format '%d' expects argument of type 'int', but argument 5 has type 'uint64_t {aka long long unsigned int}' [-Wformat=]
  printf("A = %d\tB = %d\tR_correct = %d\tR_result = %d\n",
                                                     ~^
                                                     %lld
../src/multiplier.c:31:15: warning: format '%d' expects argument of type 'int', but argument 2 has type 'long long unsigned int' [-Wformat=]
  printf("A = %d\tB = %d\tR_correct = %d\tR_result = %d\n",
              ~^
              %lld
    (uint64_t) A, (uint64_t) B, (uint64_t) A * (uint64_t) B, R);
    ~~~~~~~~~~~~
../src/multiplier.c:31:23: warning: format '%d' expects argument of type 'int', but argument 3 has type 'long long unsigned int' [-Wformat=]
  printf("A = %d\tB = %d\tR_correct = %d\tR_result = %d\n",
                      ~^
                      %lld
    (uint64_t) A, (uint64_t) B, (uint64_t) A * (uint64_t) B, R);
                  ~~~~~~~~~~~~
../src/multiplier.c:31:39: warning: format '%d' expects argument of type 'int', but argument 4 has type 'long long unsigned int' [-Wformat=]
  printf("A = %d\tB = %d\tR_correct = %d\tR_result = %d\n",
                                      ~^
                                      %lld
    (uint64_t) A, (uint64_t) B, (uint64_t) A * (uint64_t) B, R);
                                ~~~~~~~~~~~~~~~~~~~~~~~~~~~
../src/multiplier.c:31:54: warning: format '%d' expects argument of type 'int', but argument 5 has type 'uint64_t {aka long long unsigned int}' [-Wformat=]
  printf("A = %d\tB = %d\tR_correct = %d\tR_result = %d\n",
                                                     ~^
                                                     %lld
../src/multiplier.c:35:26: warning: format '%d' expects argument of type 'int', but argument 2 has type 'long long unsigned int' [-Wformat=]
   printf("Failed Case:\t%d * %d = %d\n", (uint64_t) A, (uint64_t) B, R);
                         ~^               ~~~~~~~~~~~~
                         %lld
../src/multiplier.c:35:31: warning: format '%d' expects argument of type 'int', but argument 3 has type 'long long unsigned int' [-Wformat=]
   printf("Failed Case:\t%d * %d = %d\n", (uint64_t) A, (uint64_t) B, R);
                              ~^                        ~~~~~~~~~~~~
                              %lld
../src/multiplier.c:35:36: warning: format '%d' expects argument of type 'int', but argument 4 has type 'uint64_t {aka long long unsigned int}' [-Wformat=]
   printf("Failed Case:\t%d * %d = %d\n", (uint64_t) A, (uint64_t) B, R);
                                   ~^
                                   %lld
'Finished building: ../src/multiplier.c'
' '
'Building target: multiplier.elf'
'Invoking: ARM v7 gcc linker'
arm-none-eabi-gcc -mcpu=cortex-a9 -mfpu=vfpv3 -mfloat-abi=hard -Wl,-build-id=none -specs=Xilinx.spec -Wl,-T -Wl,../src/lscript.ld -L../../multiplier_bsp/ps7_cortexa9_0/lib -o "multiplier.elf"  ./src/multiplier.o   -Wl,--start-group,-lxil,-lgcc,-lc,--end-group
'Finished building target: multiplier.elf'
' '
'Invoking: ARM v7 Print Size'
arm-none-eabi-size multiplier.elf  |tee "multiplier.elf.size"
   text	   data	    bss	    dec	    hex	filename
  71164	   2580	  23344	  97088	  17b40	multiplier.elf
'Finished building: multiplier.elf.size'
' '
14:13:20 **** Incremental Build of configuration Debug for project multiplier ****
make pre-build main-build 
a9-linaro-pre-build-step
' '
make: Nothing to be done for 'main-build'.
14:26:50 **** Auto Build of configuration Debug for project multiplier ****
make pre-build main-build 
a9-linaro-pre-build-step
' '
'Building file: ../src/multiplier.c'
'Invoking: ARM v7 gcc compiler'
arm-none-eabi-gcc -Wall -O0 -g3 -c -fmessage-length=0 -MT"src/multiplier.o" -mcpu=cortex-a9 -mfpu=vfpv3 -mfloat-abi=hard -I../../multiplier_bsp/ps7_cortexa9_0/include -MMD -MP -MF"src/multiplier.d" -MT"src/multiplier.o" -o "src/multiplier.o" "../src/multiplier.c"
../src/multiplier.c: In function 'test_mult':
../src/multiplier.c:30:15: warning: format '%d' expects argument of type 'int', but argument 2 has type 'uint32_t {aka long unsigned int}' [-Wformat=]
  printf("A = %d\tB = %d\tR_correct = %d\tR_result = %d\n",
              ~^
              %ld
../src/multiplier.c:30:23: warning: format '%d' expects argument of type 'int', but argument 3 has type 'uint32_t {aka long unsigned int}' [-Wformat=]
  printf("A = %d\tB = %d\tR_correct = %d\tR_result = %d\n",
                      ~^
                      %ld
../src/multiplier.c:30:39: warning: format '%d' expects argument of type 'int', but argument 4 has type 'uint32_t {aka long unsigned int}' [-Wformat=]
  printf("A = %d\tB = %d\tR_correct = %d\tR_result = %d\n",
                                      ~^
                                      %ld
    A, B, A*B, R);
          ~~~                           
../src/multiplier.c:30:54: warning: format '%d' expects argument of type 'int', but argument 5 has type 'uint64_t {aka long long unsigned int}' [-Wformat=]
  printf("A = %d\tB = %d\tR_correct = %d\tR_result = %d\n",
                                                     ~^
                                                     %lld
../src/multiplier.c:32:15: warning: format '%d' expects argument of type 'int', but argument 2 has type 'long long unsigned int' [-Wformat=]
  printf("A = %d\tB = %d\tR_correct = %d\tR_result = %d\n",
              ~^
              %lld
    (uint64_t) A, (uint64_t) B, (uint64_t) A * (uint64_t) B, R);
    ~~~~~~~~~~~~
../src/multiplier.c:32:23: warning: format '%d' expects argument of type 'int', but argument 3 has type 'long long unsigned int' [-Wformat=]
  printf("A = %d\tB = %d\tR_correct = %d\tR_result = %d\n",
                      ~^
                      %lld
    (uint64_t) A, (uint64_t) B, (uint64_t) A * (uint64_t) B, R);
                  ~~~~~~~~~~~~
../src/multiplier.c:32:39: warning: format '%d' expects argument of type 'int', but argument 4 has type 'long long unsigned int' [-Wformat=]
  printf("A = %d\tB = %d\tR_correct = %d\tR_result = %d\n",
                                      ~^
                                      %lld
    (uint64_t) A, (uint64_t) B, (uint64_t) A * (uint64_t) B, R);
                                ~~~~~~~~~~~~~~~~~~~~~~~~~~~
../src/multiplier.c:32:54: warning: format '%d' expects argument of type 'int', but argument 5 has type 'uint64_t {aka long long unsigned int}' [-Wformat=]
  printf("A = %d\tB = %d\tR_correct = %d\tR_result = %d\n",
                                                     ~^
                                                     %lld
../src/multiplier.c:36:26: warning: format '%d' expects argument of type 'int', but argument 2 has type 'long long unsigned int' [-Wformat=]
   printf("Failed Case:\t%d * %d = %d\n", (uint64_t) A, (uint64_t) B, R);
                         ~^               ~~~~~~~~~~~~
                         %lld
../src/multiplier.c:36:31: warning: format '%d' expects argument of type 'int', but argument 3 has type 'long long unsigned int' [-Wformat=]
   printf("Failed Case:\t%d * %d = %d\n", (uint64_t) A, (uint64_t) B, R);
                              ~^                        ~~~~~~~~~~~~
                              %lld
../src/multiplier.c:36:36: warning: format '%d' expects argument of type 'int', but argument 4 has type 'uint64_t {aka long long unsigned int}' [-Wformat=]
   printf("Failed Case:\t%d * %d = %d\n", (uint64_t) A, (uint64_t) B, R);
                                   ~^
                                   %lld
'Finished building: ../src/multiplier.c'
' '
'Building target: multiplier.elf'
'Invoking: ARM v7 gcc linker'
arm-none-eabi-gcc -mcpu=cortex-a9 -mfpu=vfpv3 -mfloat-abi=hard -Wl,-build-id=none -specs=Xilinx.spec -Wl,-T -Wl,../src/lscript.ld -L../../multiplier_bsp/ps7_cortexa9_0/lib -o "multiplier.elf"  ./src/multiplier.o   -Wl,--start-group,-lxil,-lgcc,-lc,--end-group
'Finished building target: multiplier.elf'
' '
'Invoking: ARM v7 Print Size'
arm-none-eabi-size multiplier.elf  |tee "multiplier.elf.size"
   text	   data	    bss	    dec	    hex	filename
  71228	   2580	  23344	  97152	  17b80	multiplier.elf
'Finished building: multiplier.elf.size'
' '
14:27:08 **** Auto Build of configuration Debug for project multiplier ****
make pre-build main-build 
a9-linaro-pre-build-step
' '
'Building file: ../src/multiplier.c'
'Invoking: ARM v7 gcc compiler'
arm-none-eabi-gcc -Wall -O0 -g3 -c -fmessage-length=0 -MT"src/multiplier.o" -mcpu=cortex-a9 -mfpu=vfpv3 -mfloat-abi=hard -I../../multiplier_bsp/ps7_cortexa9_0/include -MMD -MP -MF"src/multiplier.d" -MT"src/multiplier.o" -o "src/multiplier.o" "../src/multiplier.c"
../src/multiplier.c: In function 'test_mult':
../src/multiplier.c:30:15: warning: format '%d' expects argument of type 'int', but argument 2 has type 'uint32_t {aka long unsigned int}' [-Wformat=]
  printf("A = %d\tB = %d\tR_correct = %d\tR_result = %d\n",
              ~^
              %ld
../src/multiplier.c:30:23: warning: format '%d' expects argument of type 'int', but argument 3 has type 'uint32_t {aka long unsigned int}' [-Wformat=]
  printf("A = %d\tB = %d\tR_correct = %d\tR_result = %d\n",
                      ~^
                      %ld
../src/multiplier.c:30:39: warning: format '%d' expects argument of type 'int', but argument 4 has type 'uint32_t {aka long unsigned int}' [-Wformat=]
  printf("A = %d\tB = %d\tR_correct = %d\tR_result = %d\n",
                                      ~^
                                      %ld
    A, B, A*B, R);
          ~~~                           
[...]
"Compiling scutimer"
"Running Make libs in ps7_cortexa9_0/libsrc/scuwdt_v2_1/src"
make -C ps7_cortexa9_0/libsrc/scuwdt_v2_1/src -s libs  "SHELL=CMD" "COMPILER=arm-none-eabi-gcc" "ARCHIVER=arm-none-eabi-ar" "COMPILER_FLAGS=  -O2 -c" "EXTRA_COMPILER_FLAGS=-mcpu=cortex-a9 -mfpu=vfpv3 -mfloat-abi=hard -nostartfiles -g -Wall -Wextra"
"Compiling scuwdt"
"Running Make libs in ps7_cortexa9_0/libsrc/sdps_v3_6/src"
make -C ps7_cortexa9_0/libsrc/sdps_v3_6/src -s libs  "SHELL=CMD" "COMPILER=arm-none-eabi-gcc" "ARCHIVER=arm-none-eabi-ar" "COMPILER_FLAGS=  -O2 -c" "EXTRA_COMPILER_FLAGS=-mcpu=cortex-a9 -mfpu=vfpv3 -mfloat-abi=hard -nostartfiles -g -Wall -Wextra"
"Compiling sdps"
"Running Make libs in ps7_cortexa9_0/libsrc/standalone_v6_8/src"
make -C ps7_cortexa9_0/libsrc/standalone_v6_8/src -s libs  "SHELL=CMD" "COMPILER=arm-none-eabi-gcc" "ARCHIVER=arm-none-eabi-ar" "COMPILER_FLAGS=  -O2 -c" "EXTRA_COMPILER_FLAGS=-mcpu=cortex-a9 -mfpu=vfpv3 -mfloat-abi=hard -nostartfiles -g -Wall -Wextra"
"Compiling standalone"
In file included from usleep.c:56:0:
xtime_l.h:87:9: note: #pragma message: For the sleep routines, Global timer is being used
 #pragma message ("For the sleep routines, Global timer is being used")
         ^~~~~~~
In file included from xil_sleeptimer.c:51:0:
xtime_l.h:87:9: note: #pragma message: For the sleep routines, Global timer is being used
 #pragma message ("For the sleep routines, Global timer is being used")
         ^~~~~~~
In file included from xtime_l.c:49:0:
xtime_l.h:87:9: note: #pragma message: For the sleep routines, Global timer is being used
 #pragma message ("For the sleep routines, Global timer is being used")
         ^~~~~~~
In file included from sleep.c:53:0:
xtime_l.h:87:9: note: #pragma message: For the sleep routines, Global timer is being used
 #pragma message ("For the sleep routines, Global timer is being used")
         ^~~~~~~
"Running Make libs in ps7_cortexa9_0/libsrc/uartps_v3_7/src"
make -C ps7_cortexa9_0/libsrc/uartps_v3_7/src -s libs  "SHELL=CMD" "COMPILER=arm-none-eabi-gcc" "ARCHIVER=arm-none-eabi-ar" "COMPILER_FLAGS=  -O2 -c" "EXTRA_COMPILER_FLAGS=-mcpu=cortex-a9 -mfpu=vfpv3 -mfloat-abi=hard -nostartfiles -g -Wall -Wextra"
"Compiling uartps"
"Running Make libs in ps7_cortexa9_0/libsrc/usbps_v2_4/src"
make -C ps7_cortexa9_0/libsrc/usbps_v2_4/src -s libs  "SHELL=CMD" "COMPILER=arm-none-eabi-gcc" "ARCHIVER=arm-none-eabi-ar" "COMPILER_FLAGS=  -O2 -c" "EXTRA_COMPILER_FLAGS=-mcpu=cortex-a9 -mfpu=vfpv3 -mfloat-abi=hard -nostartfiles -g -Wall -Wextra"
"Compiling usbps"
"Running Make libs in ps7_cortexa9_0/libsrc/xadcps_v2_3/src"
make -C ps7_cortexa9_0/libsrc/xadcps_v2_3/src -s libs  "SHELL=CMD" "COMPILER=arm-none-eabi-gcc" "ARCHIVER=arm-none-eabi-ar" "COMPILER_FLAGS=  -O2 -c" "EXTRA_COMPILER_FLAGS=-mcpu=cortex-a9 -mfpu=vfpv3 -mfloat-abi=hard -nostartfiles -g -Wall -Wextra"
"Compiling xadcps"
'Finished building libraries'
16:49:18 **** Build of configuration Debug for project multiplier ****
make pre-build main-build 
a9-linaro-pre-build-step
' '
'Building file: ../src/multiplier.c'
'Invoking: ARM v7 gcc compiler'
arm-none-eabi-gcc -Wall -O0 -g3 -c -fmessage-length=0 -MT"src/multiplier.o" -mcpu=cortex-a9 -mfpu=vfpv3 -mfloat-abi=hard -I../../multiplier_bsp/ps7_cortexa9_0/include -MMD -MP -MF"src/multiplier.d" -MT"src/multiplier.o" -o "src/multiplier.o" "../src/multiplier.c"
'Finished building: ../src/multiplier.c'
' '
'Building target: multiplier.elf'
'Invoking: ARM v7 gcc linker'
arm-none-eabi-gcc -mcpu=cortex-a9 -mfpu=vfpv3 -mfloat-abi=hard -Wl,-build-id=none -specs=Xilinx.spec -Wl,-T -Wl,../src/lscript.ld -L../../multiplier_bsp/ps7_cortexa9_0/lib -o "multiplier.elf"  ./src/multiplier.o   -Wl,--start-group,-lxil,-lgcc,-lc,--end-group
'Finished building target: multiplier.elf'
' '
'Invoking: ARM v7 Print Size'
arm-none-eabi-size multiplier.elf  |tee "multiplier.elf.size"
   text	   data	    bss	    dec	    hex	filename
  71348	   2580	  23344	  97272	  17bf8	multiplier.elf
'Finished building: multiplier.elf.size'
' '
16:49:43 **** Incremental Build of configuration Debug for project multiplier ****
make pre-build main-build 
a9-linaro-pre-build-step
' '
make: Nothing to be done for 'main-build'.
10:33:41 **** Auto Build of configuration Debug for project multiplier ****
make pre-build main-build 
a9-linaro-pre-build-step
' '
'Building file: ../src/multiplier.c'
'Invoking: ARM v7 gcc compiler'
arm-none-eabi-gcc -Wall -O0 -g3 -c -fmessage-length=0 -MT"src/multiplier.o" -mcpu=cortex-a9 -mfpu=vfpv3 -mfloat-abi=hard -I../../multiplier_bsp/ps7_cortexa9_0/include -MMD -MP -MF"src/multiplier.d" -MT"src/multiplier.o" -o "src/multiplier.o" "../src/multiplier.c"
'Finished building: ../src/multiplier.c'
' '
'Building target: multiplier.elf'
'Invoking: ARM v7 gcc linker'
arm-none-eabi-gcc -mcpu=cortex-a9 -mfpu=vfpv3 -mfloat-abi=hard -Wl,-build-id=none -specs=Xilinx.spec -Wl,-T -Wl,../src/lscript.ld -L../../multiplier_bsp/ps7_cortexa9_0/lib -o "multiplier.elf"  ./src/multiplier.o   -Wl,--start-group,-lxil,-lgcc,-lc,--end-group
'Finished building target: multiplier.elf'
' '
'Invoking: ARM v7 Print Size'
arm-none-eabi-size multiplier.elf  |tee "multiplier.elf.size"
   text	   data	    bss	    dec	    hex	filename
  71348	   2580	  23344	  97272	  17bf8	multiplier.elf
'Finished building: multiplier.elf.size'
' '
10:33:50 **** Incremental Build of configuration Debug for project multiplier ****
make pre-build main-build 
a9-linaro-pre-build-step
' '
make: Nothing to be done for 'main-build'.
10:59:16 **** Clean-only build of project multiplier_bsp ****
make -k clean 
make -C ps7_cortexa9_0/libsrc/coresightps_dcc_v1_4/src -s clean 
make -C ps7_cortexa9_0/libsrc/cpu_cortexa9_v2_7/src -s clean 
make -C ps7_cortexa9_0/libsrc/ddrps_v1_0/src -s clean 
make -C ps7_cortexa9_0/libsrc/devcfg_v3_5/src -s clean 
make -C ps7_cortexa9_0/libsrc/dmaps_v2_4/src -s clean 
make -C ps7_cortexa9_0/libsrc/emacps_v3_8/src -s clean 
make -C ps7_cortexa9_0/libsrc/gpiops_v3_4/src -s clean 
make -C ps7_cortexa9_0/libsrc/qspips_v3_5/src -s clean 
make -C ps7_cortexa9_0/libsrc/scugic_v3_10/src -s clean 
make -C ps7_cortexa9_0/libsrc/scutimer_v2_1/src -s clean 
make -C ps7_cortexa9_0/libsrc/scuwdt_v2_1/src -s clean 
make -C ps7_cortexa9_0/libsrc/sdps_v3_6/src -s clean 
make -C ps7_cortexa9_0/libsrc/standalone_v6_8/src -s clean 
make -C ps7_cortexa9_0/libsrc/uartps_v3_7/src -s clean 
make -C ps7_cortexa9_0/libsrc/usbps_v2_4/src -s clean 
make -C ps7_cortexa9_0/libsrc/xadcps_v2_3/src -s clean 
rm -f ps7_cortexa9_0/lib/libxil.a
10:59:18 **** Clean-only build of configuration Debug for project multiplier ****
make clean 
rm -rf  ./src/multiplier.o  ./src/multiplier.d  multiplier.elf.size  multiplier.elf
' '
10:59:19 **** Build of project multiplier_bsp ****
make -k all 
"Running Make include in ps7_cortexa9_0/libsrc/coresightps_dcc_v1_4/src"
make -C ps7_cortexa9_0/libsrc/coresightps_dcc_v1_4/src -s include  "SHELL=CMD" "COMPILER=arm-none-eabi-gcc" "ARCHIVER=arm-none-eabi-ar" "COMPILER_FLAGS=  -O2 -c" "EXTRA_COMPILER_FLAGS=-mcpu=cortex-a9 -mfpu=vfpv3 -mfloat-abi=hard -nostartfiles -g -Wall -Wextra"
"Running Make include in ps7_cortexa9_0/libsrc/cpu_cortexa9_v2_7/src"
make -C ps7_cortexa9_0/libsrc/cpu_cortexa9_v2_7/src -s include  "SHELL=CMD" "COMPILER=arm-none-eabi-gcc" "ARCHIVER=arm-none-eabi-ar" "COMPILER_FLAGS=  -O2 -c" "EXTRA_COMPILER_FLAGS=-mcpu=cortex-a9 -mfpu=vfpv3 -mfloat-abi=hard -nostartfiles -g -Wall -Wextra"
"Running Make include in ps7_cortexa9_0/libsrc/ddrps_v1_0/src"
make -C ps7_cortexa9_0/libsrc/ddrps_v1_0/src -s include  "SHELL=CMD" "COMPILER=arm-none-eabi-gcc" "ARCHIVER=arm-none-eabi-ar" "COMPILER_FLAGS=  -O2 -c" "EXTRA_COMPILER_FLAGS=-mcpu=cortex-a9 -mfpu=vfpv3 -mfloat-abi=hard -nostartfiles -g -Wall -Wextra"
"Running Make include in ps7_cortexa9_0/libsrc/devcfg_v3_5/src"
make -C ps7_cortexa9_0/libsrc/devcfg_v3_5/src -s include  "SHELL=CMD" "COMPILER=arm-none-eabi-gcc" "ARCHIVER=arm-none-eabi-ar" "COMPILER_FLAGS=  -O2 -c" "EXTRA_COMPILER_FLAGS=-mcpu=cortex-a9 -mfpu=vfpv3 -mfloat-abi=hard -nostartfiles -g -Wall -Wextra"
"Running Make include in ps7_cortexa9_0/libsrc/dmaps_v2_4/src"
make -C ps7_cortexa9_0/libsrc/dmaps_v2_4/src -s include  "SHELL=CMD" "COMPILER=arm-none-eabi-gcc" "ARCHIVER=arm-none-eabi-ar" "COMPILER_FLAGS=  -O2 -c" "EXTRA_COMPILER_FLAGS=-mcpu=cortex-a9 -mfpu=vfpv3 -mfloat-abi=hard -nostartfiles -g -Wall -Wextra"
"Running Make include in ps7_cortexa9_0/libsrc/emacps_v3_8/src"
make -C ps7_cortexa9_0/libsrc/emacps_v3_8/src -s include  "SHELL=CMD" "COMPILER=arm-none-eabi-gcc" "ARCHIVER=arm-none-eabi-ar" "COMPILER_FLAGS=  -O2 -c" "EXTRA_COMPILER_FLAGS=-mcpu=cortex-a9 -mfpu=vfpv3 -mfloat-abi=hard -nostartfiles -g -Wall -Wextra"
"Running Make include in ps7_cortexa9_0/libsrc/gpiops_v3_4/src"
make -C ps7_cortexa9_0/libsrc/gpiops_v3_4/src -s include  "SHELL=CMD" "COMPILER=arm-none-eabi-gcc" "ARCHIVER=arm-none-eabi-ar" "COMPILER_FLAGS=  -O2 -c" "EXTRA_COMPILER_FLAGS=-mcpu=cortex-a9 -mfpu=vfpv3 -mfloat-abi=hard -nostartfiles -g -Wall -Wextra"
"Running Make include in ps7_cortexa9_0/libsrc/qspips_v3_5/src"
make -C ps7_cortexa9_0/libsrc/qspips_v3_5/src -s include  "SHELL=CMD" "COMPILER=arm-none-eabi-gcc" "ARCHIVER=arm-none-eabi-ar" "COMPILER_FLAGS=  -O2 -c" "EXTRA_COMPILER_FLAGS=-mcpu=cortex-a9 -mfpu=vfpv3 -mfloat-abi=hard -nostartfiles -g -Wall -Wextra"
"Running Make include in ps7_cortexa9_0/libsrc/scugic_v3_10/src"
make -C ps7_cortexa9_0/libsrc/scugic_v3_10/src -s include  "SHELL=CMD" "COMPILER=arm-none-eabi-gcc" "ARCHIVER=arm-none-eabi-ar" "COMPILER_FLAGS=  -O2 -c" "EXTRA_COMPILER_FLAGS=-mcpu=cortex-a9 -mfpu=vfpv3 -mfloat-abi=hard -nostartfiles -g -Wall -Wextra"
"Running Make include in ps7_cortexa9_0/libsrc/scutimer_v2_1/src"
make -C ps7_cortexa9_0/libsrc/scutimer_v2_1/src -s include  "SHELL=CMD" "COMPILER=arm-none-eabi-gcc" "ARCHIVER=arm-none-eabi-ar" "COMPILER_FLAGS=  -O2 -c" "EXTRA_COMPILER_FLAGS=-mcpu=cortex-a9 -mfpu=vfpv3 -mfloat-abi=hard -nostartfiles -g -Wall -Wextra"
"Running Make include in ps7_cortexa9_0/libsrc/scuwdt_v2_1/src"
make -C ps7_cortexa9_0/libsrc/scuwdt_v2_1/src -s include  "SHELL=CMD" "COMPILER=arm-none-eabi-gcc" "ARCHIVER=arm-none-eabi-ar" "COMPILER_FLAGS=  -O2 -c" "EXTRA_COMPILER_FLAGS=-mcpu=cortex-a9 -mfpu=vfpv3 -mfloat-abi=hard -nostartfiles -g -Wall -Wextra"
"Running Make include in ps7_cortexa9_0/libsrc/sdps_v3_6/src"
make -C ps7_cortexa9_0/libsrc/sdps_v3_6/src -s include  "SHELL=CMD" "COMPILER=arm-none-eabi-gcc" "ARCHIVER=arm-none-eabi-ar" "COMPILER_FLAGS=  -O2 -c" "EXTRA_COMPILER_FLAGS=-mcpu=cortex-a9 -mfpu=vfpv3 -mfloat-abi=hard -nostartfiles -g -Wall -Wextra"
"Running Make include in ps7_cortexa9_0/libsrc/standalone_v6_8/src"
make -C ps7_cortexa9_0/libsrc/standalone_v6_8/src -s include  "SHELL=CMD" "COMPILER=arm-none-eabi-gcc" "ARCHIVER=arm-none-eabi-ar" "COMPILER_FLAGS=  -O2 -c" "EXTRA_COMPILER_FLAGS=-mcpu=cortex-a9 -mfpu=vfpv3 -mfloat-abi=hard -nostartfiles -g -Wall -Wextra"
"Running Make include in ps7_cortexa9_0/libsrc/uartps_v3_7/src"
make -C ps7_cortexa9_0/libsrc/uartps_v3_7/src -s include  "SHELL=CMD" "COMPILER=arm-none-eabi-gcc" "ARCHIVER=arm-none-eabi-ar" "COMPILER_FLAGS=  -O2 -c" "EXTRA_COMPILER_FLAGS=-mcpu=cortex-a9 -mfpu=vfpv3 -mfloat-abi=hard -nostartfiles -g -Wall -Wextra"
"Running Make include in ps7_cortexa9_0/libsrc/usbps_v2_4/src"
make -C ps7_cortexa9_0/libsrc/usbps_v2_4/src -s include  "SHELL=CMD" "COMPILER=arm-none-eabi-gcc" "ARCHIVER=arm-none-eabi-ar" "COMPILER_FLAGS=  -O2 -c" "EXTRA_COMPILER_FLAGS=-mcpu=cortex-a9 -mfpu=vfpv3 -mfloat-abi=hard -nostartfiles -g -Wall -Wextra"
"Running Make include in ps7_cortexa9_0/libsrc/xadcps_v2_3/src"
make -C ps7_cortexa9_0/libsrc/xadcps_v2_3/src -s include  "SHELL=CMD" "COMPILER=arm-none-eabi-gcc" "ARCHIVER=arm-none-eabi-ar" "COMPILER_FLAGS=  -O2 -c" "EXTRA_COMPILER_FLAGS=-mcpu=cortex-a9 -mfpu=vfpv3 -mfloat-abi=hard -nostartfiles -g -Wall -Wextra"
"Running Make libs in ps7_cortexa9_0/libsrc/coresightps_dcc_v1_4/src"
make -C ps7_cortexa9_0/libsrc/coresightps_dcc_v1_4/src -s libs  "SHELL=CMD" "COMPILER=arm-none-eabi-gcc" "ARCHIVER=arm-none-eabi-ar" "COMPILER_FLAGS=  -O2 -c" "EXTRA_COMPILER_FLAGS=-mcpu=cortex-a9 -mfpu=vfpv3 -mfloat-abi=hard -nostartfiles -g -Wall -Wextra"
"Compiling coresightps_dcc"
arm-none-eabi-ar: creating ../../../lib/libxil.a
"Running Make libs in ps7_cortexa9_0/libsrc/cpu_cortexa9_v2_7/src"
make -C ps7_cortexa9_0/libsrc/cpu_cortexa9_v2_7/src -s libs  "SHELL=CMD" "COMPILER=arm-none-eabi-gcc" "ARCHIVER=arm-none-eabi-ar" "COMPILER_FLAGS=  -O2 -c" "EXTRA_COMPILER_FLAGS=-mcpu=cortex-a9 -mfpu=vfpv3 -mfloat-abi=hard -nostartfiles -g -Wall -Wextra"
"Compiling cpu_cortexa9"
"Running Make libs in ps7_cortexa9_0/libsrc/ddrps_v1_0/src"
make -C ps7_cortexa9_0/libsrc/ddrps_v1_0/src -s libs  "SHELL=CMD" "COMPILER=arm-none-eabi-gcc" "ARCHIVER=arm-none-eabi-ar" "COMPILER_FLAGS=  -O2 -c" "EXTRA_COMPILER_FLAGS=-mcpu=cortex-a9 -mfpu=vfpv3 -mfloat-abi=hard -nostartfiles -g -Wall -Wextra"
"Compiling ddrps"
"Running Make libs in ps7_cortexa9_0/libsrc/devcfg_v3_5/src"
make -C ps7_cortexa9_0/libsrc/devcfg_v3_5/src -s libs  "SHELL=CMD" "COMPILER=arm-none-eabi-gcc" "ARCHIVER=arm-none-eabi-ar" "COMPILER_FLAGS=  -O2 -c" "EXTRA_COMPILER_FLAGS=-mcpu=cortex-a9 -mfpu=vfpv3 -mfloat-abi=hard -nostartfiles -g -Wall -Wextra"
"Compiling devcfg"
"Running Make libs in ps7_cortexa9_0/libsrc/dmaps_v2_4/src"
make -C ps7_cortexa9_0/libsrc/dmaps_v2_4/src -s libs  "SHELL=CMD" "COMPILER=arm-none-eabi-gcc" "ARCHIVER=arm-none-eabi-ar" "COMPILER_FLAGS=  -O2 -c" "EXTRA_COMPILER_FLAGS=-mcpu=cortex-a9 -mfpu=vfpv3 -mfloat-abi=hard -nostartfiles -g -Wall -Wextra"
"Compiling dmaps"
"Running Make libs in ps7_cortexa9_0/libsrc/emacps_v3_8/src"
make -C ps7_cortexa9_0/libsrc/emacps_v3_8/src -s libs  "SHELL=CMD" "COMPILER=arm-none-eabi-gcc" "ARCHIVER=arm-none-eabi-ar" "COMPILER_FLAGS=  -O2 -c" "EXTRA_COMPILER_FLAGS=-mcpu=cortex-a9 -mfpu=vfpv3 -mfloat-abi=hard -nostartfiles -g -Wall -Wextra"
"Compiling emacps"
"Running Make libs in ps7_cortexa9_0/libsrc/gpiops_v3_4/src"
make -C ps7_cortexa9_0/libsrc/gpiops_v3_4/src -s libs  "SHELL=CMD" "COMPILER=arm-none-eabi-gcc" "ARCHIVER=arm-none-eabi-ar" "COMPILER_FLAGS=  -O2 -c" "EXTRA_COMPILER_FLAGS=-mcpu=cortex-a9 -mfpu=vfpv3 -mfloat-abi=hard -nostartfiles -g -Wall -Wextra"
"Compiling gpiops"
"Running Make libs in ps7_cortexa9_0/libsrc/qspips_v3_5/src"
make -C ps7_cortexa9_0/libsrc/qspips_v3_5/src -s libs  "SHELL=CMD" "COMPILER=arm-none-eabi-gcc" "ARCHIVER=arm-none-eabi-ar" "COMPILER_FLAGS=  -O2 -c" "EXTRA_COMPILER_FLAGS=-mcpu=cortex-a9 -mfpu=vfpv3 -mfloat-abi=hard -nostartfiles -g -Wall -Wextra"
"Compiling qspips"
"Running Make libs in ps7_cortexa9_0/libsrc/scugic_v3_10/src"
make -C ps7_cortexa9_0/libsrc/scugic_v3_10/src -s libs  "SHELL=CMD" "COMPILER=arm-none-eabi-gcc" "ARCHIVER=arm-none-eabi-ar" "COMPILER_FLAGS=  -O2 -c" "EXTRA_COMPILER_FLAGS=-mcpu=cortex-a9 -mfpu=vfpv3 -mfloat-abi=hard -nostartfiles -g -Wall -Wextra"
"Compiling scugic"
"Running Make libs in ps7_cortexa9_0/libsrc/scutimer_v2_1/src"
make -C ps7_cortexa9_0/libsrc/scutimer_v2_1/src -s libs  "SHELL=CMD" "COMPILER=arm-none-eabi-gcc" "ARCHIVER=arm-none-eabi-ar" "COMPILER_FLAGS=  -O2 -c" "EXTRA_COMPILER_FLAGS=-mcpu=cortex-a9 -mfpu=vfpv3 -mfloat-abi=hard -nostartfiles -g -Wall -Wextra"
"Compiling scutimer"
"Running Make libs in ps7_cortexa9_0/libsrc/scuwdt_v2_1/src"
make -C ps7_cortexa9_0/libsrc/scuwdt_v2_1/src -s libs  "SHELL=CMD" "COMPILER=arm-none-eabi-gcc" "ARCHIVER=arm-none-eabi-ar" "COMPILER_FLAGS=  -O2 -c" "EXTRA_COMPILER_FLAGS=-mcpu=cortex-a9 -mfpu=vfpv3 -mfloat-abi=hard -nostartfiles -g -Wall -Wextra"
"Compiling scuwdt"
"Running Make libs in ps7_cortexa9_0/libsrc/sdps_v3_6/src"
make -C ps7_cortexa9_0/libsrc/sdps_v3_6/src -s libs  "SHELL=CMD" "COMPILER=arm-none-eabi-gcc" "ARCHIVER=arm-none-eabi-ar" "COMPILER_FLAGS=  -O2 -c" "EXTRA_COMPILER_FLAGS=-mcpu=cortex-a9 -mfpu=vfpv3 -mfloat-abi=hard -nostartfiles -g -Wall -Wextra"
"Compiling sdps"
"Running Make libs in ps7_cortexa9_0/libsrc/standalone_v6_8/src"
make -C ps7_cortexa9_0/libsrc/standalone_v6_8/src -s libs  "SHELL=CMD" "COMPILER=arm-none-eabi-gcc" "ARCHIVER=arm-none-eabi-ar" "COMPILER_FLAGS=  -O2 -c" "EXTRA_COMPILER_FLAGS=-mcpu=cortex-a9 -mfpu=vfpv3 -mfloat-abi=hard -nostartfiles -g -Wall -Wextra"
"Compiling standalone"
In file included from usleep.c:56:0:
xtime_l.h:87:9: note: #pragma message: For the sleep routines, Global timer is being used
 #pragma message ("For the sleep routines, Global timer is being used")
         ^~~~~~~
In file included from xil_sleeptimer.c:51:0:
xtime_l.h:87:9: note: #pragma message: For the sleep routines, Global timer is being used
 #pragma message ("For the sleep routines, Global timer is being used")
         ^~~~~~~
In file included from xtime_l.c:49:0:
xtime_l.h:87:9: note: #pragma message: For the sleep routines, Global timer is being used
 #pragma message ("For the sleep routines, Global timer is being used")
         ^~~~~~~
In file included from sleep.c:53:0:
xtime_l.h:87:9: note: #pragma message: For the sleep routines, Global timer is being used
 #pragma message ("For the sleep routines, Global timer is being used")
         ^~~~~~~
"Running Make libs in ps7_cortexa9_0/libsrc/uartps_v3_7/src"
make -C ps7_cortexa9_0/libsrc/uartps_v3_7/src -s libs  "SHELL=CMD" "COMPILER=arm-none-eabi-gcc" "ARCHIVER=arm-none-eabi-ar" "COMPILER_FLAGS=  -O2 -c" "EXTRA_COMPILER_FLAGS=-mcpu=cortex-a9 -mfpu=vfpv3 -mfloat-abi=hard -nostartfiles -g -Wall -Wextra"
"Compiling uartps"
"Running Make libs in ps7_cortexa9_0/libsrc/usbps_v2_4/src"
make -C ps7_cortexa9_0/libsrc/usbps_v2_4/src -s libs  "SHELL=CMD" "COMPILER=arm-none-eabi-gcc" "ARCHIVER=arm-none-eabi-ar" "COMPILER_FLAGS=  -O2 -c" "EXTRA_COMPILER_FLAGS=-mcpu=cortex-a9 -mfpu=vfpv3 -mfloat-abi=hard -nostartfiles -g -Wall -Wextra"
"Compiling usbps"
"Running Make libs in ps7_cortexa9_0/libsrc/xadcps_v2_3/src"
make -C ps7_cortexa9_0/libsrc/xadcps_v2_3/src -s libs  "SHELL=CMD" "COMPILER=arm-none-eabi-gcc" "ARCHIVER=arm-none-eabi-ar" "COMPILER_FLAGS=  -O2 -c" "EXTRA_COMPILER_FLAGS=-mcpu=cortex-a9 -mfpu=vfpv3 -mfloat-abi=hard -nostartfiles -g -Wall -Wextra"
"Compiling xadcps"
'Finished building libraries'
10:59:48 **** Build of configuration Debug for project multiplier ****
make pre-build main-build 
a9-linaro-pre-build-step
' '
'Building file: ../src/multiplier.c'
'Invoking: ARM v7 gcc compiler'
arm-none-eabi-gcc -Wall -O0 -g3 -c -fmessage-length=0 -MT"src/multiplier.o" -mcpu=cortex-a9 -mfpu=vfpv3 -mfloat-abi=hard -I../../multiplier_bsp/ps7_cortexa9_0/include -MMD -MP -MF"src/multiplier.d" -MT"src/multiplier.o" -o "src/multiplier.o" "../src/multiplier.c"
'Finished building: ../src/multiplier.c'
' '
'Building target: multiplier.elf'
'Invoking: ARM v7 gcc linker'
arm-none-eabi-gcc -mcpu=cortex-a9 -mfpu=vfpv3 -mfloat-abi=hard -Wl,-build-id=none -specs=Xilinx.spec -Wl,-T -Wl,../src/lscript.ld -L../../multiplier_bsp/ps7_cortexa9_0/lib -o "multiplier.elf"  ./src/multiplier.o   -Wl,--start-group,-lxil,-lgcc,-lc,--end-group
'Finished building target: multiplier.elf'
' '
'Invoking: ARM v7 Print Size'
arm-none-eabi-size multiplier.elf  |tee "multiplier.elf.size"
   text	   data	    bss	    dec	    hex	filename
  71348	   2580	  23344	  97272	  17bf8	multiplier.elf
'Finished building: multiplier.elf.size'
' '
11:00:22 **** Incremental Build of configuration Debug for project multiplier ****
make pre-build main-build 
a9-linaro-pre-build-step
' '
make: Nothing to be done for 'main-build'.
11:11:37 **** Incremental Build of configuration Debug for project multiplier ****
make pre-build main-build 
a9-linaro-pre-build-step
' '
make: Nothing to be done for 'main-build'.
15:36:32 **** Incremental Build of configuration Debug for project multiplier ****
make pre-build main-build 
a9-linaro-pre-build-step
' '
make: Nothing to be done for 'main-build'.
