13:12:47 **** Build of project ALU_bsp ****
make -k all 
"Running Make include in ps7_cortexa9_0/libsrc/coresightps_dcc_v1_4/src"
make -C ps7_cortexa9_0/libsrc/coresightps_dcc_v1_4/src -s include  "SHELL=CMD" "COMPILER=arm-none-eabi-gcc" "ARCHIVER=arm-none-eabi-ar" "COMPILER_FLAGS=  -O2 -c" "EXTRA_COMPILER_FLAGS=-mcpu=cortex-a9 -mfpu=vfpv3 -mfloat-abi=hard -nostartfiles -g -Wall -Wextra"
"Running Make include in ps7_cortexa9_0/libsrc/cpu_cortexa9_v2_7/src"
make -C ps7_cortexa9_0/libsrc/cpu_cortexa9_v2_7/src -s include  "SHELL=CMD" "COMPILER=arm-none-eabi-gcc" "ARCHIVER=arm-none-eabi-ar" "COMPILER_FLAGS=  -O2 -c" "EXTRA_COMPILER_FLAGS=-mcpu=cortex-a9 -mfpu=vfpv3 -mfloat-abi=hard -nostartfiles -g -Wall -Wextra"
"Running Make include in ps7_cortexa9_0/libsrc/ddrps_v1_0/src"
make -C ps7_cortexa9_0/libsrc/ddrps_v1_0/src -s include  "SHELL=CMD" "COMPILER=arm-none-eabi-gcc" "ARCHIVER=arm-none-eabi-ar" "COMPILER_FLAGS=  -O2 -c" "EXTRA_COMPILER_FLAGS=-mcpu=cortex-a9 -mfpu=vfpv3 -mfloat-abi=hard -nostartfiles -g -Wall -Wextra"
"Running Make include in ps7_cortexa9_0/libsrc/devcfg_v3_5/src"
make -C ps7_cortexa9_0/libsrc/devcfg_v3_5/src -s include  "SHELL=CMD" "COMPILER=arm-none-eabi-gcc" "ARCHIVER=arm-none-eabi-ar" "COMPILER_FLAGS=  -O2 -c" "EXTRA_COMPILER_FLAGS=-mcpu=cortex-a9 -mfpu=vfpv3 -mfloat-abi=hard -nostartfiles -g -Wall -Wextra"
"Running Make include in ps7_cortexa9_0/libsrc/dmaps_v2_4/src"
make -C ps7_cortexa9_0/libsrc/dmaps_v2_4/src -s include  "SHELL=CMD" "COMPILER=arm-none-eabi-gcc" "ARCHIVER=arm-none-eabi-ar" "COMPILER_FLAGS=  -O2 -c" "EXTRA_COMPILER_FLAGS=-mcpu=cortex-a9 -mfpu=vfpv3 -mfloat-abi=hard -nostartfiles -g -Wall -Wextra"
"Running Make include in ps7_cortexa9_0/libsrc/emacps_v3_8/src"
make -C ps7_cortexa9_0/libsrc/emacps_v3_8/src -s include  "SHELL=CMD" "COMPILER=arm-none-eabi-gcc" "ARCHIVER=arm-none-eabi-ar" "COMPILER_FLAGS=  -O2 -c" "EXTRA_COMPILER_FLAGS=-mcpu=cortex-a9 -mfpu=vfpv3 -mfloat-abi=hard -nostartfiles -g -Wall -Wextra"
"Running Make include in ps7_cortexa9_0/libsrc/gpiops_v3_4/src"
make -C ps7_cortexa9_0/libsrc/gpiops_v3_4/src -s include  "SHELL=CMD" "COMPILER=arm-none-eabi-gcc" "ARCHIVER=arm-none-eabi-ar" "COMPILER_FLAGS=  -O2 -c" "EXTRA_COMPILER_FLAGS=-mcpu=cortex-a9 -mfpu=vfpv3 -mfloat-abi=hard -nostartfiles -g -Wall -Wextra"
"Running Make include in ps7_cortexa9_0/libsrc/qspips_v3_5/src"
make -C ps7_cortexa9_0/libsrc/qspips_v3_5/src -s include  "SHELL=CMD" "COMPILER=arm-none-eabi-gcc" "ARCHIVER=arm-none-eabi-ar" "COMPILER_FLAGS=  -O2 -c" "EXTRA_COMPILER_FLAGS=-mcpu=cortex-a9 -mfpu=vfpv3 -mfloat-abi=hard -nostartfiles -g -Wall -Wextra"
"Running Make include in ps7_cortexa9_0/libsrc/scugic_v3_10/src"
make -C ps7_cortexa9_0/libsrc/scugic_v3_10/src -s include  "SHELL=CMD" "COMPILER=arm-none-eabi-gcc" "ARCHIVER=arm-none-eabi-ar" "COMPILER_FLAGS=  -O2 -c" "EXTRA_COMPILER_FLAGS=-mcpu=cortex-a9 -mfpu=vfpv3 -mfloat-abi=hard -nostartfiles -g -Wall -Wextra"
"Running Make include in ps7_cortexa9_0/libsrc/scutimer_v2_1/src"
make -C ps7_cortexa9_0/libsrc/scutimer_v2_1/src -s include  "SHELL=CMD" "COMPILER=arm-none-eabi-gcc" "ARCHIVER=arm-none-eabi-ar" "COMPILER_FLAGS=  -O2 -c" "EXTRA_COMPILER_FLAGS=-mcpu=cortex-a9 -mfpu=vfpv3 -mfloat-abi=hard -nostartfiles -g -Wall -Wextra"
"Running Make include in ps7_cortexa9_0/libsrc/scuwdt_v2_1/src"
make -C ps7_cortexa9_0/libsrc/scuwdt_v2_1/src -s include  "SHELL=CMD" "COMPILER=arm-none-eabi-gcc" "ARCHIVER=arm-none-eabi-ar" "COMPILER_FLAGS=  -O2 -c" "EXTRA_COMPILER_FLAGS=-mcpu=cortex-a9 -mfpu=vfpv3 -mfloat-abi=hard -nostartfiles -g -Wall -Wextra"
"Running Make include in ps7_cortexa9_0/libsrc/sdps_v3_6/src"
make -C ps7_cortexa9_0/libsrc/sdps_v3_6/src -s include  "SHELL=CMD" "COMPILER=arm-none-eabi-gcc" "ARCHIVER=arm-none-eabi-ar" "COMPILER_FLAGS=  -O2 -c" "EXTRA_COMPILER_FLAGS=-mcpu=cortex-a9 -mfpu=vfpv3 -mfloat-abi=hard -nostartfiles -g -Wall -Wextra"
"Running Make include in ps7_cortexa9_0/libsrc/standalone_v6_8/src"
make -C ps7_cortexa9_0/libsrc/standalone_v6_8/src -s include  "SHELL=CMD" "COMPILER=arm-none-eabi-gcc" "ARCHIVER=arm-none-eabi-ar" "COMPILER_FLAGS=  -O2 -c" "EXTRA_COMPILER_FLAGS=-mcpu=cortex-a9 -mfpu=vfpv3 -mfloat-abi=hard -nostartfiles -g -Wall -Wextra"
"Running Make include in ps7_cortexa9_0/libsrc/uartps_v3_7/src"
make -C ps7_cortexa9_0/libsrc/uartps_v3_7/src -s include  "SHELL=CMD" "COMPILER=arm-none-eabi-gcc" "ARCHIVER=arm-none-eabi-ar" "COMPILER_FLAGS=  -O2 -c" "EXTRA_COMPILER_FLAGS=-mcpu=cortex-a9 -mfpu=vfpv3 -mfloat-abi=hard -nostartfiles -g -Wall -Wextra"
"Running Make include in ps7_cortexa9_0/libsrc/usbps_v2_4/src"
make -C ps7_cortexa9_0/libsrc/usbps_v2_4/src -s include  "SHELL=CMD" "COMPILER=arm-none-eabi-gcc" "ARCHIVER=arm-none-eabi-ar" "COMPILER_FLAGS=  -O2 -c" "EXTRA_COMPILER_FLAGS=-mcpu=cortex-a9 -mfpu=vfpv3 -mfloat-abi=hard -nostartfiles -g -Wall -Wextra"
"Running Make include in ps7_cortexa9_0/libsrc/xadcps_v2_3/src"
make -C ps7_cortexa9_0/libsrc/xadcps_v2_3/src -s include  "SHELL=CMD" "COMPILER=arm-none-eabi-gcc" "ARCHIVER=arm-none-eabi-ar" "COMPILER_FLAGS=  -O2 -c" "EXTRA_COMPILER_FLAGS=-mcpu=cortex-a9 -mfpu=vfpv3 -mfloat-abi=hard -nostartfiles -g -Wall -Wextra"
"Running Make libs in ps7_cortexa9_0/libsrc/coresightps_dcc_v1_4/src"
make -C ps7_cortexa9_0/libsrc/coresightps_dcc_v1_4/src -s libs  "SHELL=CMD" "COMPILER=arm-none-eabi-gcc" "ARCHIVER=arm-none-eabi-ar" "COMPILER_FLAGS=  -O2 -c" "EXTRA_COMPILER_FLAGS=-mcpu=cortex-a9 -mfpu=vfpv3 -mfloat-abi=hard -nostartfiles -g -Wall -Wextra"
"Compiling coresightps_dcc"
arm-none-eabi-ar: creating ../../../lib/libxil.a
"Running Make libs in ps7_cortexa9_0/libsrc/cpu_cortexa9_v2_7/src"
make -C ps7_cortexa9_0/libsrc/cpu_cortexa9_v2_7/src -s libs  "SHELL=CMD" "COMPILER=arm-none-eabi-gcc" "ARCHIVER=arm-none-eabi-ar" "COMPILER_FLAGS=  -O2 -c" "EXTRA_COMPILER_FLAGS=-mcpu=cortex-a9 -mfpu=vfpv3 -mfloat-abi=hard -nostartfiles -g -Wall -Wextra"
"Compiling cpu_cortexa9"
"Running Make libs in ps7_cortexa9_0/libsrc/ddrps_v1_0/src"
make -C ps7_cortexa9_0/libsrc/ddrps_v1_0/src -s libs  "SHELL=CMD" "COMPILER=arm-none-eabi-gcc" "ARCHIVER=arm-none-eabi-ar" "COMPILER_FLAGS=  -O2 -c" "EXTRA_COMPILER_FLAGS=-mcpu=cortex-a9 -mfpu=vfpv3 -mfloat-abi=hard -nostartfiles -g -Wall -Wextra"
"Compiling ddrps"
"Running Make libs in ps7_cortexa9_0/libsrc/devcfg_v3_5/src"
make -C ps7_cortexa9_0/libsrc/devcfg_v3_5/src -s libs  "SHELL=CMD" "COMPILER=arm-none-eabi-gcc" "ARCHIVER=arm-none-eabi-ar" "COMPILER_FLAGS=  -O2 -c" "EXTRA_COMPILER_FLAGS=-mcpu=cortex-a9 -mfpu=vfpv3 -mfloat-abi=hard -nostartfiles -g -Wall -Wextra"
"Compiling devcfg"
"Running Make libs in ps7_cortexa9_0/libsrc/dmaps_v2_4/src"
make -C ps7_cortexa9_0/libsrc/dmaps_v2_4/src -s libs  "SHELL=CMD" "COMPILER=arm-none-eabi-gcc" "ARCHIVER=arm-none-eabi-ar" "COMPILER_FLAGS=  -O2 -c" "EXTRA_COMPILER_FLAGS=-mcpu=cortex-a9 -mfpu=vfpv3 -mfloat-abi=hard -nostartfiles -g -Wall -Wextra"
"Compiling dmaps"
"Running Make libs in ps7_cortexa9_0/libsrc/emacps_v3_8/src"
make -C ps7_cortexa9_0/libsrc/emacps_v3_8/src -s libs  "SHELL=CMD" "COMPILER=arm-none-eabi-gcc" "ARCHIVER=arm-none-eabi-ar" "COMPILER_FLAGS=  -O2 -c" "EXTRA_COMPILER_FLAGS=-mcpu=cortex-a9 -mfpu=vfpv3 -mfloat-abi=hard -nostartfiles -g -Wall -Wextra"
"Compiling emacps"
"Running Make libs in ps7_cortexa9_0/libsrc/gpiops_v3_4/src"
make -C ps7_cortexa9_0/libsrc/gpiops_v3_4/src -s libs  "SHELL=CMD" "COMPILER=arm-none-eabi-gcc" "ARCHIVER=arm-none-eabi-ar" "COMPILER_FLAGS=  -O2 -c" "EXTRA_COMPILER_FLAGS=-mcpu=cortex-a9 -mfpu=vfpv3 -mfloat-abi=hard -nostartfiles -g -Wall -Wextra"
"Compiling gpiops"
"Running Make libs in ps7_cortexa9_0/libsrc/qspips_v3_5/src"
make -C ps7_cortexa9_0/libsrc/qspips_v3_5/src -s libs  "SHELL=CMD" "COMPILER=arm-none-eabi-gcc" "ARCHIVER=arm-none-eabi-ar" "COMPILER_FLAGS=  -O2 -c" "EXTRA_COMPILER_FLAGS=-mcpu=cortex-a9 -mfpu=vfpv3 -mfloat-abi=hard -nostartfiles -g -Wall -Wextra"
"Compiling qspips"
"Running Make libs in ps7_cortexa9_0/libsrc/scugic_v3_10/src"
make -C ps7_cortexa9_0/libsrc/scugic_v3_10/src -s libs  "SHELL=CMD" "COMPILER=arm-none-eabi-gcc" "ARCHIVER=arm-none-eabi-ar" "COMPILER_FLAGS=  -O2 -c" "EXTRA_COMPILER_FLAGS=-mcpu=cortex-a9 -mfpu=vfpv3 -mfloat-abi=hard -nostartfiles -g -Wall -Wextra"
"Compiling scugic"
"Running Make libs in ps7_cortexa9_0/libsrc/scutimer_v2_1/src"
make -C ps7_cortexa9_0/libsrc/scutimer_v2_1/src -s libs  "SHELL=CMD" "COMPILER=arm-none-eabi-gcc" "ARCHIVER=arm-none-eabi-ar" "COMPILER_FLAGS=  -O2 -c" "EXTRA_COMPILER_FLAGS=-mcpu=cortex-a9 -mfpu=vfpv3 -mfloat-abi=hard -nostartfiles -g -Wall -Wextra"
"Compiling scutimer"
"Running Make libs in ps7_cortexa9_0/libsrc/scuwdt_v2_1/src"
make -C ps7_cortexa9_0/libsrc/scuwdt_v2_1/src -s libs  "SHELL=CMD" "COMPILER=arm-none-eabi-gcc" "ARCHIVER=arm-none-eabi-ar" "COMPILER_FLAGS=  -O2 -c" "EXTRA_COMPILER_FLAGS=-mcpu=cortex-a9 -mfpu=vfpv3 -mfloat-abi=hard -nostartfiles -g -Wall -Wextra"
"Compiling scuwdt"
"Running Make libs in ps7_cortexa9_0/libsrc/sdps_v3_6/src"
make -C ps7_cortexa9_0/libsrc/sdps_v3_6/src -s libs  "SHELL=CMD" "COMPILER=arm-none-eabi-gcc" "ARCHIVER=arm-none-eabi-ar" "COMPILER_FLAGS=  -O2 -c" "EXTRA_COMPILER_FLAGS=-mcpu=cortex-a9 -mfpu=vfpv3 -mfloat-abi=hard -nostartfiles -g -Wall -Wextra"
"Compiling sdps"
"Running Make libs in ps7_cortexa9_0/libsrc/standalone_v6_8/src"
make -C ps7_cortexa9_0/libsrc/standalone_v6_8/src -s libs  "SHELL=CMD" "COMPILER=arm-none-eabi-gcc" "ARCHIVER=arm-none-eabi-ar" "COMPILER_FLAGS=  -O2 -c" "EXTRA_COMPILER_FLAGS=-mcpu=cortex-a9 -mfpu=vfpv3 -mfloat-abi=hard -nostartfiles -g -Wall -Wextra"
"Compiling standalone"
In file included from usleep.c:56:0:
xtime_l.h:87:9: note: #pragma message: For the sleep routines, Global timer is being used
 #pragma message ("For the sleep routines, Global timer is being used")
         ^~~~~~~
In file included from xil_sleeptimer.c:51:0:
xtime_l.h:87:9: note: #pragma message: For the sleep routines, Global timer is being used
 #pragma message ("For the sleep routines, Global timer is being used")
         ^~~~~~~
In file included from xtime_l.c:49:0:
xtime_l.h:87:9: note: #pragma message: For the sleep routines, Global timer is being used
 #pragma message ("For the sleep routines, Global timer is being used")
         ^~~~~~~
In file included from sleep.c:53:0:
xtime_l.h:87:9: note: #pragma message: For the sleep routines, Global timer is being used
 #pragma message ("For the sleep routines, Global timer is being used")
         ^~~~~~~
"Running Make libs in ps7_cortexa9_0/libsrc/uartps_v3_7/src"
make -C ps7_cortexa9_0/libsrc/uartps_v3_7/src -s libs  "SHELL=CMD" "COMPILER=arm-none-eabi-gcc" "ARCHIVER=arm-none-eabi-ar" "COMPILER_FLAGS=  -O2 -c" "EXTRA_COMPILER_FLAGS=-mcpu=cortex-a9 -mfpu=vfpv3 -mfloat-abi=hard -nostartfiles -g -Wall -Wextra"
"Compiling uartps"
"Running Make libs in ps7_cortexa9_0/libsrc/usbps_v2_4/src"
make -C ps7_cortexa9_0/libsrc/usbps_v2_4/src -s libs  "SHELL=CMD" "COMPILER=arm-none-eabi-gcc" "ARCHIVER=arm-none-eabi-ar" "COMPILER_FLAGS=  -O2 -c" "EXTRA_COMPILER_FLAGS=-mcpu=cortex-a9 -mfpu=vfpv3 -mfloat-abi=hard -nostartfiles -g -Wall -Wextra"
"Compiling usbps"
"Running Make libs in ps7_cortexa9_0/libsrc/xadcps_v2_3/src"
make -C ps7_cortexa9_0/libsrc/xadcps_v2_3/src -s libs  "SHELL=CMD" "COMPILER=arm-none-eabi-gcc" "ARCHIVER=arm-none-eabi-ar" "COMPILER_FLAGS=  -O2 -c" "EXTRA_COMPILER_FLAGS=-mcpu=cortex-a9 -mfpu=vfpv3 -mfloat-abi=hard -nostartfiles -g -Wall -Wextra"
"Compiling xadcps"
'Finished building libraries'

**** Build of configuration Debug for project ALU ****

Nothing to build for project ALU
13:13:14 **** Auto Build of configuration Debug for project ALU ****
make pre-build main-build 
a9-linaro-pre-build-step
' '
'Building file: ../src/ALU.c'
'Invoking: ARM v7 gcc compiler'
arm-none-eabi-gcc -Wall -O0 -g3 -c -fmessage-length=0 -MT"src/ALU.o" -mcpu=cortex-a9 -mfpu=vfpv3 -mfloat-abi=hard -I../../ALU_bsp/ps7_cortexa9_0/include -MMD -MP -MF"src/ALU.d" -MT"src/ALU.o" -o "src/ALU.o" "../src/ALU.c"
'Finished building: ../src/ALU.c'
' '
'Building target: ALU.elf'
'Invoking: ARM v7 gcc linker'
arm-none-eabi-gcc -mcpu=cortex-a9 -mfpu=vfpv3 -mfloat-abi=hard -Wl,-build-id=none -specs=Xilinx.spec -Wl,-T -Wl,../src/lscript.ld -L../../ALU_bsp/ps7_cortexa9_0/lib -o "ALU.elf"  ./src/ALU.o   -Wl,--start-group,-lxil,-lgcc,-lc,--end-group
../../ALU_bsp/ps7_cortexa9_0/lib\libxil.a(xil-crt0.o): In function `_start':
C:\Users\pacel\Desktop\Work\Pitt\semesters\Spring_2023\ECE_1195\Lab_2\Lab_2.sdk\ALU_bsp\ps7_cortexa9_0\libsrc\standalone_v6_8\src/xil-crt0.S:138: undefined reference to `main'
collect2.exe: error: ld returned 1 exit status
make: *** [makefile:41: ALU.elf] Error 1
13:15:16 **** Auto Build of configuration Debug for project ALU ****
make pre-build main-build 
a9-linaro-pre-build-step
' '
'Building file: ../src/ALU.c'
'Invoking: ARM v7 gcc compiler'
arm-none-eabi-gcc -Wall -O0 -g3 -c -fmessage-length=0 -MT"src/ALU.o" -mcpu=cortex-a9 -mfpu=vfpv3 -mfloat-abi=hard -I../../ALU_bsp/ps7_cortexa9_0/include -MMD -MP -MF"src/ALU.d" -MT"src/ALU.o" -o "src/ALU.o" "../src/ALU.c"
../src/ALU.c:7:1: error: two or more data types in declaration specifiers
 int main(){
 ^~~
make: *** [src/subdir.mk:23: src/ALU.o] Error 1
13:17:23 **** Auto Build of configuration Debug for project ALU ****
make pre-build main-build 
a9-linaro-pre-build-step
' '
'Building file: ../src/ALU.c'
'Invoking: ARM v7 gcc compiler'
arm-none-eabi-gcc -Wall -O0 -g3 -c -fmessage-length=0 -MT"src/ALU.o" -mcpu=cortex-a9 -mfpu=vfpv3 -mfloat-abi=hard -I../../ALU_bsp/ps7_cortexa9_0/include -MMD -MP -MF"src/ALU.d" -MT"src/ALU.o" -o "src/ALU.o" "../src/ALU.c"
../src/ALU.c:5:1: warning: parameter names (without types) in function declaration
 int ALU(A,B,op,shift);
 ^~~
'Finished building: ../src/ALU.c'
' '
'Building target: ALU.elf'
'Invoking: ARM v7 gcc linker'
arm-none-eabi-gcc -mcpu=cortex-a9 -mfpu=vfpv3 -mfloat-abi=hard -Wl,-build-id=none -specs=Xilinx.spec -Wl,-T -Wl,../src/lscript.ld -L../../ALU_bsp/ps7_cortexa9_0/lib -o "ALU.elf"  ./src/ALU.o   -Wl,--start-group,-lxil,-lgcc,-lc,--end-group
'Finished building target: ALU.elf'
' '
'Invoking: ARM v7 Print Size'
arm-none-eabi-size ALU.elf  |tee "ALU.elf.size"
   text	   data	    bss	    dec	    hex	filename
  19016	   1144	  22568	  42728	   a6e8	ALU.elf
'Finished building: ALU.elf.size'
' '
13:25:13 **** Auto Build of configuration Debug for project ALU ****
make pre-build main-build 
a9-linaro-pre-build-step
' '
'Building file: ../src/ALU.c'
'Invoking: ARM v7 gcc compiler'
arm-none-eabi-gcc -Wall -O0 -g3 -c -fmessage-length=0 -MT"src/ALU.o" -mcpu=cortex-a9 -mfpu=vfpv3 -mfloat-abi=hard -I../../ALU_bsp/ps7_cortexa9_0/include -MMD -MP -MF"src/ALU.d" -MT"src/ALU.o" -o "src/ALU.o" "../src/ALU.c"
../src/ALU.c: In function 'ALU':
../src/ALU.c:15:1: warning: control reaches end of non-void function [-Wreturn-type]
 }
 ^
'Finished building: ../src/ALU.c'
' '
'Building target: ALU.elf'
'Invoking: ARM v7 gcc linker'
arm-none-eabi-gcc -mcpu=cortex-a9 -mfpu=vfpv3 -mfloat-abi=hard -Wl,-build-id=none -specs=Xilinx.spec -Wl,-T -Wl,../src/lscript.ld -L../../ALU_bsp/ps7_cortexa9_0/lib -o "ALU.elf"  ./src/ALU.o   -Wl,--start-group,-lxil,-lgcc,-lc,--end-group
'Finished building target: ALU.elf'
' '
'Invoking: ARM v7 Print Size'
arm-none-eabi-size ALU.elf  |tee "ALU.elf.size"
   text	   data	    bss	    dec	    hex	filename
  19064	   1144	  22568	  42776	   a718	ALU.elf
'Finished building: ALU.elf.size'
' '
13:26:20 **** Auto Build of configuration Debug for project ALU ****
make pre-build main-build 
a9-linaro-pre-build-step
' '
'Building file: ../src/ALU.c'
'Invoking: ARM v7 gcc compiler'
arm-none-eabi-gcc -Wall -O0 -g3 -c -fmessage-length=0 -MT"src/ALU.o" -mcpu=cortex-a9 -mfpu=vfpv3 -mfloat-abi=hard -I../../ALU_bsp/ps7_cortexa9_0/include -MMD -MP -MF"src/ALU.d" -MT"src/ALU.o" -o "src/ALU.o" "../src/ALU.c"
../src/ALU.c:19:1: error: unknown type name 'ALU_OUT'; use 'struct' keyword to refer to the type
 ALU_OUT ALU(int32_t A, int32_t B, int32_t op, int32_t shift){
 ^~~~~~~
 struct 
../src/ALU.c: In function 'ALU':
../src/ALU.c:22:1: warning: control reaches end of non-void function [-Wreturn-type]
 }
 ^
make: *** [src/subdir.mk:23: src/ALU.o] Error 1
13:26:41 **** Auto Build of configuration Debug for project ALU ****
make pre-build main-build 
a9-linaro-pre-build-step
' '
'Building file: ../src/ALU.c'
'Invoking: ARM v7 gcc compiler'
arm-none-eabi-gcc -Wall -O0 -g3 -c -fmessage-length=0 -MT"src/ALU.o" -mcpu=cortex-a9 -mfpu=vfpv3 -mfloat-abi=hard -I../../ALU_bsp/ps7_cortexa9_0/include -MMD -MP -MF"src/ALU.d" -MT"src/ALU.o" -o "src/ALU.o" "../src/ALU.c"
../src/ALU.c: In function 'ALU':
../src/ALU.c:22:1: warning: control reaches end of non-void function [-Wreturn-type]
 }
 ^
'Finished building: ../src/ALU.c'
' '
'Building target: ALU.elf'
'Invoking: ARM v7 gcc linker'
arm-none-eabi-gcc -mcpu=cortex-a9 -mfpu=vfpv3 -mfloat-abi=hard -Wl,-build-id=none -specs=Xilinx.spec -Wl,-T -Wl,../src/lscript.ld -L../../ALU_bsp/ps7_cortexa9_0/lib -o "ALU.elf"  ./src/ALU.o   -Wl,--start-group,-lxil,-lgcc,-lc,--end-group
'Finished building target: ALU.elf'
' '
'Invoking: ARM v7 Print Size'
arm-none-eabi-size ALU.elf  |tee "ALU.elf.size"
   text	   data	    bss	    dec	    hex	filename
  19064	   1144	  22568	  42776	   a718	ALU.elf
'Finished building: ALU.elf.size'
' '
13:37:26 **** Auto Build of configuration Debug for project ALU ****
make pre-build main-build 
a9-linaro-pre-build-step
' '
'Building file: ../src/ALU.c'
'Invoking: ARM v7 gcc compiler'
arm-none-eabi-gcc -Wall -O0 -g3 -c -fmessage-length=0 -MT"src/ALU.o" -mcpu=cortex-a9 -mfpu=vfpv3 -mfloat-abi=hard -I../../ALU_bsp/ps7_cortexa9_0/include -MMD -MP -MF"src/ALU.d" -MT"src/ALU.o" -o "src/ALU.o" "../src/ALU.c"
../src/ALU.c: In function 'ALU':
../src/ALU.c:29:1: error: expected identifier or '(' before '}' token
 }
 ^
../src/ALU.c:29:1: error: expected declaration or statement at end of input
../src/ALU.c:29:1: warning: control reaches end of non-void function [-Wreturn-type]
 }
 ^
make: *** [src/subdir.mk:23: src/ALU.o] Error 1
13:38:24 **** Auto Build of configuration Debug for project ALU ****
make pre-build main-build 
a9-linaro-pre-build-step
' '
'Building file: ../src/ALU.c'
'Invoking: ARM v7 gcc compiler'
arm-none-eabi-gcc -Wall -O0 -g3 -c -fmessage-length=0 -MT"src/ALU.o" -mcpu=cortex-a9 -mfpu=vfpv3 -mfloat-abi=hard -I../../ALU_bsp/ps7_cortexa9_0/include -MMD -MP -MF"src/ALU.d" -MT"src/ALU.o" -o "src/ALU.o" "../src/ALU.c"
'Finished building: ../src/ALU.c'
' '
'Building target: ALU.elf'
'Invoking: ARM v7 gcc linker'
arm-none-eabi-gcc -mcpu=cortex-a9 -mfpu=vfpv3 -mfloat-abi=hard -Wl,-build-id=none -specs=Xilinx.spec -Wl,-T -Wl,../src/lscript.ld -L../../ALU_bsp/ps7_cortexa9_0/lib -o "ALU.elf"  ./src/ALU.o   -Wl,--start-group,-lxil,-lgcc,-lc,--end-group
'Finished building target: ALU.elf'
' '
'Invoking: ARM v7 Print Size'
arm-none-eabi-size ALU.elf  |tee "ALU.elf.size"
   text	   data	    bss	    dec	    hex	filename
  19240	   1144	  22568	  42952	   a7c8	ALU.elf
'Finished building: ALU.elf.size'
' '
13:41:13 **** Auto Build of configuration Debug for project ALU ****
make pre-build main-build 
a9-linaro-pre-build-step
' '
'Building file: ../src/ALU.c'
'Invoking: ARM v7 gcc compiler'
arm-none-eabi-gcc -Wall -O0 -g3 -c -fmessage-length=0 -MT"src/ALU.o" -mcpu=cortex-a9 -mfpu=vfpv3 -mfloat-abi=hard -I../../ALU_bsp/ps7_cortexa9_0/include -MMD -MP -MF"src/ALU.d" -MT"src/ALU.o" -o "src/ALU.o" "../src/ALU.c"
'Finished building: ../src/ALU.c'
' '
'Building target: ALU.elf'
'Invoking: ARM v7 gcc linker'
arm-none-eabi-gcc -mcpu=cortex-a9 -mfpu=vfpv3 -mfloat-abi=hard -Wl,-build-id=none -specs=Xilinx.spec -Wl,-T -Wl,../src/lscript.ld -L../../ALU_bsp/ps7_cortexa9_0/lib -o "ALU.elf"  ./src/ALU.o   -Wl,--start-group,-lxil,-lgcc,-lc,--end-group
'Finished building target: ALU.elf'
' '
'Invoking: ARM v7 Print Size'
arm-none-eabi-size ALU.elf  |tee "ALU.elf.size"
   text	   data	    bss	    dec	    hex	filename
  19240	   1144	  22568	  42952	   a7c8	ALU.elf
'Finished building: ALU.elf.size'
' '
13:52:23 **** Auto Build of configuration Debug for project ALU ****
make pre-build main-build 
a9-linaro-pre-build-step
' '
'Building file: ../src/ALU.c'
'Invoking: ARM v7 gcc compiler'
arm-none-eabi-gcc -Wall -O0 -g3 -c -fmessage-length=0 -MT"src/ALU.o" -mcpu=cortex-a9 -mfpu=vfpv3 -mfloat-abi=hard -I../../ALU_bsp/ps7_cortexa9_0/include -MMD -MP -MF"src/ALU.d" -MT"src/ALU.o" -o "src/ALU.o" "../src/ALU.c"
../src/ALU.c: In function 'LogicTest':
../src/ALU.c:42:26: warning: suggest parentheses around comparison in operand of '&' [-Wparentheses]
  if(op2bit==0b00 && out.R!=A&B)
                     ~~~~~^~~
'Finished building: ../src/ALU.c'
' '
'Building target: ALU.elf'
'Invoking: ARM v7 gcc linker'
arm-none-eabi-gcc -mcpu=cortex-a9 -mfpu=vfpv3 -mfloat-abi=hard -Wl,-build-id=none -specs=Xilinx.spec -Wl,-T -Wl,../src/lscript.ld -L../../ALU_bsp/ps7_cortexa9_0/lib -o "ALU.elf"  ./src/ALU.o   -Wl,--start-group,-lxil,-lgcc,-lc,--end-group
'Finished building target: ALU.elf'
' '
'Invoking: ARM v7 Print Size'
arm-none-eabi-size ALU.elf  |tee "ALU.elf.size"
   text	   data	    bss	    dec	    hex	filename
  70640	   2580	  23328	  96548	  17924	ALU.elf
'Finished building: ALU.elf.size'
' '
13:52:39 **** Auto Build of configuration Debug for project ALU ****
make pre-build main-build 
a9-linaro-pre-build-step
' '
'Building file: ../src/ALU.c'
'Invoking: ARM v7 gcc compiler'
arm-none-eabi-gcc -Wall -O0 -g3 -c -fmessage-length=0 -MT"src/ALU.o" -mcpu=cortex-a9 -mfpu=vfpv3 -mfloat-abi=hard -I../../ALU_bsp/ps7_cortexa9_0/include -MMD -MP -MF"src/ALU.d" -MT"src/ALU.o" -o "src/ALU.o" "../src/ALU.c"
../src/ALU.c: In function 'LogicTest':
../src/ALU.c:42:27: warning: suggest parentheses around comparison in operand of '&' [-Wparentheses]
  if(op2bit==0b00 && (out.R!=A&B))
                      ~~~~~^~~
'Finished building: ../src/ALU.c'
' '
'Building target: ALU.elf'
'Invoking: ARM v7 gcc linker'
arm-none-eabi-gcc -mcpu=cortex-a9 -mfpu=vfpv3 -mfloat-abi=hard -Wl,-build-id=none -specs=Xilinx.spec -Wl,-T -Wl,../src/lscript.ld -L../../ALU_bsp/ps7_cortexa9_0/lib -o "ALU.elf"  ./src/ALU.o   -Wl,--start-group,-lxil,-lgcc,-lc,--end-group
'Finished building target: ALU.elf'
' '
'Invoking: ARM v7 Print Size'
arm-none-eabi-size ALU.elf  |tee "ALU.elf.size"
   text	   data	    bss	    dec	    hex	filename
  70640	   2580	  23328	  96548	  17924	ALU.elf
'Finished building: ALU.elf.size'
' '
13:52:54 **** Auto Build of configuration Debug for project ALU ****
make pre-build main-build 
a9-linaro-pre-build-step
' '
'Building file: ../src/ALU.c'
'Invoking: ARM v7 gcc compiler'
arm-none-eabi-gcc -Wall -O0 -g3 -c -fmessage-length=0 -MT"src/ALU.o" -mcpu=cortex-a9 -mfpu=vfpv3 -mfloat-abi=hard -I../../ALU_bsp/ps7_cortexa9_0/include -MMD -MP -MF"src/ALU.d" -MT"src/ALU.o" -o "src/ALU.o" "../src/ALU.c"
'Finished building: ../src/ALU.c'
' '
'Building target: ALU.elf'
'Invoking: ARM v7 gcc linker'
arm-none-eabi-gcc -mcpu=cortex-a9 -mfpu=vfpv3 -mfloat-abi=hard -Wl,-build-id=none -specs=Xilinx.spec -Wl,-T -Wl,../src/lscript.ld -L../../ALU_bsp/ps7_cortexa9_0/lib -o "ALU.elf"  ./src/ALU.o   -Wl,--start-group,-lxil,-lgcc,-lc,--end-group
'Finished building target: ALU.elf'
' '
'Invoking: ARM v7 Print Size'
arm-none-eabi-size ALU.elf  |tee "ALU.elf.size"
   text	   data	    bss	    dec	    hex	filename
  70640	   2580	  23328	  96548	  17924	ALU.elf
'Finished building: ALU.elf.size'
' '
13:53:44 **** Auto Build of configuration Debug for project ALU ****
make pre-build main-build 
a9-linaro-pre-build-step
' '
'Building file: ../src/ALU.c'
'Invoking: ARM v7 gcc compiler'
arm-none-eabi-gcc -Wall -O0 -g3 -c -fmessage-length=0 -MT"src/ALU.o" -mcpu=cortex-a9 -mfpu=vfpv3 -mfloat-abi=hard -I../../ALU_bsp/ps7_cortexa9_0/include -MMD -MP -MF"src/ALU.d" -MT"src/ALU.o" -o "src/ALU.o" "../src/ALU.c"
'Finished building: ../src/ALU.c'
' '
'Building target: ALU.elf'
'Invoking: ARM v7 gcc linker'
arm-none-eabi-gcc -mcpu=cortex-a9 -mfpu=vfpv3 -mfloat-abi=hard -Wl,-build-id=none -specs=Xilinx.spec -Wl,-T -Wl,../src/lscript.ld -L../../ALU_bsp/ps7_cortexa9_0/lib -o "ALU.elf"  ./src/ALU.o   -Wl,--start-group,-lxil,-lgcc,-lc,--end-group
'Finished building target: ALU.elf'
' '
'Invoking: ARM v7 Print Size'
arm-none-eabi-size ALU.elf  |tee "ALU.elf.size"
   text	   data	    bss	    dec	    hex	filename
  70768	   2580	  23328	  96676	  179a4	ALU.elf
'Finished building: ALU.elf.size'
' '
13:54:36 **** Auto Build of configuration Debug for project ALU ****
make pre-build main-build 
a9-linaro-pre-build-step
' '
'Building file: ../src/ALU.c'
'Invoking: ARM v7 gcc compiler'
arm-none-eabi-gcc -Wall -O0 -g3 -c -fmessage-length=0 -MT"src/ALU.o" -mcpu=cortex-a9 -mfpu=vfpv3 -mfloat-abi=hard -I../../ALU_bsp/ps7_cortexa9_0/include -MMD -MP -MF"src/ALU.d" -MT"src/ALU.o" -o "src/ALU.o" "../src/ALU.c"
'Finished building: ../src/ALU.c'
' '
'Building target: ALU.elf'
'Invoking: ARM v7 gcc linker'
arm-none-eabi-gcc -mcpu=cortex-a9 -mfpu=vfpv3 -mfloat-abi=hard -Wl,-build-id=none -specs=Xilinx.spec -Wl,-T -Wl,../src/lscript.ld -L../../ALU_bsp/ps7_cortexa9_0/lib -o "ALU.elf"  ./src/ALU.o   -Wl,--start-group,-lxil,-lgcc,-lc,--end-group
'Finished building target: ALU.elf'
' '
'Invoking: ARM v7 Print Size'
arm-none-eabi-size ALU.elf  |tee "ALU.elf.size"
   text	   data	    bss	    dec	    hex	filename
  70848	   2580	  23328	  96756	  179f4	ALU.elf
'Finished building: ALU.elf.size'
' '
14:00:58 **** Auto Build of configuration Debug for project ALU ****
make pre-build main-build 
a9-linaro-pre-build-step
' '
'Building file: ../src/ALU.c'
'Invoking: ARM v7 gcc compiler'
arm-none-eabi-gcc -Wall -O0 -g3 -c -fmessage-length=0 -MT"src/ALU.o" -mcpu=cortex-a9 -mfpu=vfpv3 -mfloat-abi=hard -I../../ALU_bsp/ps7_cortexa9_0/include -MMD -MP -MF"src/ALU.d" -MT"src/ALU.o" -o "src/ALU.o" "../src/ALU.c"
../src/ALU.c: In function 'ArithTest':
../src/ALU.c:58:2: error: expected expression before '}' token
  }
  ^
make: *** [src/subdir.mk:23: src/ALU.o] Error 1
14:05:55 **** Auto Build of configuration Debug for project ALU ****
make pre-build main-build 
a9-linaro-pre-build-step
' '
'Building file: ../src/ALU.c'
'Invoking: ARM v7 gcc compiler'
arm-none-eabi-gcc -Wall -O0 -g3 -c -fmessage-length=0 -MT"src/ALU.o" -mcpu=cortex-a9 -mfpu=vfpv3 -mfloat-abi=hard -I../../ALU_bsp/ps7_cortexa9_0/include -MMD -MP -MF"src/ALU.d" -MT"src/ALU.o" -o "src/ALU.o" "../src/ALU.c"
'Finished building: ../src/ALU.c'
' '
'Building target: ALU.elf'
'Invoking: ARM v7 gcc linker'
arm-none-eabi-gcc -mcpu=cortex-a9 -mfpu=vfpv3 -mfloat-abi=hard -Wl,-build-id=none -specs=Xilinx.spec -Wl,-T -Wl,../src/lscript.ld -L../../ALU_bsp/ps7_cortexa9_0/lib -o "ALU.elf"  ./src/ALU.o   -Wl,--start-group,-lxil,-lgcc,-lc,--end-group
'Finished building target: ALU.elf'
' '
'Invoking: ARM v7 Print Size'
arm-none-eabi-size ALU.elf  |tee "ALU.elf.size"
   text	   data	    bss	    dec	    hex	filename
  71144	   2580	  23328	  97052	  17b1c	ALU.elf
'Finished building: ALU.elf.size'
' '
14:10:10 **** Auto Build of configuration Debug for project ALU ****
make pre-build main-build 
a9-linaro-pre-build-step
' '
'Building file: ../src/ALU.c'
'Invoking: ARM v7 gcc compiler'
arm-none-eabi-gcc -Wall -O0 -g3 -c -fmessage-length=0 -MT"src/ALU.o" -mcpu=cortex-a9 -mfpu=vfpv3 -mfloat-abi=hard -I../../ALU_bsp/ps7_cortexa9_0/include -MMD -MP -MF"src/ALU.d" -MT"src/ALU.o" -o "src/ALU.o" "../src/ALU.c"
'Finished building: ../src/ALU.c'
' '
'Building target: ALU.elf'
'Invoking: ARM v7 gcc linker'
arm-none-eabi-gcc -mcpu=cortex-a9 -mfpu=vfpv3 -mfloat-abi=hard -Wl,-build-id=none -specs=Xilinx.spec -Wl,-T -Wl,../src/lscript.ld -L../../ALU_bsp/ps7_cortexa9_0/lib -o "ALU.elf"  ./src/ALU.o   -Wl,--start-group,-lxil,-lgcc,-lc,--end-group
'Finished building target: ALU.elf'
' '
'Invoking: ARM v7 Print Size'
arm-none-eabi-size ALU.elf  |tee "ALU.elf.size"
   text	   data	    bss	    dec	    hex	filename
  71784	   2580	  23328	  97692	  17d9c	ALU.elf
'Finished building: ALU.elf.size'
' '
14:12:32 **** Auto Build of configuration Debug for project ALU ****
make pre-build main-build 
a9-linaro-pre-build-step
' '
'Building file: ../src/ALU.c'
'Invoking: ARM v7 gcc compiler'
arm-none-eabi-gcc -Wall -O0 -g3 -c -fmessage-length=0 -MT"src/ALU.o" -mcpu=cortex-a9 -mfpu=vfpv3 -mfloat-abi=hard -I../../ALU_bsp/ps7_cortexa9_0/include -MMD -MP -MF"src/ALU.d" -MT"src/ALU.o" -o "src/ALU.o" "../src/ALU.c"
'Finished building: ../src/ALU.c'
' '
'Building target: ALU.elf'
'Invoking: ARM v7 gcc linker'
arm-none-eabi-gcc -mcpu=cortex-a9 -mfpu=vfpv3 -mfloat-abi=hard -Wl,-build-id=none -specs=Xilinx.spec -Wl,-T -Wl,../src/lscript.ld -L../../ALU_bsp/ps7_cortexa9_0/lib -o "ALU.elf"  ./src/ALU.o   -Wl,--start-group,-lxil,-lgcc,-lc,--end-group
'Finished building target: ALU.elf'
' '
'Invoking: ARM v7 Print Size'
arm-none-eabi-size ALU.elf  |tee "ALU.elf.size"
   text	   data	    bss	    dec	    hex	filename
  72104	   2580	  23328	  98012	  17edc	ALU.elf
'Finished building: ALU.elf.size'
' '
14:20:07 **** Auto Build of configuration Debug for project ALU ****
make pre-build main-build 
a9-linaro-pre-build-step
' '
'Building file: ../src/ALU.c'
'Invoking: ARM v7 gcc compiler'
arm-none-eabi-gcc -Wall -O0 -g3 -c -fmessage-length=0 -MT"src/ALU.o" -mcpu=cortex-a9 -mfpu=vfpv3 -mfloat-abi=hard -I../../ALU_bsp/ps7_cortexa9_0/include -MMD -MP -MF"src/ALU.d" -MT"src/ALU.o" -o "src/ALU.o" "../src/ALU.c"
'Finished building: ../src/ALU.c'
' '
'Building target: ALU.elf'
'Invoking: ARM v7 gcc linker'
arm-none-eabi-gcc -mcpu=cortex-a9 -mfpu=vfpv3 -mfloat-abi=hard -Wl,-build-id=none -specs=Xilinx.spec -Wl,-T -Wl,../src/lscript.ld -L../../ALU_bsp/ps7_cortexa9_0/lib -o "ALU.elf"  ./src/ALU.o   -Wl,--start-group,-lxil,-lgcc,-lc,--end-group
'Finished building target: ALU.elf'
' '
'Invoking: ARM v7 Print Size'
arm-none-eabi-size ALU.elf  |tee "ALU.elf.size"
   text	   data	    bss	    dec	    hex	filename
  72456	   2580	  23328	  98364	  1803c	ALU.elf
'Finished building: ALU.elf.size'
' '
14:23:13 **** Auto Build of configuration Debug for project ALU ****
make pre-build main-build 
a9-linaro-pre-build-step
' '
'Building file: ../src/ALU.c'
'Invoking: ARM v7 gcc compiler'
arm-none-eabi-gcc -Wall -O0 -g3 -c -fmessage-length=0 -MT"src/ALU.o" -mcpu=cortex-a9 -mfpu=vfpv3 -mfloat-abi=hard -I../../ALU_bsp/ps7_cortexa9_0/include -MMD -MP -MF"src/ALU.d" -MT"src/ALU.o" -o "src/ALU.o" "../src/ALU.c"
'Finished building: ../src/ALU.c'
' '
'Building target: ALU.elf'
'Invoking: ARM v7 gcc linker'
arm-none-eabi-gcc -mcpu=cortex-a9 -mfpu=vfpv3 -mfloat-abi=hard -Wl,-build-id=none -specs=Xilinx.spec -Wl,-T -Wl,../src/lscript.ld -L../../ALU_bsp/ps7_cortexa9_0/lib -o "ALU.elf"  ./src/ALU.o   -Wl,--start-group,-lxil,-lgcc,-lc,--end-group
'Finished building target: ALU.elf'
' '
'Invoking: ARM v7 Print Size'
arm-none-eabi-size ALU.elf  |tee "ALU.elf.size"
   text	   data	    bss	    dec	    hex	filename
  72464	   2580	  23328	  98372	  18044	ALU.elf
'Finished building: ALU.elf.size'
' '
14:35:34 **** Auto Build of configuration Debug for project ALU ****
make pre-build main-build 
a9-linaro-pre-build-step
' '
'Building file: ../src/ALU.c'
'Invoking: ARM v7 gcc compiler'
arm-none-eabi-gcc -Wall -O0 -g3 -c -fmessage-length=0 -MT"src/ALU.o" -mcpu=cortex-a9 -mfpu=vfpv3 -mfloat-abi=hard -I../../ALU_bsp/ps7_cortexa9_0/include -MMD -MP -MF"src/ALU.d" -MT"src/ALU.o" -o "src/ALU.o" "../src/ALU.c"
'Finished building: ../src/ALU.c'
' '
'Building target: ALU.elf'
'Invoking: ARM v7 gcc linker'
arm-none-eabi-gcc -mcpu=cortex-a9 -mfpu=vfpv3 -mfloat-abi=hard -Wl,-build-id=none -specs=Xilinx.spec -Wl,-T -Wl,../src/lscript.ld -L../../ALU_bsp/ps7_cortexa9_0/lib -o "ALU.elf"  ./src/ALU.o   -Wl,--start-group,-lxil,-lgcc,-lc,--end-group
'Finished building target: ALU.elf'
' '
'Invoking: ARM v7 Print Size'
arm-none-eabi-size ALU.elf  |tee "ALU.elf.size"
   text	   data	    bss	    dec	    hex	filename
  73052	   2580	  23328	  98960	  18290	ALU.elf
'Finished building: ALU.elf.size'
' '
14:39:27 **** Incremental Build of configuration Debug for project ALU ****
make pre-build main-build 
a9-linaro-pre-build-step
' '
make: Nothing to be done for 'main-build'.
14:41:29 **** Auto Build of configuration Debug for project ALU ****
make pre-build main-build 
a9-linaro-pre-build-step
' '
'Building file: ../src/ALU.c'
'Invoking: ARM v7 gcc compiler'
arm-none-eabi-gcc -Wall -O0 -g3 -c -fmessage-length=0 -MT"src/ALU.o" -mcpu=cortex-a9 -mfpu=vfpv3 -mfloat-abi=hard -I../../ALU_bsp/ps7_cortexa9_0/include -MMD -MP -MF"src/ALU.d" -MT"src/ALU.o" -o "src/ALU.o" "../src/ALU.c"
'Finished building: ../src/ALU.c'
' '
'Building target: ALU.elf'
'Invoking: ARM v7 gcc linker'
arm-none-eabi-gcc -mcpu=cortex-a9 -mfpu=vfpv3 -mfloat-abi=hard -Wl,-build-id=none -specs=Xilinx.spec -Wl,-T -Wl,../src/lscript.ld -L../../ALU_bsp/ps7_cortexa9_0/lib -o "ALU.elf"  ./src/ALU.o   -Wl,--start-group,-lxil,-lgcc,-lc,--end-group
'Finished building target: ALU.elf'
' '
'Invoking: ARM v7 Print Size'
arm-none-eabi-size ALU.elf  |tee "ALU.elf.size"
   text	   data	    bss	    dec	    hex	filename
  73052	   2580	  23328	  98960	  18290	ALU.elf
'Finished building: ALU.elf.size'
' '
14:41:40 **** Incremental Build of configuration Debug for project ALU ****
make pre-build main-build 
a9-linaro-pre-build-step
' '
make: Nothing to be done for 'main-build'.
14:43:53 **** Auto Build of configuration Debug for project ALU ****
make pre-build main-build 
a9-linaro-pre-build-step
' '
'Building file: ../src/ALU.c'
'Invoking: ARM v7 gcc compiler'
arm-none-eabi-gcc -Wall -O0 -g3 -c -fmessage-length=0 -MT"src/ALU.o" -mcpu=cortex-a9 -mfpu=vfpv3 -mfloat-abi=hard -I../../ALU_bsp/ps7_cortexa9_0/include -MMD -MP -MF"src/ALU.d" -MT"src/ALU.o" -o "src/ALU.o" "../src/ALU.c"
../src/ALU.c: In function 'main':
../src/ALU.c:19:2: warning: implicit declaration of function 'srand'; did you mean 'scanf'? [-Wimplicit-function-declaration]
  srand(time(NULL));
  ^~~~~
  scanf
../src/ALU.c:19:8: warning: implicit declaration of function 'time' [-Wimplicit-function-declaration]
  srand(time(NULL));
        ^~~~
../src/ALU.c:23:15: error: 'b' undeclared (first use in this function)
   LogicTest(a,b,0b00);
               ^
../src/ALU.c:23:15: note: each undeclared identifier is reported only once for each function it appears in
make: *** [src/subdir.mk:23: src/ALU.o] Error 1
14:44:01 **** Auto Build of configuration Debug for project ALU ****
make pre-build main-build 
a9-linaro-pre-build-step
' '
'Building file: ../src/ALU.c'
'Invoking: ARM v7 gcc compiler'
arm-none-eabi-gcc -Wall -O0 -g3 -c -fmessage-length=0 -MT"src/ALU.o" -mcpu=cortex-a9 -mfpu=vfpv3 -mfloat-abi=hard -I../../ALU_bsp/ps7_cortexa9_0/include -MMD -MP -MF"src/ALU.d" -MT"src/ALU.o" -o "src/ALU.o" "../src/ALU.c"
../src/ALU.c: In function 'main':
../src/ALU.c:20:2: warning: implicit declaration of function 'srand'; did you mean 'scanf'? [-Wimplicit-function-declaration]
  srand(time(NULL));
  ^~~~~
  scanf
../src/ALU.c:24:15: error: 'b' undeclared (first use in this function)
   LogicTest(a,b,0b00);
               ^
../src/ALU.c:24:15: note: each undeclared identifier is reported only once for each function it appears in
make: *** [src/subdir.mk:23: src/ALU.o] Error 1
14:44:23 **** Auto Build of configuration Debug for project ALU ****
make pre-build main-build 
a9-linaro-pre-build-step
' '
'Building file: ../src/ALU.c'
'Invoking: ARM v7 gcc compiler'
arm-none-eabi-gcc -Wall -O0 -g3 -c -fmessage-length=0 -MT"src/ALU.o" -mcpu=cortex-a9 -mfpu=vfpv3 -mfloat-abi=hard -I../../ALU_bsp/ps7_cortexa9_0/include -MMD -MP -MF"src/ALU.d" -MT"src/ALU.o" -o "src/ALU.o" "../src/ALU.c"
../src/ALU.c: In function 'main':
../src/ALU.c:25:15: error: 'b' undeclared (first use in this function)
   LogicTest(a,b,0b00);
               ^
../src/ALU.c:25:15: note: each undeclared identifier is reported only once for each function it appears in
make: *** [src/subdir.mk:23: src/ALU.o] Error 1
14:44:51 **** Auto Build of configuration Debug for project ALU ****
make pre-build main-build 
a9-linaro-pre-build-step
' '
'Building file: ../src/ALU.c'
'Invoking: ARM v7 gcc compiler'
arm-none-eabi-gcc -Wall -O0 -g3 -c -fmessage-length=0 -MT"src/ALU.o" -mcpu=cortex-a9 -mfpu=vfpv3 -mfloat-abi=hard -I../../ALU_bsp/ps7_cortexa9_0/include -MMD -MP -MF"src/ALU.d" -MT"src/ALU.o" -o "src/ALU.o" "../src/ALU.c"
'Finished building: ../src/ALU.c'
' '
'Building target: ALU.elf'
'Invoking: ARM v7 gcc linker'
arm-none-eabi-gcc -mcpu=cortex-a9 -mfpu=vfpv3 -mfloat-abi=hard -Wl,-build-id=none -specs=Xilinx.spec -Wl,-T -Wl,../src/lscript.ld -L../../ALU_bsp/ps7_cortexa9_0/lib -o "ALU.elf"  ./src/ALU.o   -Wl,--start-group,-lxil,-lgcc,-lc,--end-group
c:/xilinx/sdk/2018.3/gnu/aarch32/nt/gcc-arm-none-eabi/bin/../arm-none-eabi/libc/usr/lib/v7-a/fpv3/hard\libc.a(lib_a-gettimeofdayr.o): In function `_gettimeofday_r':
gettimeofdayr.c:(.text+0x24): undefined reference to `_gettimeofday'
collect2.exe: error: ld returned 1 exit status
make: *** [makefile:41: ALU.elf] Error 1
14:45:58 **** Auto Build of configuration Debug for project ALU ****
make pre-build main-build 
a9-linaro-pre-build-step
' '
'Building file: ../src/ALU.c'
'Invoking: ARM v7 gcc compiler'
arm-none-eabi-gcc -Wall -O0 -g3 -c -fmessage-length=0 -MT"src/ALU.o" -mcpu=cortex-a9 -mfpu=vfpv3 -mfloat-abi=hard -I../../ALU_bsp/ps7_cortexa9_0/include -MMD -MP -MF"src/ALU.d" -MT"src/ALU.o" -o "src/ALU.o" "../src/ALU.c"
'Finished building: ../src/ALU.c'
' '
'Building target: ALU.elf'
'Invoking: ARM v7 gcc linker'
arm-none-eabi-gcc -mcpu=cortex-a9 -mfpu=vfpv3 -mfloat-abi=hard -Wl,-build-id=none -specs=Xilinx.spec -Wl,-T -Wl,../src/lscript.ld -L../../ALU_bsp/ps7_cortexa9_0/lib -o "ALU.elf"  ./src/ALU.o   -Wl,--start-group,-lxil,-lgcc,-lc,--end-group
c:/xilinx/sdk/2018.3/gnu/aarch32/nt/gcc-arm-none-eabi/bin/../arm-none-eabi/libc/usr/lib/v7-a/fpv3/hard\libc.a(lib_a-gettimeofdayr.o): In function `_gettimeofday_r':
gettimeofdayr.c:(.text+0x24): undefined reference to `_gettimeofday'
collect2.exe: error: ld returned 1 exit status
make: *** [makefile:41: ALU.elf] Error 1
14:46:40 **** Auto Build of configuration Debug for project ALU ****
make pre-build main-build 
a9-linaro-pre-build-step
' '
'Building file: ../src/ALU.c'
'Invoking: ARM v7 gcc compiler'
arm-none-eabi-gcc -Wall -O0 -g3 -c -fmessage-length=0 -MT"src/ALU.o" -mcpu=cortex-a9 -mfpu=vfpv3 -mfloat-abi=hard -I../../ALU_bsp/ps7_cortexa9_0/include -MMD -MP -MF"src/ALU.d" -MT"src/ALU.o" -o "src/ALU.o" "../src/ALU.c"
'Finished building: ../src/ALU.c'
' '
'Building target: ALU.elf'
'Invoking: ARM v7 gcc linker'
arm-none-eabi-gcc -mcpu=cortex-a9 -mfpu=vfpv3 -mfloat-abi=hard -Wl,-build-id=none -specs=Xilinx.spec -Wl,-T -Wl,../src/lscript.ld -L../../ALU_bsp/ps7_cortexa9_0/lib -o "ALU.elf"  ./src/ALU.o   -Wl,--start-group,-lxil,-lgcc,-lc,--end-group
'Finished building target: ALU.elf'
' '
'Invoking: ARM v7 Print Size'
arm-none-eabi-size ALU.elf  |tee "ALU.elf.size"
   text	   data	    bss	    dec	    hex	filename
  73308	   2580	  23328	  99216	  18390	ALU.elf
'Finished building: ALU.elf.size'
' '
14:47:04 **** Incremental Build of configuration Debug for project ALU ****
make pre-build main-build 
a9-linaro-pre-build-step
' '
make: Nothing to be done for 'main-build'.
14:50:56 **** Auto Build of configuration Debug for project ALU ****
make pre-build main-build 
a9-linaro-pre-build-step
' '
'Building file: ../src/ALU.c'
'Invoking: ARM v7 gcc compiler'
arm-none-eabi-gcc -Wall -O0 -g3 -c -fmessage-length=0 -MT"src/ALU.o" -mcpu=cortex-a9 -mfpu=vfpv3 -mfloat-abi=hard -I../../ALU_bsp/ps7_cortexa9_0/include -MMD -MP -MF"src/ALU.d" -MT"src/ALU.o" -o "src/ALU.o" "../src/ALU.c"
'Finished building: ../src/ALU.c'
' '
'Building target: ALU.elf'
'Invoking: ARM v7 gcc linker'
arm-none-eabi-gcc -mcpu=cortex-a9 -mfpu=vfpv3 -mfloat-abi=hard -Wl,-build-id=none -specs=Xilinx.spec -Wl,-T -Wl,../src/lscript.ld -L../../ALU_bsp/ps7_cortexa9_0/lib -o "ALU.elf"  ./src/ALU.o   -Wl,--start-group,-lxil,-lgcc,-lc,--end-group
'Finished building target: ALU.elf'
' '
'Invoking: ARM v7 Print Size'
arm-none-eabi-size ALU.elf  |tee "ALU.elf.size"
   text	   data	    bss	    dec	    hex	filename
  73692	   2580	  23328	  99600	  18510	ALU.elf
'Finished building: ALU.elf.size'
' '
14:51:02 **** Incremental Build of configuration Debug for project ALU ****
make pre-build main-build 
a9-linaro-pre-build-step
' '
make: Nothing to be done for 'main-build'.
14:52:17 **** Auto Build of configuration Debug for project ALU ****
make pre-build main-build 
a9-linaro-pre-build-step
' '
'Building file: ../src/ALU.c'
'Invoking: ARM v7 gcc compiler'
arm-none-eabi-gcc -Wall -O0 -g3 -c -fmessage-length=0 -MT"src/ALU.o" -mcpu=cortex-a9 -mfpu=vfpv3 -mfloat-abi=hard -I../../ALU_bsp/ps7_cortexa9_0/include -MMD -MP -MF"src/ALU.d" -MT"src/ALU.o" -o "src/ALU.o" "../src/ALU.c"
'Finished building: ../src/ALU.c'
' '
'Building target: ALU.elf'
'Invoking: ARM v7 gcc linker'
arm-none-eabi-gcc -mcpu=cortex-a9 -mfpu=vfpv3 -mfloat-abi=hard -Wl,-build-id=none -specs=Xilinx.spec -Wl,-T -Wl,../src/lscript.ld -L../../ALU_bsp/ps7_cortexa9_0/lib -o "ALU.elf"  ./src/ALU.o   -Wl,--start-group,-lxil,-lgcc,-lc,--end-group
'Finished building target: ALU.elf'
' '
'Invoking: ARM v7 Print Size'
arm-none-eabi-size ALU.elf  |tee "ALU.elf.size"
   text	   data	    bss	    dec	    hex	filename
  35072	   2184	  22632	  59888	   e9f0	ALU.elf
'Finished building: ALU.elf.size'
' '
14:52:23 **** Incremental Build of configuration Debug for project ALU ****
make pre-build main-build 
a9-linaro-pre-build-step
' '
make: Nothing to be done for 'main-build'.
15:00:02 **** Auto Build of configuration Debug for project ALU ****
make pre-build main-build 
a9-linaro-pre-build-step
' '
'Building file: ../src/ALU.c'
'Invoking: ARM v7 gcc compiler'
arm-none-eabi-gcc -Wall -O0 -g3 -c -fmessage-length=0 -MT"src/ALU.o" -mcpu=cortex-a9 -mfpu=vfpv3 -mfloat-abi=hard -I../../ALU_bsp/ps7_cortexa9_0/include -MMD -MP -MF"src/ALU.d" -MT"src/ALU.o" -o "src/ALU.o" "../src/ALU.c"
'Finished building: ../src/ALU.c'
' '
'Building target: ALU.elf'
'Invoking: ARM v7 gcc linker'
arm-none-eabi-gcc -mcpu=cortex-a9 -mfpu=vfpv3 -mfloat-abi=hard -Wl,-build-id=none -specs=Xilinx.spec -Wl,-T -Wl,../src/lscript.ld -L../../ALU_bsp/ps7_cortexa9_0/lib -o "ALU.elf"  ./src/ALU.o   -Wl,--start-group,-lxil,-lgcc,-lc,--end-group
'Finished building target: ALU.elf'
' '
'Invoking: ARM v7 Print Size'
arm-none-eabi-size ALU.elf  |tee "ALU.elf.size"
   text	   data	    bss	    dec	    hex	filename
  35200	   2184	  22632	  60016	   ea70	ALU.elf
'Finished building: ALU.elf.size'
' '
15:00:10 **** Incremental Build of configuration Debug for project ALU ****
make pre-build main-build 
a9-linaro-pre-build-step
' '
make: Nothing to be done for 'main-build'.
15:01:23 **** Auto Build of configuration Debug for project ALU ****
make pre-build main-build 
a9-linaro-pre-build-step
' '
'Building file: ../src/ALU.c'
'Invoking: ARM v7 gcc compiler'
arm-none-eabi-gcc -Wall -O0 -g3 -c -fmessage-length=0 -MT"src/ALU.o" -mcpu=cortex-a9 -mfpu=vfpv3 -mfloat-abi=hard -I../../ALU_bsp/ps7_cortexa9_0/include -MMD -MP -MF"src/ALU.d" -MT"src/ALU.o" -o "src/ALU.o" "../src/ALU.c"
'Finished building: ../src/ALU.c'
' '
'Building target: ALU.elf'
'Invoking: ARM v7 gcc linker'
arm-none-eabi-gcc -mcpu=cortex-a9 -mfpu=vfpv3 -mfloat-abi=hard -Wl,-build-id=none -specs=Xilinx.spec -Wl,-T -Wl,../src/lscript.ld -L../../ALU_bsp/ps7_cortexa9_0/lib -o "ALU.elf"  ./src/ALU.o   -Wl,--start-group,-lxil,-lgcc,-lc,--end-group
'Finished building target: ALU.elf'
' '
'Invoking: ARM v7 Print Size'
arm-none-eabi-size ALU.elf  |tee "ALU.elf.size"
   text	   data	    bss	    dec	    hex	filename
  35200	   2184	  22632	  60016	   ea70	ALU.elf
'Finished building: ALU.elf.size'
' '
15:01:27 **** Incremental Build of configuration Debug for project ALU ****
make pre-build main-build 
a9-linaro-pre-build-step
' '
make: Nothing to be done for 'main-build'.
15:03:32 **** Auto Build of configuration Debug for project ALU ****
make pre-build main-build 
a9-linaro-pre-build-step
' '
'Building file: ../src/ALU.c'
'Invoking: ARM v7 gcc compiler'
arm-none-eabi-gcc -Wall -O0 -g3 -c -fmessage-length=0 -MT"src/ALU.o" -mcpu=cortex-a9 -mfpu=vfpv3 -mfloat-abi=hard -I../../ALU_bsp/ps7_cortexa9_0/include -MMD -MP -MF"src/ALU.d" -MT"src/ALU.o" -o "src/ALU.o" "../src/ALU.c"
'Finished building: ../src/ALU.c'
' '
'Building target: ALU.elf'
'Invoking: ARM v7 gcc linker'
arm-none-eabi-gcc -mcpu=cortex-a9 -mfpu=vfpv3 -mfloat-abi=hard -Wl,-build-id=none -specs=Xilinx.spec -Wl,-T -Wl,../src/lscript.ld -L../../ALU_bsp/ps7_cortexa9_0/lib -o "ALU.elf"  ./src/ALU.o   -Wl,--start-group,-lxil,-lgcc,-lc,--end-group
'Finished building target: ALU.elf'
' '
'Invoking: ARM v7 Print Size'
arm-none-eabi-size ALU.elf  |tee "ALU.elf.size"
   text	   data	    bss	    dec	    hex	filename
  35200	   2184	  22632	  60016	   ea70	ALU.elf
'Finished building: ALU.elf.size'
' '
15:04:23 **** Auto Build of configuration Debug for project ALU ****
make pre-build main-build 
a9-linaro-pre-build-step
' '
'Building file: ../src/ALU.c'
'Invoking: ARM v7 gcc compiler'
arm-none-eabi-gcc -Wall -O0 -g3 -c -fmessage-length=0 -MT"src/ALU.o" -mcpu=cortex-a9 -mfpu=vfpv3 -mfloat-abi=hard -I../../ALU_bsp/ps7_cortexa9_0/include -MMD -MP -MF"src/ALU.d" -MT"src/ALU.o" -o "src/ALU.o" "../src/ALU.c"
'Finished building: ../src/ALU.c'
' '
'Building target: ALU.elf'
'Invoking: ARM v7 gcc linker'
arm-none-eabi-gcc -mcpu=cortex-a9 -mfpu=vfpv3 -mfloat-abi=hard -Wl,-build-id=none -specs=Xilinx.spec -Wl,-T -Wl,../src/lscript.ld -L../../ALU_bsp/ps7_cortexa9_0/lib -o "ALU.elf"  ./src/ALU.o   -Wl,--start-group,-lxil,-lgcc,-lc,--end-group
'Finished building target: ALU.elf'
' '
'Invoking: ARM v7 Print Size'
arm-none-eabi-size ALU.elf  |tee "ALU.elf.size"
   text	   data	    bss	    dec	    hex	filename
  34816	   2184	  22632	  59632	   e8f0	ALU.elf
'Finished building: ALU.elf.size'
' '
15:04:28 **** Incremental Build of configuration Debug for project ALU ****
make pre-build main-build 
a9-linaro-pre-build-step
' '
make: Nothing to be done for 'main-build'.
15:06:13 **** Auto Build of configuration Debug for project ALU ****
make pre-build main-build 
a9-linaro-pre-build-step
' '
'Building file: ../src/ALU.c'
'Invoking: ARM v7 gcc compiler'
arm-none-eabi-gcc -Wall -O0 -g3 -c -fmessage-length=0 -MT"src/ALU.o" -mcpu=cortex-a9 -mfpu=vfpv3 -mfloat-abi=hard -I../../ALU_bsp/ps7_cortexa9_0/include -MMD -MP -MF"src/ALU.d" -MT"src/ALU.o" -o "src/ALU.o" "../src/ALU.c"
'Finished building: ../src/ALU.c'
' '
'Building target: ALU.elf'
'Invoking: ARM v7 gcc linker'
arm-none-eabi-gcc -mcpu=cortex-a9 -mfpu=vfpv3 -mfloat-abi=hard -Wl,-build-id=none -specs=Xilinx.spec -Wl,-T -Wl,../src/lscript.ld -L../../ALU_bsp/ps7_cortexa9_0/lib -o "ALU.elf"  ./src/ALU.o   -Wl,--start-group,-lxil,-lgcc,-lc,--end-group
'Finished building target: ALU.elf'
' '
'Invoking: ARM v7 Print Size'
arm-none-eabi-size ALU.elf  |tee "ALU.elf.size"
   text	   data	    bss	    dec	    hex	filename
  73444	   2580	  23328	  99352	  18418	ALU.elf
'Finished building: ALU.elf.size'
' '
15:06:17 **** Incremental Build of configuration Debug for project ALU ****
make pre-build main-build 
a9-linaro-pre-build-step
' '
make: Nothing to be done for 'main-build'.
15:07:49 **** Auto Build of configuration Debug for project ALU ****
make pre-build main-build 
a9-linaro-pre-build-step
' '
'Building file: ../src/ALU.c'
'Invoking: ARM v7 gcc compiler'
arm-none-eabi-gcc -Wall -O0 -g3 -c -fmessage-length=0 -MT"src/ALU.o" -mcpu=cortex-a9 -mfpu=vfpv3 -mfloat-abi=hard -I../../ALU_bsp/ps7_cortexa9_0/include -MMD -MP -MF"src/ALU.d" -MT"src/ALU.o" -o "src/ALU.o" "../src/ALU.c"
'Finished building: ../src/ALU.c'
' '
'Building target: ALU.elf'
'Invoking: ARM v7 gcc linker'
arm-none-eabi-gcc -mcpu=cortex-a9 -mfpu=vfpv3 -mfloat-abi=hard -Wl,-build-id=none -specs=Xilinx.spec -Wl,-T -Wl,../src/lscript.ld -L../../ALU_bsp/ps7_cortexa9_0/lib -o "ALU.elf"  ./src/ALU.o   -Wl,--start-group,-lxil,-lgcc,-lc,--end-group
'Finished building target: ALU.elf'
' '
'Invoking: ARM v7 Print Size'
arm-none-eabi-size ALU.elf  |tee "ALU.elf.size"
   text	   data	    bss	    dec	    hex	filename
  73444	   2580	  23328	  99352	  18418	ALU.elf
'Finished building: ALU.elf.size'
' '
15:07:57 **** Incremental Build of configuration Debug for project ALU ****
make pre-build main-build 
a9-linaro-pre-build-step
' '
make: Nothing to be done for 'main-build'.
15:10:18 **** Auto Build of configuration Debug for project ALU ****
make pre-build main-build 
a9-linaro-pre-build-step
' '
'Building file: ../src/ALU.c'
'Invoking: ARM v7 gcc compiler'
arm-none-eabi-gcc -Wall -O0 -g3 -c -fmessage-length=0 -MT"src/ALU.o" -mcpu=cortex-a9 -mfpu=vfpv3 -mfloat-abi=hard -I../../ALU_bsp/ps7_cortexa9_0/include -MMD -MP -MF"src/ALU.d" -MT"src/ALU.o" -o "src/ALU.o" "../src/ALU.c"
../src/ALU.c: In function 'ShiftTest':
../src/ALU.c:169:45: warning: format '%d' expects argument of type 'int', but argument 2 has type 'int32_t {aka long int}' [-Wformat=]
   printf("Failed Shift Left Logical case!\t%d not equal to %d\n",out.R,(A<<shift));
                                            ~^                    ~~~~~
                                            %ld
../src/ALU.c:169:61: warning: format '%d' expects argument of type 'int', but argument 3 has type 'int32_t {aka long int}' [-Wformat=]
   printf("Failed Shift Left Logical case!\t%d not equal to %d\n",out.R,(A<<shift));
                                                            ~^          ~~~~~~~~~~
                                                            %ld
../src/ALU.c:171:10: warning: too many arguments for format [-Wformat-extra-args]
   printf("Failed Shift Right Logical case!\n",out.R,((uint32_t)(A)>>shift));
          ^~~~~~~~~~~~~~~~~~~~~~~~~~~~~~~~~~~~
../src/ALU.c:173:10: warning: too many arguments for format [-Wformat-extra-args]
   printf("Failed Shift Right Arithmetic case!\n",out.R,(A>>shift));
          ^~~~~~~~~~~~~~~~~~~~~~~~~~~~~~~~~~~~~~~
'Finished building: ../src/ALU.c'
' '
'Building target: ALU.elf'
'Invoking: ARM v7 gcc linker'
arm-none-eabi-gcc -mcpu=cortex-a9 -mfpu=vfpv3 -mfloat-abi=hard -Wl,-build-id=none -specs=Xilinx.spec -Wl,-T -Wl,../src/lscript.ld -L../../ALU_bsp/ps7_cortexa9_0/lib -o "ALU.elf"  ./src/ALU.o   -Wl,--start-group,-lxil,-lgcc,-lc,--end-group
'Finished building target: ALU.elf'
' '
'Invoking: ARM v7 Print Size'
arm-none-eabi-size ALU.elf  |tee "ALU.elf.size"
   text	   data	    bss	    dec	    hex	filename
  73524	   2580	  23328	  99432	  18468	ALU.elf
'Finished building: ALU.elf.size'
' '
15:10:23 **** Incremental Build of configuration Debug for project ALU ****
make pre-build main-build 
a9-linaro-pre-build-step
' '
make: Nothing to be done for 'main-build'.
15:11:08 **** Incremental Build of configuration Debug for project ALU ****
make pre-build main-build 
a9-linaro-pre-build-step
' '
make: Nothing to be done for 'main-build'.
15:11:46 **** Incremental Build of configuration Debug for project ALU ****
make pre-build main-build 
a9-linaro-pre-build-step
' '
make: Nothing to be done for 'main-build'.
15:12:31 **** Auto Build of configuration Debug for project ALU ****
make pre-build main-build 
a9-linaro-pre-build-step
' '
'Building file: ../src/ALU.c'
'Invoking: ARM v7 gcc compiler'
arm-none-eabi-gcc -Wall -O0 -g3 -c -fmessage-length=0 -MT"src/ALU.o" -mcpu=cortex-a9 -mfpu=vfpv3 -mfloat-abi=hard -I../../ALU_bsp/ps7_cortexa9_0/include -MMD -MP -MF"src/ALU.d" -MT"src/ALU.o" -o "src/ALU.o" "../src/ALU.c"
../src/ALU.c: In function 'ShiftTest':
../src/ALU.c:169:45: warning: format '%d' expects argument of type 'int', but argument 2 has type 'int32_t {aka long int}' [-Wformat=]
   printf("Failed Shift Left Logical case!\t%d not equal to %d\nshift=%d",out.R,(A<<shift),shift);
                                            ~^                            ~~~~~
                                            %ld
../src/ALU.c:169:61: warning: format '%d' expects argument of type 'int', but argument 3 has type 'int32_t {aka long int}' [-Wformat=]
   printf("Failed Shift Left Logical case!\t%d not equal to %d\nshift=%d",out.R,(A<<shift),shift);
                                                            ~^                  ~~~~~~~~~~
                                                            %ld
../src/ALU.c:171:10: warning: too many arguments for format [-Wformat-extra-args]
   printf("Failed Shift Right Logical case!\n",out.R,((uint32_t)(A)>>shift));
          ^~~~~~~~~~~~~~~~~~~~~~~~~~~~~~~~~~~~
../src/ALU.c:173:10: warning: too many arguments for format [-Wformat-extra-args]
   printf("Failed Shift Right Arithmetic case!\n",out.R,(A>>shift));
          ^~~~~~~~~~~~~~~~~~~~~~~~~~~~~~~~~~~~~~~
'Finished building: ../src/ALU.c'
' '
'Building target: ALU.elf'
'Invoking: ARM v7 gcc linker'
arm-none-eabi-gcc -mcpu=cortex-a9 -mfpu=vfpv3 -mfloat-abi=hard -Wl,-build-id=none -specs=Xilinx.spec -Wl,-T -Wl,../src/lscript.ld -L../../ALU_bsp/ps7_cortexa9_0/lib -o "ALU.elf"  ./src/ALU.o   -Wl,--start-group,-lxil,-lgcc,-lc,--end-group
'Finished building target: ALU.elf'
' '
'Invoking: ARM v7 Print Size'
arm-none-eabi-size ALU.elf  |tee "ALU.elf.size"
   text	   data	    bss	    dec	    hex	filename
  73532	   2580	  23328	  99440	  18470	ALU.elf
'Finished building: ALU.elf.size'
' '
15:13:23 **** Auto Build of configuration Debug for project ALU ****
make pre-build main-build 
a9-linaro-pre-build-step
' '
'Building file: ../src/ALU.c'
'Invoking: ARM v7 gcc compiler'
arm-none-eabi-gcc -Wall -O0 -g3 -c -fmessage-length=0 -MT"src/ALU.o" -mcpu=cortex-a9 -mfpu=vfpv3 -mfloat-abi=hard -I../../ALU_bsp/ps7_cortexa9_0/include -MMD -MP -MF"src/ALU.d" -MT"src/ALU.o" -o "src/ALU.o" "../src/ALU.c"
../src/ALU.c: In function 'ShiftTest':
../src/ALU.c:169:45: warning: format '%d' expects argument of type 'int', but argument 2 has type 'int32_t {aka long int}' [-Wformat=]
   printf("Failed Shift Left Logical case!\t%d not equal to %d\nshift=%d",out.R,(A<<shift),shift);
                                            ~^                            ~~~~~
                                            %ld
../src/ALU.c:169:61: warning: format '%d' expects argument of type 'int', but argument 3 has type 'int32_t {aka long int}' [-Wformat=]
   printf("Failed Shift Left Logical case!\t%d not equal to %d\nshift=%d",out.R,(A<<shift),shift);
                                                            ~^                  ~~~~~~~~~~
                                                            %ld
../src/ALU.c:171:46: warning: format '%d' expects argument of type 'int', but argument 2 has type 'int32_t {aka long int}' [-Wformat=]
   printf("Failed Shift Right Logical case!\t%d not equal to %d\nshift=%d",out.R,((uint32_t)(A)>>shift));
                                             ~^                            ~~~~~
                                             %ld
../src/ALU.c:171:62: warning: format '%d' expects argument of type 'int', but argument 3 has type 'long unsigned int' [-Wformat=]
   printf("Failed Shift Right Logical case!\t%d not equal to %d\nshift=%d",out.R,((uint32_t)(A)>>shift));
                                                             ~^                  ~~~~~~~~~~~~~~~~~~~~~~
                                                             %ld
../src/ALU.c:171:72: warning: format '%d' expects a matching 'int' argument [-Wformat=]
   printf("Failed Shift Right Logical case!\t%d not equal to %d\nshift=%d",out.R,((uint32_t)(A)>>shift));
                                                                       ~^
../src/ALU.c:173:49: warning: format '%d' expects argument of type 'int', but argument 2 has type 'int32_t {aka long int}' [-Wformat=]
   printf("Failed Shift Right Arithmetic case!\t%d not equal to %d\nshift=%d",out.R,(A>>shift));
                                                ~^                            ~~~~~
                                                %ld
../src/ALU.c:173:65: warning: format '%d' expects argument of type 'int', but argument 3 has type 'int32_t {aka long int}' [-Wformat=]
   printf("Failed Shift Right Arithmetic case!\t%d not equal to %d\nshift=%d",out.R,(A>>shift));
                                                                ~^                  ~~~~~~~~~~
                                                                %ld
../src/ALU.c:173:75: warning: format '%d' expects a matching 'int' argument [-Wformat=]
   printf("Failed Shift Right Arithmetic case!\t%d not equal to %d\nshift=%d",out.R,(A>>shift));
                                                                          ~^
'Finished building: ../src/ALU.c'
' '
'Building target: ALU.elf'
'Invoking: ARM v7 gcc linker'
arm-none-eabi-gcc -mcpu=cortex-a9 -mfpu=vfpv3 -mfloat-abi=hard -Wl,-build-id=none -specs=Xilinx.spec -Wl,-T -Wl,../src/lscript.ld -L../../ALU_bsp/ps7_cortexa9_0/lib -o "ALU.elf"  ./src/ALU.o   -Wl,--start-group,-lxil,-lgcc,-lc,--end-group
'Finished building target: ALU.elf'
' '
'Invoking: ARM v7 Print Size'
arm-none-eabi-size ALU.elf  |tee "ALU.elf.size"
   text	   data	    bss	    dec	    hex	filename
  73580	   2580	  23328	  99488	  184a0	ALU.elf
'Finished building: ALU.elf.size'
' '
15:13:30 **** Incremental Build of configuration Debug for project ALU ****
make pre-build main-build 
a9-linaro-pre-build-step
' '
make: Nothing to be done for 'main-build'.
15:14:15 **** Auto Build of configuration Debug for project ALU ****
make pre-build main-build 
a9-linaro-pre-build-step
' '
'Building file: ../src/ALU.c'
'Invoking: ARM v7 gcc compiler'
arm-none-eabi-gcc -Wall -O0 -g3 -c -fmessage-length=0 -MT"src/ALU.o" -mcpu=cortex-a9 -mfpu=vfpv3 -mfloat-abi=hard -I../../ALU_bsp/ps7_cortexa9_0/include -MMD -MP -MF"src/ALU.d" -MT"src/ALU.o" -o "src/ALU.o" "../src/ALU.c"
../src/ALU.c: In function 'ShiftTest':
../src/ALU.c:169:45: warning: format '%d' expects argument of type 'int', but argument 2 has type 'int32_t {aka long int}' [-Wformat=]
   printf("Failed Shift Left Logical case!\t%d not equal to %d\nshift=%d",out.R,(A<<shift),shift);
                                            ~^                            ~~~~~
                                            %ld
../src/ALU.c:169:61: warning: format '%d' expects argument of type 'int', but argument 3 has type 'int32_t {aka long int}' [-Wformat=]
   printf("Failed Shift Left Logical case!\t%d not equal to %d\nshift=%d",out.R,(A<<shift),shift);
                                                            ~^                  ~~~~~~~~~~
                                                            %ld
../src/ALU.c:171:46: warning: format '%d' expects argument of type 'int', but argument 2 has type 'int32_t {aka long int}' [-Wformat=]
   printf("Failed Shift Right Logical case!\t%d not equal to %d\nshift=%d",out.R,((uint32_t)(A)>>shift));
                                             ~^                            ~~~~~
                                             %ld
../src/ALU.c:171:62: warning: format '%d' expects argument of type 'int', but argument 3 has type 'long unsigned int' [-Wformat=]
   printf("Failed Shift Right Logical case!\t%d not equal to %d\nshift=%d",out.R,((uint32_t)(A)>>shift));
                                                             ~^                  ~~~~~~~~~~~~~~~~~~~~~~
                                                             %ld
../src/ALU.c:171:72: warning: format '%d' expects a matching 'int' argument [-Wformat=]
   printf("Failed Shift Right Logical case!\t%d not equal to %d\nshift=%d",out.R,((uint32_t)(A)>>shift));
                                                                       ~^
../src/ALU.c:173:49: warning: format '%d' expects argument of type 'int', but argument 2 has type 'int32_t {aka long int}' [-Wformat=]
   printf("Failed Shift Right Arithmetic case!\t%d not equal to %d\nshift=%d",out.R,(A>>shift));
                                                ~^                            ~~~~~
                                                %ld
../src/ALU.c:173:65: warning: format '%d' expects argument of type 'int', but argument 3 has type 'int32_t {aka long int}' [-Wformat=]
   printf("Failed Shift Right Arithmetic case!\t%d not equal to %d\nshift=%d",out.R,(A>>shift));
                                                                ~^                  ~~~~~~~~~~
                                                                %ld
../src/ALU.c:173:75: warning: format '%d' expects a matching 'int' argument [-Wformat=]
   printf("Failed Shift Right Arithmetic case!\t%d not equal to %d\nshift=%d",out.R,(A>>shift));
                                                                          ~^
'Finished building: ../src/ALU.c'
' '
'Building target: ALU.elf'
'Invoking: ARM v7 gcc linker'
arm-none-eabi-gcc -mcpu=cortex-a9 -mfpu=vfpv3 -mfloat-abi=hard -Wl,-build-id=none -specs=Xilinx.spec -Wl,-T -Wl,../src/lscript.ld -L../../ALU_bsp/ps7_cortexa9_0/lib -o "ALU.elf"  ./src/ALU.o   -Wl,--start-group,-lxil,-lgcc,-lc,--end-group
'Finished building target: ALU.elf'
' '
'Invoking: ARM v7 Print Size'
arm-none-eabi-size ALU.elf  |tee "ALU.elf.size"
   text	   data	    bss	    dec	    hex	filename
  73580	   2580	  23328	  99488	  184a0	ALU.elf
'Finished building: ALU.elf.size'
' '
15:14:21 **** Incremental Build of configuration Debug for project ALU ****
make pre-build main-build 
a9-linaro-pre-build-step
' '
make: Nothing to be done for 'main-build'.
15:15:06 **** Auto Build of configuration Debug for project ALU ****
make pre-build main-build 
a9-linaro-pre-build-step
' '
'Building file: ../src/ALU.c'
'Invoking: ARM v7 gcc compiler'
arm-none-eabi-gcc -Wall -O0 -g3 -c -fmessage-length=0 -MT"src/ALU.o" -mcpu=cortex-a9 -mfpu=vfpv3 -mfloat-abi=hard -I../../ALU_bsp/ps7_cortexa9_0/include -MMD -MP -MF"src/ALU.d" -MT"src/ALU.o" -o "src/ALU.o" "../src/ALU.c"
../src/ALU.c: In function 'ShiftTest':
../src/ALU.c:169:45: warning: format '%d' expects argument of type 'int', but argument 2 has type 'int32_t {aka long int}' [-Wformat=]
   printf("Failed Shift Left Logical case!\t%d not equal to %d\nshift=%d",out.R,(A<<shift),shift);
                                            ~^                            ~~~~~
                                            %ld
../src/ALU.c:169:61: warning: format '%d' expects argument of type 'int', but argument 3 has type 'int32_t {aka long int}' [-Wformat=]
   printf("Failed Shift Left Logical case!\t%d not equal to %d\nshift=%d",out.R,(A<<shift),shift);
                                                            ~^                  ~~~~~~~~~~
                                                            %ld
../src/ALU.c:171:46: warning: format '%d' expects argument of type 'int', but argument 2 has type 'int32_t {aka long int}' [-Wformat=]
   printf("Failed Shift Right Logical case!\t%d not equal to %d\nshift=%d",out.R,((uint32_t)(A)>>shift));
                                             ~^                            ~~~~~
                                             %ld
../src/ALU.c:171:62: warning: format '%d' expects argument of type 'int', but argument 3 has type 'long unsigned int' [-Wformat=]
   printf("Failed Shift Right Logical case!\t%d not equal to %d\nshift=%d",out.R,((uint32_t)(A)>>shift));
                                                             ~^                  ~~~~~~~~~~~~~~~~~~~~~~
                                                             %ld
../src/ALU.c:171:72: warning: format '%d' expects a matching 'int' argument [-Wformat=]
   printf("Failed Shift Right Logical case!\t%d not equal to %d\nshift=%d",out.R,((uint32_t)(A)>>shift));
                                                                       ~^
../src/ALU.c:173:49: warning: format '%d' expects argument of type 'int', but argument 2 has type 'int32_t {aka long int}' [-Wformat=]
   printf("Failed Shift Right Arithmetic case!\t%d not equal to %d\nshift=%d",out.R,(A>>shift));
                                                ~^                            ~~~~~
                                                %ld
../src/ALU.c:173:65: warning: format '%d' expects argument of type 'int', but argument 3 has type 'int32_t {aka long int}' [-Wformat=]
   printf("Failed Shift Right Arithmetic case!\t%d not equal to %d\nshift=%d",out.R,(A>>shift));
                                                                ~^                  ~~~~~~~~~~
                                                                %ld
../src/ALU.c:173:75: warning: format '%d' expects a matching 'int' argument [-Wformat=]
   printf("Failed Shift Right Arithmetic case!\t%d not equal to %d\nshift=%d",out.R,(A>>shift));
                                                                          ~^
'Finished building: ../src/ALU.c'
' '
'Building target: ALU.elf'
'Invoking: ARM v7 gcc linker'
arm-none-eabi-gcc -mcpu=cortex-a9 -mfpu=vfpv3 -mfloat-abi=hard -Wl,-build-id=none -specs=Xilinx.spec -Wl,-T -Wl,../src/lscript.ld -L../../ALU_bsp/ps7_cortexa9_0/lib -o "ALU.elf"  ./src/ALU.o   -Wl,--start-group,-lxil,-lgcc,-lc,--end-group
'Finished building target: ALU.elf'
' '
'Invoking: ARM v7 Print Size'
arm-none-eabi-size ALU.elf  |tee "ALU.elf.size"
   text	   data	    bss	    dec	    hex	filename
  73580	   2580	  23328	  99488	  184a0	ALU.elf
'Finished building: ALU.elf.size'
' '
15:15:12 **** Incremental Build of configuration Debug for project ALU ****
make pre-build main-build 
a9-linaro-pre-build-step
' '
make: Nothing to be done for 'main-build'.
15:16:36 **** Auto Build of configuration Debug for project ALU ****
make pre-build main-build 
a9-linaro-pre-build-step
' '
'Building file: ../src/ALU.c'
'Invoking: ARM v7 gcc compiler'
arm-none-eabi-gcc -Wall -O0 -g3 -c -fmessage-length=0 -MT"src/ALU.o" -mcpu=cortex-a9 -mfpu=vfpv3 -mfloat-abi=hard -I../../ALU_bsp/ps7_cortexa9_0/include -MMD -MP -MF"src/ALU.d" -MT"src/ALU.o" -o "src/ALU.o" "../src/ALU.c"
../src/ALU.c: In function 'main':
../src/ALU.c:21:6: warning: unused variable 'rtests_per_op' [-Wunused-variable]
  int rtests_per_op = 1000;
      ^~~~~~~~~~~~~
../src/ALU.c: In function 'ShiftTest':
../src/ALU.c:171:45: warning: format '%d' expects argument of type 'int', but argument 2 has type 'int32_t {aka long int}' [-Wformat=]
   printf("Failed Shift Left Logical case!\t%d not equal to %d\nshift=%d",out.R,(A<<shift),shift);
                                            ~^                            ~~~~~
                                            %ld
../src/ALU.c:171:61: warning: format '%d' expects argument of type 'int', but argument 3 has type 'int32_t {aka long int}' [-Wformat=]
   printf("Failed Shift Left Logical case!\t%d not equal to %d\nshift=%d",out.R,(A<<shift),shift);
                                                            ~^                  ~~~~~~~~~~
                                                            %ld
../src/ALU.c:173:46: warning: format '%d' expects argument of type 'int', but argument 2 has type 'int32_t {aka long int}' [-Wformat=]
   printf("Failed Shift Right Logical case!\t%d not equal to %d\nshift=%d",out.R,((uint32_t)(A)>>shift));
                                             ~^                            ~~~~~
                                             %ld
../src/ALU.c:173:62: warning: format '%d' expects argument of type 'int', but argument 3 has type 'long unsigned int' [-Wformat=]
   printf("Failed Shift Right Logical case!\t%d not equal to %d\nshift=%d",out.R,((uint32_t)(A)>>shift));
                                                             ~^                  ~~~~~~~~~~~~~~~~~~~~~~
                                                             %ld
../src/ALU.c:173:72: warning: format '%d' expects a matching 'int' argument [-Wformat=]
   printf("Failed Shift Right Logical case!\t%d not equal to %d\nshift=%d",out.R,((uint32_t)(A)>>shift));
                                                                       ~^
../src/ALU.c:175:49: warning: format '%d' expects argument of type 'int', but argument 2 has type 'int32_t {aka long int}' [-Wformat=]
   printf("Failed Shift Right Arithmetic case!\t%d not equal to %d\nshift=%d",out.R,(A>>shift));
                                                ~^                            ~~~~~
                                                %ld
../src/ALU.c:175:65: warning: format '%d' expects argument of type 'int', but argument 3 has type 'int32_t {aka long int}' [-Wformat=]
   printf("Failed Shift Right Arithmetic case!\t%d not equal to %d\nshift=%d",out.R,(A>>shift));
                                                                ~^                  ~~~~~~~~~~
                                                                %ld
../src/ALU.c:175:75: warning: format '%d' expects a matching 'int' argument [-Wformat=]
   printf("Failed Shift Right Arithmetic case!\t%d not equal to %d\nshift=%d",out.R,(A>>shift));
                                                                          ~^
'Finished building: ../src/ALU.c'
' '
'Building target: ALU.elf'
'Invoking: ARM v7 gcc linker'
arm-none-eabi-gcc -mcpu=cortex-a9 -mfpu=vfpv3 -mfloat-abi=hard -Wl,-build-id=none -specs=Xilinx.spec -Wl,-T -Wl,../src/lscript.ld -L../../ALU_bsp/ps7_cortexa9_0/lib -o "ALU.elf"  ./src/ALU.o   -Wl,--start-group,-lxil,-lgcc,-lc,--end-group
'Finished building target: ALU.elf'
' '
'Invoking: ARM v7 Print Size'
arm-none-eabi-size ALU.elf  |tee "ALU.elf.size"
   text	   data	    bss	    dec	    hex	filename
  73132	   2580	  23328	  99040	  182e0	ALU.elf
'Finished building: ALU.elf.size'
' '
15:16:40 **** Incremental Build of configuration Debug for project ALU ****
make pre-build main-build 
a9-linaro-pre-build-step
' '
make: Nothing to be done for 'main-build'.
15:16:58 **** Auto Build of configuration Debug for project ALU ****
make pre-build main-build 
a9-linaro-pre-build-step
' '
'Building file: ../src/ALU.c'
'Invoking: ARM v7 gcc compiler'
arm-none-eabi-gcc -Wall -O0 -g3 -c -fmessage-length=0 -MT"src/ALU.o" -mcpu=cortex-a9 -mfpu=vfpv3 -mfloat-abi=hard -I../../ALU_bsp/ps7_cortexa9_0/include -MMD -MP -MF"src/ALU.d" -MT"src/ALU.o" -o "src/ALU.o" "../src/ALU.c"
../src/ALU.c: In function 'main':
../src/ALU.c:21:6: warning: unused variable 'rtests_per_op' [-Wunused-variable]
  int rtests_per_op = 1000;
      ^~~~~~~~~~~~~
../src/ALU.c: In function 'ShiftTest':
../src/ALU.c:171:45: warning: format '%d' expects argument of type 'int', but argument 2 has type 'int32_t {aka long int}' [-Wformat=]
   printf("Failed Shift Left Logical case!\t%d not equal to %d\nshift=%d",out.R,(A<<shift),shift);
                                            ~^                            ~~~~~
                                            %ld
../src/ALU.c:171:61: warning: format '%d' expects argument of type 'int', but argument 3 has type 'int32_t {aka long int}' [-Wformat=]
   printf("Failed Shift Left Logical case!\t%d not equal to %d\nshift=%d",out.R,(A<<shift),shift);
                                                            ~^                  ~~~~~~~~~~
                                                            %ld
../src/ALU.c:173:46: warning: format '%d' expects argument of type 'int', but argument 2 has type 'int32_t {aka long int}' [-Wformat=]
   printf("Failed Shift Right Logical case!\t%d not equal to %d\nshift=%d",out.R,((uint32_t)(A)>>shift));
                                             ~^                            ~~~~~
                                             %ld
../src/ALU.c:173:62: warning: format '%d' expects argument of type 'int', but argument 3 has type 'long unsigned int' [-Wformat=]
   printf("Failed Shift Right Logical case!\t%d not equal to %d\nshift=%d",out.R,((uint32_t)(A)>>shift));
                                                             ~^                  ~~~~~~~~~~~~~~~~~~~~~~
                                                             %ld
../src/ALU.c:173:72: warning: format '%d' expects a matching 'int' argument [-Wformat=]
   printf("Failed Shift Right Logical case!\t%d not equal to %d\nshift=%d",out.R,((uint32_t)(A)>>shift));
                                                                       ~^
../src/ALU.c:175:49: warning: format '%d' expects argument of type 'int', but argument 2 has type 'int32_t {aka long int}' [-Wformat=]
   printf("Failed Shift Right Arithmetic case!\t%d not equal to %d\nshift=%d",out.R,(A>>shift));
                                                ~^                            ~~~~~
                                                %ld
../src/ALU.c:175:65: warning: format '%d' expects argument of type 'int', but argument 3 has type 'int32_t {aka long int}' [-Wformat=]
   printf("Failed Shift Right Arithmetic case!\t%d not equal to %d\nshift=%d",out.R,(A>>shift));
                                                                ~^                  ~~~~~~~~~~
                                                                %ld
../src/ALU.c:175:75: warning: format '%d' expects a matching 'int' argument [-Wformat=]
   printf("Failed Shift Right Arithmetic case!\t%d not equal to %d\nshift=%d",out.R,(A>>shift));
                                                                          ~^
'Finished building: ../src/ALU.c'
' '
'Building target: ALU.elf'
'Invoking: ARM v7 gcc linker'
arm-none-eabi-gcc -mcpu=cortex-a9 -mfpu=vfpv3 -mfloat-abi=hard -Wl,-build-id=none -specs=Xilinx.spec -Wl,-T -Wl,../src/lscript.ld -L../../ALU_bsp/ps7_cortexa9_0/lib -o "ALU.elf"  ./src/ALU.o   -Wl,--start-group,-lxil,-lgcc,-lc,--end-group
'Finished building target: ALU.elf'
' '
'Invoking: ARM v7 Print Size'
arm-none-eabi-size ALU.elf  |tee "ALU.elf.size"
   text	   data	    bss	    dec	    hex	filename
  73132	   2580	  23328	  99040	  182e0	ALU.elf
'Finished building: ALU.elf.size'
' '
15:17:08 **** Auto Build of configuration Debug for project ALU ****
make pre-build main-build 
a9-linaro-pre-build-step
' '
'Building file: ../src/ALU.c'
'Invoking: ARM v7 gcc compiler'
arm-none-eabi-gcc -Wall -O0 -g3 -c -fmessage-length=0 -MT"src/ALU.o" -mcpu=cortex-a9 -mfpu=vfpv3 -mfloat-abi=hard -I../../ALU_bsp/ps7_cortexa9_0/include -MMD -MP -MF"src/ALU.d" -MT"src/ALU.o" -o "src/ALU.o" "../src/ALU.c"
../src/ALU.c: In function 'main':
../src/ALU.c:21:6: warning: unused variable 'rtests_per_op' [-Wunused-variable]
  int rtests_per_op = 1000;
      ^~~~~~~~~~~~~
../src/ALU.c: In function 'ShiftTest':
../src/ALU.c:172:45: warning: format '%d' expects argument of type 'int', but argument 2 has type 'int32_t {aka long int}' [-Wformat=]
   printf("Failed Shift Left Logical case!\t%d not equal to %d\nshift=%d",out.R,(A<<shift),shift);
                                            ~^                            ~~~~~
                                            %ld
../src/ALU.c:172:61: warning: format '%d' expects argument of type 'int', but argument 3 has type 'int32_t {aka long int}' [-Wformat=]
   printf("Failed Shift Left Logical case!\t%d not equal to %d\nshift=%d",out.R,(A<<shift),shift);
                                                            ~^                  ~~~~~~~~~~
                                                            %ld
../src/ALU.c:174:46: warning: format '%d' expects argument of type 'int', but argument 2 has type 'int32_t {aka long int}' [-Wformat=]
   printf("Failed Shift Right Logical case!\t%d not equal to %d\nshift=%d",out.R,((uint32_t)(A)>>shift));
                                             ~^                            ~~~~~
                                             %ld
../src/ALU.c:174:62: warning: format '%d' expects argument of type 'int', but argument 3 has type 'long unsigned int' [-Wformat=]
   printf("Failed Shift Right Logical case!\t%d not equal to %d\nshift=%d",out.R,((uint32_t)(A)>>shift));
                                                             ~^                  ~~~~~~~~~~~~~~~~~~~~~~
                                                             %ld
../src/ALU.c:174:72: warning: format '%d' expects a matching 'int' argument [-Wformat=]
   printf("Failed Shift Right Logical case!\t%d not equal to %d\nshift=%d",out.R,((uint32_t)(A)>>shift));
                                                                       ~^
../src/ALU.c:176:49: warning: format '%d' expects argument of type 'int', but argument 2 has type 'int32_t {aka long int}' [-Wformat=]
   printf("Failed Shift Right Arithmetic case!\t%d not equal to %d\nshift=%d",out.R,(A>>shift));
                                                ~^                            ~~~~~
                                                %ld
../src/ALU.c:176:65: warning: format '%d' expects argument of type 'int', but argument 3 has type 'int32_t {aka long int}' [-Wformat=]
   printf("Failed Shift Right Arithmetic case!\t%d not equal to %d\nshift=%d",out.R,(A>>shift));
                                                                ~^                  ~~~~~~~~~~
                                                                %ld
../src/ALU.c:176:75: warning: format '%d' expects a matching 'int' argument [-Wformat=]
   printf("Failed Shift Right Arithmetic case!\t%d not equal to %d\nshift=%d",out.R,(A>>shift));
                                                                          ~^
'Finished building: ../src/ALU.c'
' '
'Building target: ALU.elf'
'Invoking: ARM v7 gcc linker'
arm-none-eabi-gcc -mcpu=cortex-a9 -mfpu=vfpv3 -mfloat-abi=hard -Wl,-build-id=none -specs=Xilinx.spec -Wl,-T -Wl,../src/lscript.ld -L../../ALU_bsp/ps7_cortexa9_0/lib -o "ALU.elf"  ./src/ALU.o   -Wl,--start-group,-lxil,-lgcc,-lc,--end-group
'Finished building target: ALU.elf'
' '
'Invoking: ARM v7 Print Size'
arm-none-eabi-size ALU.elf  |tee "ALU.elf.size"
   text	   data	    bss	    dec	    hex	filename
  73196	   2580	  23328	  99104	  18320	ALU.elf
'Finished building: ALU.elf.size'
' '
15:17:33 **** Auto Build of configuration Debug for project ALU ****
make pre-build main-build 
a9-linaro-pre-build-step
' '
'Building file: ../src/ALU.c'
'Invoking: ARM v7 gcc compiler'
arm-none-eabi-gcc -Wall -O0 -g3 -c -fmessage-length=0 -MT"src/ALU.o" -mcpu=cortex-a9 -mfpu=vfpv3 -mfloat-abi=hard -I../../ALU_bsp/ps7_cortexa9_0/include -MMD -MP -MF"src/ALU.d" -MT"src/ALU.o" -o "src/ALU.o" "../src/ALU.c"
../src/ALU.c: In function 'main':
../src/ALU.c:21:6: warning: unused variable 'rtests_per_op' [-Wunused-variable]
  int rtests_per_op = 1000;
      ^~~~~~~~~~~~~
../src/ALU.c: In function 'ShiftTest':
../src/ALU.c:174:45: warning: format '%d' expects argument of type 'int', but argument 2 has type 'int32_t {aka long int}' [-Wformat=]
   printf("Failed Shift Left Logical case!\t%d not equal to %d\nshift=%d",out.R,(A<<shift),shift);
                                            ~^                            ~~~~~
                                            %ld
../src/ALU.c:174:61: warning: format '%d' expects argument of type 'int', but argument 3 has type 'int32_t {aka long int}' [-Wformat=]
   printf("Failed Shift Left Logical case!\t%d not equal to %d\nshift=%d",out.R,(A<<shift),shift);
                                                            ~^                  ~~~~~~~~~~
                                                            %ld
../src/ALU.c:176:46: warning: format '%d' expects argument of type 'int', but argument 2 has type 'int32_t {aka long int}' [-Wformat=]
   printf("Failed Shift Right Logical case!\t%d not equal to %d\nshift=%d",out.R,((uint32_t)(A)>>shift));
                                             ~^                            ~~~~~
                                             %ld
../src/ALU.c:176:62: warning: format '%d' expects argument of type 'int', but argument 3 has type 'long unsigned int' [-Wformat=]
   printf("Failed Shift Right Logical case!\t%d not equal to %d\nshift=%d",out.R,((uint32_t)(A)>>shift));
                                                             ~^                  ~~~~~~~~~~~~~~~~~~~~~~
                                                             %ld
../src/ALU.c:176:72: warning: format '%d' expects a matching 'int' argument [-Wformat=]
   printf("Failed Shift Right Logical case!\t%d not equal to %d\nshift=%d",out.R,((uint32_t)(A)>>shift));
                                                                       ~^
[...]
20:35:26 **** Auto Build of configuration Debug for project ALU ****
make pre-build main-build 
a9-linaro-pre-build-step
' '
'Building file: ../src/ALU.c'
'Invoking: ARM v7 gcc compiler'
arm-none-eabi-gcc -Wall -O0 -g3 -c -fmessage-length=0 -MT"src/ALU.o" -mcpu=cortex-a9 -mfpu=vfpv3 -mfloat-abi=hard -I../../ALU_bsp/ps7_cortexa9_0/include -MMD -MP -MF"src/ALU.d" -MT"src/ALU.o" -o "src/ALU.o" "../src/ALU.c"
'Finished building: ../src/ALU.c'
' '
'Building target: ALU.elf'
'Invoking: ARM v7 gcc linker'
arm-none-eabi-gcc -mcpu=cortex-a9 -mfpu=vfpv3 -mfloat-abi=hard -Wl,-build-id=none -specs=Xilinx.spec -Wl,-T -Wl,../src/lscript.ld -L../../ALU_bsp/ps7_cortexa9_0/lib -o "ALU.elf"  ./src/ALU.o   -Wl,--start-group,-lxil,-lgcc,-lc,--end-group
'Finished building target: ALU.elf'
' '
'Invoking: ARM v7 Print Size'
arm-none-eabi-size ALU.elf  |tee "ALU.elf.size"
   text	   data	    bss	    dec	    hex	filename
  35264	   2184	  22632	  60080	   eab0	ALU.elf
'Finished building: ALU.elf.size'
' '
20:35:34 **** Incremental Build of configuration Debug for project ALU ****
make pre-build main-build 
a9-linaro-pre-build-step
' '
make: Nothing to be done for 'main-build'.
20:36:42 **** Auto Build of configuration Debug for project ALU ****
make pre-build main-build 
a9-linaro-pre-build-step
' '
'Building file: ../src/ALU.c'
'Invoking: ARM v7 gcc compiler'
arm-none-eabi-gcc -Wall -O0 -g3 -c -fmessage-length=0 -MT"src/ALU.o" -mcpu=cortex-a9 -mfpu=vfpv3 -mfloat-abi=hard -I../../ALU_bsp/ps7_cortexa9_0/include -MMD -MP -MF"src/ALU.d" -MT"src/ALU.o" -o "src/ALU.o" "../src/ALU.c"
../src/ALU.c: In function 'CompTest':
../src/ALU.c:155:57: warning: format '%d' expects argument of type 'int', but argument 2 has type 'int32_t {aka long int}' [-Wformat=]
    printf("Failed Comparison SLTU case! A>B, R=1 ::: A=%d, B=%d, R=%d\n",A,B,out.R);
                                                        ~^
                                                        %ld
../src/ALU.c:155:63: warning: format '%d' expects argument of type 'int', but argument 3 has type 'int32_t {aka long int}' [-Wformat=]
    printf("Failed Comparison SLTU case! A>B, R=1 ::: A=%d, B=%d, R=%d\n",A,B,out.R);
                                                              ~^
                                                              %ld
../src/ALU.c:155:69: warning: format '%d' expects argument of type 'int', but argument 4 has type 'int32_t {aka long int}' [-Wformat=]
    printf("Failed Comparison SLTU case! A>B, R=1 ::: A=%d, B=%d, R=%d\n",A,B,out.R);
                                                                    ~^        ~~~~~
                                                                    %ld
'Finished building: ../src/ALU.c'
' '
'Building target: ALU.elf'
'Invoking: ARM v7 gcc linker'
arm-none-eabi-gcc -mcpu=cortex-a9 -mfpu=vfpv3 -mfloat-abi=hard -Wl,-build-id=none -specs=Xilinx.spec -Wl,-T -Wl,../src/lscript.ld -L../../ALU_bsp/ps7_cortexa9_0/lib -o "ALU.elf"  ./src/ALU.o   -Wl,--start-group,-lxil,-lgcc,-lc,--end-group
'Finished building target: ALU.elf'
' '
'Invoking: ARM v7 Print Size'
arm-none-eabi-size ALU.elf  |tee "ALU.elf.size"
   text	   data	    bss	    dec	    hex	filename
  73900	   2580	  23328	  99808	  185e0	ALU.elf
'Finished building: ALU.elf.size'
' '
20:36:57 **** Auto Build of configuration Debug for project ALU ****
make pre-build main-build 
a9-linaro-pre-build-step
' '
'Building file: ../src/ALU.c'
'Invoking: ARM v7 gcc compiler'
arm-none-eabi-gcc -Wall -O0 -g3 -c -fmessage-length=0 -MT"src/ALU.o" -mcpu=cortex-a9 -mfpu=vfpv3 -mfloat-abi=hard -I../../ALU_bsp/ps7_cortexa9_0/include -MMD -MP -MF"src/ALU.d" -MT"src/ALU.o" -o "src/ALU.o" "../src/ALU.c"
../src/ALU.c: In function 'CompTest':
../src/ALU.c:155:57: warning: format '%d' expects argument of type 'int', but argument 2 has type 'int32_t {aka long int}' [-Wformat=]
    printf("Failed Comparison SLTU case! A>B, R=1 ::: A=%d, B=%d, R=%d\n",A,B,out.R);
                                                        ~^
                                                        %ld
../src/ALU.c:155:63: warning: format '%d' expects argument of type 'int', but argument 3 has type 'int32_t {aka long int}' [-Wformat=]
    printf("Failed Comparison SLTU case! A>B, R=1 ::: A=%d, B=%d, R=%d\n",A,B,out.R);
                                                              ~^
                                                              %ld
../src/ALU.c:155:69: warning: format '%d' expects argument of type 'int', but argument 4 has type 'int32_t {aka long int}' [-Wformat=]
    printf("Failed Comparison SLTU case! A>B, R=1 ::: A=%d, B=%d, R=%d\n",A,B,out.R);
                                                                    ~^        ~~~~~
                                                                    %ld
../src/ALU.c:157:57: warning: format '%d' expects argument of type 'int', but argument 2 has type 'int32_t {aka long int}' [-Wformat=]
    printf("Failed Comparison SLTU case! A<B, R=0 ::: A=%d, B=%d, R=%d\n",A,B,out.R);
                                                        ~^
                                                        %ld
../src/ALU.c:157:63: warning: format '%d' expects argument of type 'int', but argument 3 has type 'int32_t {aka long int}' [-Wformat=]
    printf("Failed Comparison SLTU case! A<B, R=0 ::: A=%d, B=%d, R=%d\n",A,B,out.R);
                                                              ~^
                                                              %ld
../src/ALU.c:157:69: warning: format '%d' expects argument of type 'int', but argument 4 has type 'int32_t {aka long int}' [-Wformat=]
    printf("Failed Comparison SLTU case! A<B, R=0 ::: A=%d, B=%d, R=%d\n",A,B,out.R);
                                                                    ~^        ~~~~~
                                                                    %ld
'Finished building: ../src/ALU.c'
' '
'Building target: ALU.elf'
'Invoking: ARM v7 gcc linker'
arm-none-eabi-gcc -mcpu=cortex-a9 -mfpu=vfpv3 -mfloat-abi=hard -Wl,-build-id=none -specs=Xilinx.spec -Wl,-T -Wl,../src/lscript.ld -L../../ALU_bsp/ps7_cortexa9_0/lib -o "ALU.elf"  ./src/ALU.o   -Wl,--start-group,-lxil,-lgcc,-lc,--end-group
'Finished building target: ALU.elf'
' '
'Invoking: ARM v7 Print Size'
arm-none-eabi-size ALU.elf  |tee "ALU.elf.size"
   text	   data	    bss	    dec	    hex	filename
  73988	   2580	  23328	  99896	  18638	ALU.elf
'Finished building: ALU.elf.size'
' '
20:37:02 **** Incremental Build of configuration Debug for project ALU ****
make pre-build main-build 
a9-linaro-pre-build-step
' '
make: Nothing to be done for 'main-build'.
20:37:53 **** Auto Build of configuration Debug for project ALU ****
make pre-build main-build 
a9-linaro-pre-build-step
' '
'Building file: ../src/ALU.c'
'Invoking: ARM v7 gcc compiler'
arm-none-eabi-gcc -Wall -O0 -g3 -c -fmessage-length=0 -MT"src/ALU.o" -mcpu=cortex-a9 -mfpu=vfpv3 -mfloat-abi=hard -I../../ALU_bsp/ps7_cortexa9_0/include -MMD -MP -MF"src/ALU.d" -MT"src/ALU.o" -o "src/ALU.o" "../src/ALU.c"
../src/ALU.c: In function 'CompTest':
../src/ALU.c:155:57: warning: format '%d' expects argument of type 'int', but argument 2 has type 'int32_t {aka long int}' [-Wformat=]
    printf("Failed Comparison SLTU case! A>B, R=1 ::: A=%d, B=%d, R=%d\n",A,B,out.R);
                                                        ~^
                                                        %ld
../src/ALU.c:155:63: warning: format '%d' expects argument of type 'int', but argument 3 has type 'int32_t {aka long int}' [-Wformat=]
    printf("Failed Comparison SLTU case! A>B, R=1 ::: A=%d, B=%d, R=%d\n",A,B,out.R);
                                                              ~^
                                                              %ld
../src/ALU.c:155:69: warning: format '%d' expects argument of type 'int', but argument 4 has type 'int32_t {aka long int}' [-Wformat=]
    printf("Failed Comparison SLTU case! A>B, R=1 ::: A=%d, B=%d, R=%d\n",A,B,out.R);
                                                                    ~^        ~~~~~
                                                                    %ld
../src/ALU.c:157:57: warning: format '%d' expects argument of type 'int', but argument 2 has type 'int32_t {aka long int}' [-Wformat=]
    printf("Failed Comparison SLTU case! A<B, R=0 ::: A=%d, B=%d, R=%d\n",A,B,out.R);
                                                        ~^
                                                        %ld
../src/ALU.c:157:63: warning: format '%d' expects argument of type 'int', but argument 3 has type 'int32_t {aka long int}' [-Wformat=]
    printf("Failed Comparison SLTU case! A<B, R=0 ::: A=%d, B=%d, R=%d\n",A,B,out.R);
                                                              ~^
                                                              %ld
../src/ALU.c:157:69: warning: format '%d' expects argument of type 'int', but argument 4 has type 'int32_t {aka long int}' [-Wformat=]
    printf("Failed Comparison SLTU case! A<B, R=0 ::: A=%d, B=%d, R=%d\n",A,B,out.R);
                                                                    ~^        ~~~~~
                                                                    %ld
../src/ALU.c:153:12: warning: unused variable 'b' [-Wunused-variable]
   uint32_t b = B;
            ^
../src/ALU.c:152:12: warning: unused variable 'a' [-Wunused-variable]
   uint32_t a = A;
            ^
'Finished building: ../src/ALU.c'
' '
'Building target: ALU.elf'
'Invoking: ARM v7 gcc linker'
arm-none-eabi-gcc -mcpu=cortex-a9 -mfpu=vfpv3 -mfloat-abi=hard -Wl,-build-id=none -specs=Xilinx.spec -Wl,-T -Wl,../src/lscript.ld -L../../ALU_bsp/ps7_cortexa9_0/lib -o "ALU.elf"  ./src/ALU.o   -Wl,--start-group,-lxil,-lgcc,-lc,--end-group
'Finished building target: ALU.elf'
' '
'Invoking: ARM v7 Print Size'
arm-none-eabi-size ALU.elf  |tee "ALU.elf.size"
   text	   data	    bss	    dec	    hex	filename
  73988	   2580	  23328	  99896	  18638	ALU.elf
'Finished building: ALU.elf.size'
' '
20:38:09 **** Auto Build of configuration Debug for project ALU ****
make pre-build main-build 
a9-linaro-pre-build-step
' '
'Building file: ../src/ALU.c'
'Invoking: ARM v7 gcc compiler'
arm-none-eabi-gcc -Wall -O0 -g3 -c -fmessage-length=0 -MT"src/ALU.o" -mcpu=cortex-a9 -mfpu=vfpv3 -mfloat-abi=hard -I../../ALU_bsp/ps7_cortexa9_0/include -MMD -MP -MF"src/ALU.d" -MT"src/ALU.o" -o "src/ALU.o" "../src/ALU.c"
../src/ALU.c: In function 'CompTest':
../src/ALU.c:155:57: warning: format '%d' expects argument of type 'int', but argument 2 has type 'uint32_t {aka long unsigned int}' [-Wformat=]
    printf("Failed Comparison SLTU case! A>B, R=1 ::: A=%d, B=%d, R=%d\n",a,b,out.R);
                                                        ~^
                                                        %ld
../src/ALU.c:155:63: warning: format '%d' expects argument of type 'int', but argument 3 has type 'uint32_t {aka long unsigned int}' [-Wformat=]
    printf("Failed Comparison SLTU case! A>B, R=1 ::: A=%d, B=%d, R=%d\n",a,b,out.R);
                                                              ~^
                                                              %ld
../src/ALU.c:155:69: warning: format '%d' expects argument of type 'int', but argument 4 has type 'int32_t {aka long int}' [-Wformat=]
    printf("Failed Comparison SLTU case! A>B, R=1 ::: A=%d, B=%d, R=%d\n",a,b,out.R);
                                                                    ~^        ~~~~~
                                                                    %ld
../src/ALU.c:157:57: warning: format '%d' expects argument of type 'int', but argument 2 has type 'uint32_t {aka long unsigned int}' [-Wformat=]
    printf("Failed Comparison SLTU case! A<B, R=0 ::: A=%d, B=%d, R=%d\n",a,b,out.R);
                                                        ~^
                                                        %ld
../src/ALU.c:157:63: warning: format '%d' expects argument of type 'int', but argument 3 has type 'uint32_t {aka long unsigned int}' [-Wformat=]
    printf("Failed Comparison SLTU case! A<B, R=0 ::: A=%d, B=%d, R=%d\n",a,b,out.R);
                                                              ~^
                                                              %ld
../src/ALU.c:157:69: warning: format '%d' expects argument of type 'int', but argument 4 has type 'int32_t {aka long int}' [-Wformat=]
    printf("Failed Comparison SLTU case! A<B, R=0 ::: A=%d, B=%d, R=%d\n",a,b,out.R);
                                                                    ~^        ~~~~~
                                                                    %ld
'Finished building: ../src/ALU.c'
' '
'Building target: ALU.elf'
'Invoking: ARM v7 gcc linker'
arm-none-eabi-gcc -mcpu=cortex-a9 -mfpu=vfpv3 -mfloat-abi=hard -Wl,-build-id=none -specs=Xilinx.spec -Wl,-T -Wl,../src/lscript.ld -L../../ALU_bsp/ps7_cortexa9_0/lib -o "ALU.elf"  ./src/ALU.o   -Wl,--start-group,-lxil,-lgcc,-lc,--end-group
'Finished building target: ALU.elf'
' '
'Invoking: ARM v7 Print Size'
arm-none-eabi-size ALU.elf  |tee "ALU.elf.size"
   text	   data	    bss	    dec	    hex	filename
  73988	   2580	  23328	  99896	  18638	ALU.elf
'Finished building: ALU.elf.size'
' '
20:38:16 **** Incremental Build of configuration Debug for project ALU ****
make pre-build main-build 
a9-linaro-pre-build-step
' '
make: Nothing to be done for 'main-build'.
20:40:22 **** Auto Build of configuration Debug for project ALU ****
make pre-build main-build 
a9-linaro-pre-build-step
' '
'Building file: ../src/ALU.c'
'Invoking: ARM v7 gcc compiler'
arm-none-eabi-gcc -Wall -O0 -g3 -c -fmessage-length=0 -MT"src/ALU.o" -mcpu=cortex-a9 -mfpu=vfpv3 -mfloat-abi=hard -I../../ALU_bsp/ps7_cortexa9_0/include -MMD -MP -MF"src/ALU.d" -MT"src/ALU.o" -o "src/ALU.o" "../src/ALU.c"
../src/ALU.c: In function 'CompTest':
../src/ALU.c:155:57: warning: format '%d' expects argument of type 'int', but argument 2 has type 'uint32_t {aka long unsigned int}' [-Wformat=]
    printf("Failed Comparison SLTU case! A>B, R=1 ::: A=%d, B=%d, R=%d\n",a,b,out.R);
                                                        ~^
                                                        %ld
../src/ALU.c:155:63: warning: format '%d' expects argument of type 'int', but argument 3 has type 'uint32_t {aka long unsigned int}' [-Wformat=]
    printf("Failed Comparison SLTU case! A>B, R=1 ::: A=%d, B=%d, R=%d\n",a,b,out.R);
                                                              ~^
                                                              %ld
../src/ALU.c:155:69: warning: format '%d' expects argument of type 'int', but argument 4 has type 'int32_t {aka long int}' [-Wformat=]
    printf("Failed Comparison SLTU case! A>B, R=1 ::: A=%d, B=%d, R=%d\n",a,b,out.R);
                                                                    ~^        ~~~~~
                                                                    %ld
../src/ALU.c:157:57: warning: format '%d' expects argument of type 'int', but argument 2 has type 'uint32_t {aka long unsigned int}' [-Wformat=]
    printf("Failed Comparison SLTU case! A<B, R=0 ::: A=%d, B=%d, R=%d\n",a,b,out.R);
                                                        ~^
                                                        %ld
../src/ALU.c:157:63: warning: format '%d' expects argument of type 'int', but argument 3 has type 'uint32_t {aka long unsigned int}' [-Wformat=]
    printf("Failed Comparison SLTU case! A<B, R=0 ::: A=%d, B=%d, R=%d\n",a,b,out.R);
                                                              ~^
                                                              %ld
../src/ALU.c:157:69: warning: format '%d' expects argument of type 'int', but argument 4 has type 'int32_t {aka long int}' [-Wformat=]
    printf("Failed Comparison SLTU case! A<B, R=0 ::: A=%d, B=%d, R=%d\n",a,b,out.R);
                                                                    ~^        ~~~~~
                                                                    %ld
'Finished building: ../src/ALU.c'
' '
'Building target: ALU.elf'
'Invoking: ARM v7 gcc linker'
arm-none-eabi-gcc -mcpu=cortex-a9 -mfpu=vfpv3 -mfloat-abi=hard -Wl,-build-id=none -specs=Xilinx.spec -Wl,-T -Wl,../src/lscript.ld -L../../ALU_bsp/ps7_cortexa9_0/lib -o "ALU.elf"  ./src/ALU.o   -Wl,--start-group,-lxil,-lgcc,-lc,--end-group
'Finished building target: ALU.elf'
' '
'Invoking: ARM v7 Print Size'
arm-none-eabi-size ALU.elf  |tee "ALU.elf.size"
   text	   data	    bss	    dec	    hex	filename
  73988	   2580	  23328	  99896	  18638	ALU.elf
'Finished building: ALU.elf.size'
' '
20:40:28 **** Incremental Build of configuration Debug for project ALU ****
make pre-build main-build 
a9-linaro-pre-build-step
' '
make: Nothing to be done for 'main-build'.
20:42:59 **** Incremental Build of configuration Debug for project ALU ****
make pre-build main-build 
a9-linaro-pre-build-step
' '
'Building file: ../src/ALU.c'
'Invoking: ARM v7 gcc compiler'
arm-none-eabi-gcc -Wall -O0 -g3 -c -fmessage-length=0 -MT"src/ALU.o" -mcpu=cortex-a9 -mfpu=vfpv3 -mfloat-abi=hard -I../../ALU_bsp/ps7_cortexa9_0/include -MMD -MP -MF"src/ALU.d" -MT"src/ALU.o" -o "src/ALU.o" "../src/ALU.c"
../src/ALU.c: In function 'CompTest':
../src/ALU.c:155:57: warning: format '%d' expects argument of type 'int', but argument 2 has type 'uint32_t {aka long unsigned int}' [-Wformat=]
    printf("Failed Comparison SLTU case! A>B, R=1 ::: A=%d, B=%d, R=%d\n",a,b,out.R);
                                                        ~^
                                                        %ld
../src/ALU.c:155:63: warning: format '%d' expects argument of type 'int', but argument 3 has type 'uint32_t {aka long unsigned int}' [-Wformat=]
    printf("Failed Comparison SLTU case! A>B, R=1 ::: A=%d, B=%d, R=%d\n",a,b,out.R);
                                                              ~^
                                                              %ld
../src/ALU.c:155:69: warning: format '%d' expects argument of type 'int', but argument 4 has type 'int32_t {aka long int}' [-Wformat=]
    printf("Failed Comparison SLTU case! A>B, R=1 ::: A=%d, B=%d, R=%d\n",a,b,out.R);
                                                                    ~^        ~~~~~
                                                                    %ld
../src/ALU.c:157:57: warning: format '%d' expects argument of type 'int', but argument 2 has type 'uint32_t {aka long unsigned int}' [-Wformat=]
    printf("Failed Comparison SLTU case! A<B, R=0 ::: A=%d, B=%d, R=%d\n",a,b,out.R);
                                                        ~^
                                                        %ld
../src/ALU.c:157:63: warning: format '%d' expects argument of type 'int', but argument 3 has type 'uint32_t {aka long unsigned int}' [-Wformat=]
    printf("Failed Comparison SLTU case! A<B, R=0 ::: A=%d, B=%d, R=%d\n",a,b,out.R);
                                                              ~^
                                                              %ld
../src/ALU.c:157:69: warning: format '%d' expects argument of type 'int', but argument 4 has type 'int32_t {aka long int}' [-Wformat=]
    printf("Failed Comparison SLTU case! A<B, R=0 ::: A=%d, B=%d, R=%d\n",a,b,out.R);
                                                                    ~^        ~~~~~
                                                                    %ld
'Finished building: ../src/ALU.c'
' '
'Building target: ALU.elf'
'Invoking: ARM v7 gcc linker'
arm-none-eabi-gcc -mcpu=cortex-a9 -mfpu=vfpv3 -mfloat-abi=hard -Wl,-build-id=none -specs=Xilinx.spec -Wl,-T -Wl,../src/lscript.ld -L../../ALU_bsp/ps7_cortexa9_0/lib -o "ALU.elf"  ./src/ALU.o   -Wl,--start-group,-lxil,-lgcc,-lc,--end-group
'Finished building target: ALU.elf'
' '
'Invoking: ARM v7 Print Size'
arm-none-eabi-size ALU.elf  |tee "ALU.elf.size"
   text	   data	    bss	    dec	    hex	filename
  73988	   2580	  23328	  99896	  18638	ALU.elf
'Finished building: ALU.elf.size'
' '
