15:31:27 **** Build of configuration Debug for project CPU_tb ****
make pre-build main-build 
a9-linaro-pre-build-step
' '
'Building file: ../src/main_tb.c'
'Invoking: ARM v7 gcc compiler'
arm-none-eabi-gcc -Wall -O0 -g3 -c -fmessage-length=0 -MT"src/main_tb.o" -mcpu=cortex-a9 -mfpu=vfpv3 -mfloat-abi=hard -I../../CPU_tb_bsp/ps7_cortexa9_0/include -MMD -MP -MF"src/main_tb.d" -MT"src/main_tb.o" -o "src/main_tb.o" "../src/main_tb.c"
In file included from ../src/main_tb.c:3:0:
../../CPU_tb_bsp/ps7_cortexa9_0/include/xtime_l.h:87:9: note: #pragma message: For the sleep routines, Global timer is being used
 #pragma message ("For the sleep routines, Global timer is being used")
         ^~~~~~~
'Finished building: ../src/main_tb.c'
' '
'Building target: CPU_tb.elf'
'Invoking: ARM v7 gcc linker'
arm-none-eabi-gcc -mcpu=cortex-a9 -mfpu=vfpv3 -mfloat-abi=hard -Wl,-build-id=none -specs=Xilinx.spec -Wl,-T -Wl,../src/lscript.ld -L../../CPU_tb_bsp/ps7_cortexa9_0/lib -o "CPU_tb.elf"  ./src/main_tb.o   -Wl,--start-group,-lxil,-lgcc,-lc,--end-group
'Finished building target: CPU_tb.elf'
' '
'Invoking: ARM v7 Print Size'
arm-none-eabi-size CPU_tb.elf  |tee "CPU_tb.elf.size"
   text	   data	    bss	    dec	    hex	filename
  71220	   2644	  23328	  97192	  17ba8	CPU_tb.elf
'Finished building: CPU_tb.elf.size'
' '

15:31:28 Build Finished (took 638ms)

