#-----------------------------------------------------------
# Vivado v2018.3 (64-bit)
# SW Build 2405991 on Thu Dec  6 23:38:27 MST 2018
# IP Build 2404404 on Fri Dec  7 01:43:56 MST 2018
# Start of session at: Mon Feb  6 11:44:49 2023
# Process ID: 39872
# Current directory: C:/Users/pacel/Desktop/Work/Pitt/semesters/Spring_2023/ECE_1195/Lab_2
# Command line: vivado.exe -gui_launcher_event rodinguilauncherevent33332 C:\Users\pacel\Desktop\Work\Pitt\semesters\Spring_2023\ECE_1195\Lab_2\Lab_2.xpr
# Log file: C:/Users/pacel/Desktop/Work/Pitt/semesters/Spring_2023/ECE_1195/Lab_2/vivado.log
# Journal file: C:/Users/pacel/Desktop/Work/Pitt/semesters/Spring_2023/ECE_1195/Lab_2\vivado.jou
#-----------------------------------------------------------
start_gui
open_project C:/Users/pacel/Desktop/Work/Pitt/semesters/Spring_2023/ECE_1195/Lab_2/Lab_2.xpr
update_compile_order -fileset sources_1
ipx::edit_ip_in_project -upgrade true -name ALU_v1_0_project -directory C:/Users/pacel/Desktop/Work/Pitt/semesters/Spring_2023/ECE_1195/Lab_2/Lab_2.tmp/ALU_v1_0_project c:/Users/pacel/Desktop/Work/Pitt/semesters/Spring_2023/ECE_1195/Lab_2/Lab_2_repo/ALU/component.xml
