#-----------------------------------------------------------
# Vivado v2018.3 (64-bit)
# SW Build 2405991 on Thu Dec  6 23:38:27 MST 2018
# IP Build 2404404 on Fri Dec  7 01:43:56 MST 2018
# Start of session at: Tue Jan 24 17:03:37 2023
# Process ID: 2936
# Current directory: C:/Users/pacel/Desktop/Work/Pitt/semesters/Spring_2023/ECE_1195/Lab_1
# Command line: vivado.exe -gui_launcher_event rodinguilauncherevent16832 C:\Users\pacel\Desktop\Work\Pitt\semesters\Spring_2023\ECE_1195\Lab_1\Lab_1.xpr
# Log file: C:/Users/pacel/Desktop/Work/Pitt/semesters/Spring_2023/ECE_1195/Lab_1/vivado.log
# Journal file: C:/Users/pacel/Desktop/Work/Pitt/semesters/Spring_2023/ECE_1195/Lab_1\vivado.jou
#-----------------------------------------------------------
start_gui
open_project C:/Users/pacel/Desktop/Work/Pitt/semesters/Spring_2023/ECE_1195/Lab_1/Lab_1.xpr
update_compile_order -fileset sources_1
open_bd_design {C:/Users/pacel/Desktop/Work/Pitt/semesters/Spring_2023/ECE_1195/Lab_1/Lab_1.srcs/sources_1/bd/Lab_1/Lab_1.bd}
report_ip_status -name ip_status 
upgrade_ip -vlnv xilinx.com:user:adder:1.0 [get_ips  Lab_1_adder_0_1] -log ip_upgrade.log
export_ip_user_files -of_objects [get_ips Lab_1_adder_0_1] -no_script -sync -force -quiet
report_ip_status -name ip_status 
reset_run synth_1
launch_runs impl_1 -to_step write_bitstream -jobs 4
wait_on_run impl_1
report_ip_status -name ip_status 
open_run impl_1
close_design
startgroup
set_property -dict [list CONFIG.WIDTH {32}] [get_bd_cells adder_0]
endgroup
startgroup
set_property -dict [list CONFIG.WIDTH0 {32} CONFIG.WIDTH1 {32}] [get_bd_cells axi_regmap_0]
endgroup
startgroup
set_property -dict [list CONFIG.C_PROBE2_WIDTH {32} CONFIG.C_PROBE1_WIDTH {32} CONFIG.C_PROBE0_WIDTH {32}] [get_bd_cells ila_0]
endgroup
validate_bd_design
save_bd_design
reset_run synth_1
reset_run Lab_1_axi_regmap_0_1_synth_1
reset_run Lab_1_adder_0_1_synth_1
launch_runs impl_1 -to_step write_bitstream -jobs 4
wait_on_run impl_1
open_run impl_1
launch_sdk -workspace C:/Users/pacel/Desktop/Work/Pitt/semesters/Spring_2023/ECE_1195/Lab_1/Lab_1.sdk -hwspec C:/Users/pacel/Desktop/Work/Pitt/semesters/Spring_2023/ECE_1195/Lab_1/Lab_1.sdk/Lab_1_wrapper.hdf
launch_sdk -workspace C:/Users/pacel/Desktop/Work/Pitt/semesters/Spring_2023/ECE_1195/Lab_1/Lab_1.sdk -hwspec C:/Users/pacel/Desktop/Work/Pitt/semesters/Spring_2023/ECE_1195/Lab_1/Lab_1.sdk/Lab_1_wrapper.hdf
open_hw
connect_hw_server
open_hw_target
set_property PROGRAM.FILE {C:/Users/pacel/Desktop/Work/Pitt/semesters/Spring_2023/ECE_1195/Lab_1/Lab_1.runs/impl_1/Lab_1_wrapper.bit} [get_hw_devices xc7z020_1]
set_property PROBES.FILE {C:/Users/pacel/Desktop/Work/Pitt/semesters/Spring_2023/ECE_1195/Lab_1/Lab_1.runs/impl_1/Lab_1_wrapper.ltx} [get_hw_devices xc7z020_1]
set_property FULL_PROBES.FILE {C:/Users/pacel/Desktop/Work/Pitt/semesters/Spring_2023/ECE_1195/Lab_1/Lab_1.runs/impl_1/Lab_1_wrapper.ltx} [get_hw_devices xc7z020_1]
current_hw_device [get_hw_devices xc7z020_1]
refresh_hw_device [lindex [get_hw_devices xc7z020_1] 0]
open_bd_design {C:/Users/pacel/Desktop/Work/Pitt/semesters/Spring_2023/ECE_1195/Lab_1/Lab_1.srcs/sources_1/bd/Lab_1/Lab_1.bd}
